12:39:59 **** Build of project BandwidthAssessment_bsp ****
make -k all 
Running Make include in ps7_cortexa9_0/libsrc/ddrps_v1_0/src
make -C ps7_cortexa9_0/libsrc/ddrps_v1_0/src -s include  "SHELL=/bin/sh" "COMPILER=arm-none-eabi-gcc" "ARCHIVER=arm-none-eabi-ar" "COMPILER_FLAGS=  -O2 -c" "EXTRA_COMPILER_FLAGS=-mcpu=cortex-a9 -mfpu=vfpv3 -mfloat-abi=hard -nostartfiles -g -Wall -Wextra"
Running Make include in ps7_cortexa9_0/libsrc/standalone_v6_8/src
make -C ps7_cortexa9_0/libsrc/standalone_v6_8/src -s include  "SHELL=/bin/sh" "COMPILER=arm-none-eabi-gcc" "ARCHIVER=arm-none-eabi-ar" "COMPILER_FLAGS=  -O2 -c" "EXTRA_COMPILER_FLAGS=-mcpu=cortex-a9 -mfpu=vfpv3 -mfloat-abi=hard -nostartfiles -g -Wall -Wextra"
Running Make include in ps7_cortexa9_0/libsrc/dmaps_v2_4/src
make -C ps7_cortexa9_0/libsrc/dmaps_v2_4/src -s include  "SHELL=/bin/sh" "COMPILER=arm-none-eabi-gcc" "ARCHIVER=arm-none-eabi-ar" "COMPILER_FLAGS=  -O2 -c" "EXTRA_COMPILER_FLAGS=-mcpu=cortex-a9 -mfpu=vfpv3 -mfloat-abi=hard -nostartfiles -g -Wall -Wextra"
Running Make include in ps7_cortexa9_0/libsrc/cpu_cortexa9_v2_7/src
make -C ps7_cortexa9_0/libsrc/cpu_cortexa9_v2_7/src -s include  "SHELL=/bin/sh" "COMPILER=arm-none-eabi-gcc" "ARCHIVER=arm-none-eabi-ar" "COMPILER_FLAGS=  -O2 -c" "EXTRA_COMPILER_FLAGS=-mcpu=cortex-a9 -mfpu=vfpv3 -mfloat-abi=hard -nostartfiles -g -Wall -Wextra"
Running Make include in ps7_cortexa9_0/libsrc/axidma_v9_8/src
make -C ps7_cortexa9_0/libsrc/axidma_v9_8/src -s include  "SHELL=/bin/sh" "COMPILER=arm-none-eabi-gcc" "ARCHIVER=arm-none-eabi-ar" "COMPILER_FLAGS=  -O2 -c" "EXTRA_COMPILER_FLAGS=-mcpu=cortex-a9 -mfpu=vfpv3 -mfloat-abi=hard -nostartfiles -g -Wall -Wextra"
Running Make include in ps7_cortexa9_0/libsrc/scugic_v3_10/src
make -C ps7_cortexa9_0/libsrc/scugic_v3_10/src -s include  "SHELL=/bin/sh" "COMPILER=arm-none-eabi-gcc" "ARCHIVER=arm-none-eabi-ar" "COMPILER_FLAGS=  -O2 -c" "EXTRA_COMPILER_FLAGS=-mcpu=cortex-a9 -mfpu=vfpv3 -mfloat-abi=hard -nostartfiles -g -Wall -Wextra"
Running Make include in ps7_cortexa9_0/libsrc/xadcps_v2_3/src
make -C ps7_cortexa9_0/libsrc/xadcps_v2_3/src -s include  "SHELL=/bin/sh" "COMPILER=arm-none-eabi-gcc" "ARCHIVER=arm-none-eabi-ar" "COMPILER_FLAGS=  -O2 -c" "EXTRA_COMPILER_FLAGS=-mcpu=cortex-a9 -mfpu=vfpv3 -mfloat-abi=hard -nostartfiles -g -Wall -Wextra"
Running Make include in ps7_cortexa9_0/libsrc/devcfg_v3_5/src
make -C ps7_cortexa9_0/libsrc/devcfg_v3_5/src -s include  "SHELL=/bin/sh" "COMPILER=arm-none-eabi-gcc" "ARCHIVER=arm-none-eabi-ar" "COMPILER_FLAGS=  -O2 -c" "EXTRA_COMPILER_FLAGS=-mcpu=cortex-a9 -mfpu=vfpv3 -mfloat-abi=hard -nostartfiles -g -Wall -Wextra"
Running Make include in ps7_cortexa9_0/libsrc/scuwdt_v2_1/src
make -C ps7_cortexa9_0/libsrc/scuwdt_v2_1/src -s include  "SHELL=/bin/sh" "COMPILER=arm-none-eabi-gcc" "ARCHIVER=arm-none-eabi-ar" "COMPILER_FLAGS=  -O2 -c" "EXTRA_COMPILER_FLAGS=-mcpu=cortex-a9 -mfpu=vfpv3 -mfloat-abi=hard -nostartfiles -g -Wall -Wextra"
Running Make include in ps7_cortexa9_0/libsrc/uartps_v3_7/src
make -C ps7_cortexa9_0/libsrc/uartps_v3_7/src -s include  "SHELL=/bin/sh" "COMPILER=arm-none-eabi-gcc" "ARCHIVER=arm-none-eabi-ar" "COMPILER_FLAGS=  -O2 -c" "EXTRA_COMPILER_FLAGS=-mcpu=cortex-a9 -mfpu=vfpv3 -mfloat-abi=hard -nostartfiles -g -Wall -Wextra"
Running Make include in ps7_cortexa9_0/libsrc/coresightps_dcc_v1_4/src
make -C ps7_cortexa9_0/libsrc/coresightps_dcc_v1_4/src -s include  "SHELL=/bin/sh" "COMPILER=arm-none-eabi-gcc" "ARCHIVER=arm-none-eabi-ar" "COMPILER_FLAGS=  -O2 -c" "EXTRA_COMPILER_FLAGS=-mcpu=cortex-a9 -mfpu=vfpv3 -mfloat-abi=hard -nostartfiles -g -Wall -Wextra"
Running Make include in ps7_cortexa9_0/libsrc/scutimer_v2_1/src
make -C ps7_cortexa9_0/libsrc/scutimer_v2_1/src -s include  "SHELL=/bin/sh" "COMPILER=arm-none-eabi-gcc" "ARCHIVER=arm-none-eabi-ar" "COMPILER_FLAGS=  -O2 -c" "EXTRA_COMPILER_FLAGS=-mcpu=cortex-a9 -mfpu=vfpv3 -mfloat-abi=hard -nostartfiles -g -Wall -Wextra"
Running Make libs in ps7_cortexa9_0/libsrc/ddrps_v1_0/src
make -C ps7_cortexa9_0/libsrc/ddrps_v1_0/src -s libs  "SHELL=/bin/sh" "COMPILER=arm-none-eabi-gcc" "ARCHIVER=arm-none-eabi-ar" "COMPILER_FLAGS=  -O2 -c" "EXTRA_COMPILER_FLAGS=-mcpu=cortex-a9 -mfpu=vfpv3 -mfloat-abi=hard -nostartfiles -g -Wall -Wextra"
Compiling ddrps
arm-none-eabi-ar: creating ../../../lib/libxil.a
Running Make libs in ps7_cortexa9_0/libsrc/standalone_v6_8/src
make -C ps7_cortexa9_0/libsrc/standalone_v6_8/src -s libs  "SHELL=/bin/sh" "COMPILER=arm-none-eabi-gcc" "ARCHIVER=arm-none-eabi-ar" "COMPILER_FLAGS=  -O2 -c" "EXTRA_COMPILER_FLAGS=-mcpu=cortex-a9 -mfpu=vfpv3 -mfloat-abi=hard -nostartfiles -g -Wall -Wextra"
Compiling standalone
In file included from sleep.c:53:0:
xtime_l.h:87:9: note: #pragma message: For the sleep routines, Global timer is being used
 #pragma message ("For the sleep routines, Global timer is being used")
         ^~~~~~~
In file included from xtime_l.c:49:0:
xtime_l.h:87:9: note: #pragma message: For the sleep routines, Global timer is being used
 #pragma message ("For the sleep routines, Global timer is being used")
         ^~~~~~~
In file included from xil_sleeptimer.c:51:0:
xtime_l.h:87:9: note: #pragma message: For the sleep routines, Global timer is being used
 #pragma message ("For the sleep routines, Global timer is being used")
         ^~~~~~~
In file included from usleep.c:56:0:
xtime_l.h:87:9: note: #pragma message: For the sleep routines, Global timer is being used
 #pragma message ("For the sleep routines, Global timer is being used")
         ^~~~~~~
Running Make libs in ps7_cortexa9_0/libsrc/dmaps_v2_4/src
make -C ps7_cortexa9_0/libsrc/dmaps_v2_4/src -s libs  "SHELL=/bin/sh" "COMPILER=arm-none-eabi-gcc" "ARCHIVER=arm-none-eabi-ar" "COMPILER_FLAGS=  -O2 -c" "EXTRA_COMPILER_FLAGS=-mcpu=cortex-a9 -mfpu=vfpv3 -mfloat-abi=hard -nostartfiles -g -Wall -Wextra"
Compiling dmaps
Running Make libs in ps7_cortexa9_0/libsrc/cpu_cortexa9_v2_7/src
make -C ps7_cortexa9_0/libsrc/cpu_cortexa9_v2_7/src -s libs  "SHELL=/bin/sh" "COMPILER=arm-none-eabi-gcc" "ARCHIVER=arm-none-eabi-ar" "COMPILER_FLAGS=  -O2 -c" "EXTRA_COMPILER_FLAGS=-mcpu=cortex-a9 -mfpu=vfpv3 -mfloat-abi=hard -nostartfiles -g -Wall -Wextra"
Compiling cpu_cortexa9
Running Make libs in ps7_cortexa9_0/libsrc/axidma_v9_8/src
make -C ps7_cortexa9_0/libsrc/axidma_v9_8/src -s libs  "SHELL=/bin/sh" "COMPILER=arm-none-eabi-gcc" "ARCHIVER=arm-none-eabi-ar" "COMPILER_FLAGS=  -O2 -c" "EXTRA_COMPILER_FLAGS=-mcpu=cortex-a9 -mfpu=vfpv3 -mfloat-abi=hard -nostartfiles -g -Wall -Wextra"
Compiling axidma
Running Make libs in ps7_cortexa9_0/libsrc/scugic_v3_10/src
make -C ps7_cortexa9_0/libsrc/scugic_v3_10/src -s libs  "SHELL=/bin/sh" "COMPILER=arm-none-eabi-gcc" "ARCHIVER=arm-none-eabi-ar" "COMPILER_FLAGS=  -O2 -c" "EXTRA_COMPILER_FLAGS=-mcpu=cortex-a9 -mfpu=vfpv3 -mfloat-abi=hard -nostartfiles -g -Wall -Wextra"
Compiling scugic
Running Make libs in ps7_cortexa9_0/libsrc/xadcps_v2_3/src
make -C ps7_cortexa9_0/libsrc/xadcps_v2_3/src -s libs  "SHELL=/bin/sh" "COMPILER=arm-none-eabi-gcc" "ARCHIVER=arm-none-eabi-ar" "COMPILER_FLAGS=  -O2 -c" "EXTRA_COMPILER_FLAGS=-mcpu=cortex-a9 -mfpu=vfpv3 -mfloat-abi=hard -nostartfiles -g -Wall -Wextra"
Compiling xadcps
Running Make libs in ps7_cortexa9_0/libsrc/devcfg_v3_5/src
make -C ps7_cortexa9_0/libsrc/devcfg_v3_5/src -s libs  "SHELL=/bin/sh" "COMPILER=arm-none-eabi-gcc" "ARCHIVER=arm-none-eabi-ar" "COMPILER_FLAGS=  -O2 -c" "EXTRA_COMPILER_FLAGS=-mcpu=cortex-a9 -mfpu=vfpv3 -mfloat-abi=hard -nostartfiles -g -Wall -Wextra"
Compiling devcfg
Running Make libs in ps7_cortexa9_0/libsrc/scuwdt_v2_1/src
make -C ps7_cortexa9_0/libsrc/scuwdt_v2_1/src -s libs  "SHELL=/bin/sh" "COMPILER=arm-none-eabi-gcc" "ARCHIVER=arm-none-eabi-ar" "COMPILER_FLAGS=  -O2 -c" "EXTRA_COMPILER_FLAGS=-mcpu=cortex-a9 -mfpu=vfpv3 -mfloat-abi=hard -nostartfiles -g -Wall -Wextra"
Compiling scuwdt
Running Make libs in ps7_cortexa9_0/libsrc/uartps_v3_7/src
make -C ps7_cortexa9_0/libsrc/uartps_v3_7/src -s libs  "SHELL=/bin/sh" "COMPILER=arm-none-eabi-gcc" "ARCHIVER=arm-none-eabi-ar" "COMPILER_FLAGS=  -O2 -c" "EXTRA_COMPILER_FLAGS=-mcpu=cortex-a9 -mfpu=vfpv3 -mfloat-abi=hard -nostartfiles -g -Wall -Wextra"
Compiling uartps
Running Make libs in ps7_cortexa9_0/libsrc/coresightps_dcc_v1_4/src
make -C ps7_cortexa9_0/libsrc/coresightps_dcc_v1_4/src -s libs  "SHELL=/bin/sh" "COMPILER=arm-none-eabi-gcc" "ARCHIVER=arm-none-eabi-ar" "COMPILER_FLAGS=  -O2 -c" "EXTRA_COMPILER_FLAGS=-mcpu=cortex-a9 -mfpu=vfpv3 -mfloat-abi=hard -nostartfiles -g -Wall -Wextra"
Compiling coresightps_dcc
Running Make libs in ps7_cortexa9_0/libsrc/scutimer_v2_1/src
make -C ps7_cortexa9_0/libsrc/scutimer_v2_1/src -s libs  "SHELL=/bin/sh" "COMPILER=arm-none-eabi-gcc" "ARCHIVER=arm-none-eabi-ar" "COMPILER_FLAGS=  -O2 -c" "EXTRA_COMPILER_FLAGS=-mcpu=cortex-a9 -mfpu=vfpv3 -mfloat-abi=hard -nostartfiles -g -Wall -Wextra"
Compiling scutimer
Finished building libraries
12:40:15 **** Build of configuration Debug for project BandwidthAssessment ****
make pre-build main-build 
a9-linaro-pre-build-step
 
Building file: ../src/helloworld.c
Invoking: ARM v7 gcc compiler
arm-none-eabi-gcc -Wall -O0 -g3 -c -fmessage-length=0 -MT"src/helloworld.o" -mcpu=cortex-a9 -mfpu=vfpv3 -mfloat-abi=hard -I../../BandwidthAssessment_bsp/ps7_cortexa9_0/include -MMD -MP -MF"src/helloworld.d" -MT"src/helloworld.o" -o "src/helloworld.o" "../src/helloworld.c"
Finished building: ../src/helloworld.c
 
Building file: ../src/platform.c
Invoking: ARM v7 gcc compiler
arm-none-eabi-gcc -Wall -O0 -g3 -c -fmessage-length=0 -MT"src/platform.o" -mcpu=cortex-a9 -mfpu=vfpv3 -mfloat-abi=hard -I../../BandwidthAssessment_bsp/ps7_cortexa9_0/include -MMD -MP -MF"src/platform.d" -MT"src/platform.o" -o "src/platform.o" "../src/platform.c"
Finished building: ../src/platform.c
 
Building target: BandwidthAssessment.elf
Invoking: ARM v7 gcc linker
arm-none-eabi-gcc -mcpu=cortex-a9 -mfpu=vfpv3 -mfloat-abi=hard -Wl,-build-id=none -specs=Xilinx.spec -Wl,-T -Wl,../src/lscript.ld -L../../BandwidthAssessment_bsp/ps7_cortexa9_0/lib -o "BandwidthAssessment.elf"  ./src/helloworld.o ./src/platform.o   -Wl,--start-group,-lxil,-lgcc,-lc,--end-group
Finished building target: BandwidthAssessment.elf
 
Invoking: ARM v7 Print Size
arm-none-eabi-size BandwidthAssessment.elf  |tee "BandwidthAssessment.elf.size"
   text	   data	    bss	    dec	    hex	filename
  19352	   1144	  22568	  43064	   a838	BandwidthAssessment.elf
Finished building: BandwidthAssessment.elf.size
 
12:40:16 **** Auto Build of configuration Debug for project BandwidthAssessment ****
make pre-build main-build 
a9-linaro-pre-build-step
 
make: Nothing to be done for `main-build'.
12:42:34 **** Build of project BandwidthAssessment_bsp ****
make -k all 
Running Make include in ps7_cortexa9_0/libsrc/ddrps_v1_0/src
make -C ps7_cortexa9_0/libsrc/ddrps_v1_0/src -s include  "SHELL=/bin/sh" "COMPILER=arm-none-eabi-gcc" "ARCHIVER=arm-none-eabi-ar" "COMPILER_FLAGS=  -O2 -c" "EXTRA_COMPILER_FLAGS=-mcpu=cortex-a9 -mfpu=vfpv3 -mfloat-abi=hard -nostartfiles -g -Wall -Wextra"
Running Make include in ps7_cortexa9_0/libsrc/standalone_v6_8/src
make -C ps7_cortexa9_0/libsrc/standalone_v6_8/src -s include  "SHELL=/bin/sh" "COMPILER=arm-none-eabi-gcc" "ARCHIVER=arm-none-eabi-ar" "COMPILER_FLAGS=  -O2 -c" "EXTRA_COMPILER_FLAGS=-mcpu=cortex-a9 -mfpu=vfpv3 -mfloat-abi=hard -nostartfiles -g -Wall -Wextra"
Running Make include in ps7_cortexa9_0/libsrc/dmaps_v2_4/src
make -C ps7_cortexa9_0/libsrc/dmaps_v2_4/src -s include  "SHELL=/bin/sh" "COMPILER=arm-none-eabi-gcc" "ARCHIVER=arm-none-eabi-ar" "COMPILER_FLAGS=  -O2 -c" "EXTRA_COMPILER_FLAGS=-mcpu=cortex-a9 -mfpu=vfpv3 -mfloat-abi=hard -nostartfiles -g -Wall -Wextra"
Running Make include in ps7_cortexa9_0/libsrc/cpu_cortexa9_v2_7/src
make -C ps7_cortexa9_0/libsrc/cpu_cortexa9_v2_7/src -s include  "SHELL=/bin/sh" "COMPILER=arm-none-eabi-gcc" "ARCHIVER=arm-none-eabi-ar" "COMPILER_FLAGS=  -O2 -c" "EXTRA_COMPILER_FLAGS=-mcpu=cortex-a9 -mfpu=vfpv3 -mfloat-abi=hard -nostartfiles -g -Wall -Wextra"
Running Make include in ps7_cortexa9_0/libsrc/axidma_v9_8/src
make -C ps7_cortexa9_0/libsrc/axidma_v9_8/src -s include  "SHELL=/bin/sh" "COMPILER=arm-none-eabi-gcc" "ARCHIVER=arm-none-eabi-ar" "COMPILER_FLAGS=  -O2 -c" "EXTRA_COMPILER_FLAGS=-mcpu=cortex-a9 -mfpu=vfpv3 -mfloat-abi=hard -nostartfiles -g -Wall -Wextra"
Running Make include in ps7_cortexa9_0/libsrc/scugic_v3_10/src
make -C ps7_cortexa9_0/libsrc/scugic_v3_10/src -s include  "SHELL=/bin/sh" "COMPILER=arm-none-eabi-gcc" "ARCHIVER=arm-none-eabi-ar" "COMPILER_FLAGS=  -O2 -c" "EXTRA_COMPILER_FLAGS=-mcpu=cortex-a9 -mfpu=vfpv3 -mfloat-abi=hard -nostartfiles -g -Wall -Wextra"
Running Make include in ps7_cortexa9_0/libsrc/xadcps_v2_3/src
make -C ps7_cortexa9_0/libsrc/xadcps_v2_3/src -s include  "SHELL=/bin/sh" "COMPILER=arm-none-eabi-gcc" "ARCHIVER=arm-none-eabi-ar" "COMPILER_FLAGS=  -O2 -c" "EXTRA_COMPILER_FLAGS=-mcpu=cortex-a9 -mfpu=vfpv3 -mfloat-abi=hard -nostartfiles -g -Wall -Wextra"
Running Make include in ps7_cortexa9_0/libsrc/devcfg_v3_5/src
make -C ps7_cortexa9_0/libsrc/devcfg_v3_5/src -s include  "SHELL=/bin/sh" "COMPILER=arm-none-eabi-gcc" "ARCHIVER=arm-none-eabi-ar" "COMPILER_FLAGS=  -O2 -c" "EXTRA_COMPILER_FLAGS=-mcpu=cortex-a9 -mfpu=vfpv3 -mfloat-abi=hard -nostartfiles -g -Wall -Wextra"
Running Make include in ps7_cortexa9_0/libsrc/scuwdt_v2_1/src
make -C ps7_cortexa9_0/libsrc/scuwdt_v2_1/src -s include  "SHELL=/bin/sh" "COMPILER=arm-none-eabi-gcc" "ARCHIVER=arm-none-eabi-ar" "COMPILER_FLAGS=  -O2 -c" "EXTRA_COMPILER_FLAGS=-mcpu=cortex-a9 -mfpu=vfpv3 -mfloat-abi=hard -nostartfiles -g -Wall -Wextra"
Running Make include in ps7_cortexa9_0/libsrc/uartps_v3_7/src
make -C ps7_cortexa9_0/libsrc/uartps_v3_7/src -s include  "SHELL=/bin/sh" "COMPILER=arm-none-eabi-gcc" "ARCHIVER=arm-none-eabi-ar" "COMPILER_FLAGS=  -O2 -c" "EXTRA_COMPILER_FLAGS=-mcpu=cortex-a9 -mfpu=vfpv3 -mfloat-abi=hard -nostartfiles -g -Wall -Wextra"
Running Make include in ps7_cortexa9_0/libsrc/coresightps_dcc_v1_4/src
make -C ps7_cortexa9_0/libsrc/coresightps_dcc_v1_4/src -s include  "SHELL=/bin/sh" "COMPILER=arm-none-eabi-gcc" "ARCHIVER=arm-none-eabi-ar" "COMPILER_FLAGS=  -O2 -c" "EXTRA_COMPILER_FLAGS=-mcpu=cortex-a9 -mfpu=vfpv3 -mfloat-abi=hard -nostartfiles -g -Wall -Wextra"
Running Make include in ps7_cortexa9_0/libsrc/scutimer_v2_1/src
make -C ps7_cortexa9_0/libsrc/scutimer_v2_1/src -s include  "SHELL=/bin/sh" "COMPILER=arm-none-eabi-gcc" "ARCHIVER=arm-none-eabi-ar" "COMPILER_FLAGS=  -O2 -c" "EXTRA_COMPILER_FLAGS=-mcpu=cortex-a9 -mfpu=vfpv3 -mfloat-abi=hard -nostartfiles -g -Wall -Wextra"
Running Make libs in ps7_cortexa9_0/libsrc/ddrps_v1_0/src
make -C ps7_cortexa9_0/libsrc/ddrps_v1_0/src -s libs  "SHELL=/bin/sh" "COMPILER=arm-none-eabi-gcc" "ARCHIVER=arm-none-eabi-ar" "COMPILER_FLAGS=  -O2 -c" "EXTRA_COMPILER_FLAGS=-mcpu=cortex-a9 -mfpu=vfpv3 -mfloat-abi=hard -nostartfiles -g -Wall -Wextra"
Compiling ddrps
arm-none-eabi-ar: creating ../../../lib/libxil.a
Running Make libs in ps7_cortexa9_0/libsrc/standalone_v6_8/src
make -C ps7_cortexa9_0/libsrc/standalone_v6_8/src -s libs  "SHELL=/bin/sh" "COMPILER=arm-none-eabi-gcc" "ARCHIVER=arm-none-eabi-ar" "COMPILER_FLAGS=  -O2 -c" "EXTRA_COMPILER_FLAGS=-mcpu=cortex-a9 -mfpu=vfpv3 -mfloat-abi=hard -nostartfiles -g -Wall -Wextra"
Compiling standalone
In file included from sleep.c:53:0:
xtime_l.h:87:9: note: #pragma message: For the sleep routines, Global timer is being used
 #pragma message ("For the sleep routines, Global timer is being used")
         ^~~~~~~
In file included from xtime_l.c:49:0:
xtime_l.h:87:9: note: #pragma message: For the sleep routines, Global timer is being used
 #pragma message ("For the sleep routines, Global timer is being used")
         ^~~~~~~
In file included from xil_sleeptimer.c:51:0:
xtime_l.h:87:9: note: #pragma message: For the sleep routines, Global timer is being used
 #pragma message ("For the sleep routines, Global timer is being used")
         ^~~~~~~
In file included from usleep.c:56:0:
xtime_l.h:87:9: note: #pragma message: For the sleep routines, Global timer is being used
 #pragma message ("For the sleep routines, Global timer is being used")
         ^~~~~~~
Running Make libs in ps7_cortexa9_0/libsrc/dmaps_v2_4/src
make -C ps7_cortexa9_0/libsrc/dmaps_v2_4/src -s libs  "SHELL=/bin/sh" "COMPILER=arm-none-eabi-gcc" "ARCHIVER=arm-none-eabi-ar" "COMPILER_FLAGS=  -O2 -c" "EXTRA_COMPILER_FLAGS=-mcpu=cortex-a9 -mfpu=vfpv3 -mfloat-abi=hard -nostartfiles -g -Wall -Wextra"
Compiling dmaps
Running Make libs in ps7_cortexa9_0/libsrc/cpu_cortexa9_v2_7/src
make -C ps7_cortexa9_0/libsrc/cpu_cortexa9_v2_7/src -s libs  "SHELL=/bin/sh" "COMPILER=arm-none-eabi-gcc" "ARCHIVER=arm-none-eabi-ar" "COMPILER_FLAGS=  -O2 -c" "EXTRA_COMPILER_FLAGS=-mcpu=cortex-a9 -mfpu=vfpv3 -mfloat-abi=hard -nostartfiles -g -Wall -Wextra"
Compiling cpu_cortexa9
Running Make libs in ps7_cortexa9_0/libsrc/axidma_v9_8/src
make -C ps7_cortexa9_0/libsrc/axidma_v9_8/src -s libs  "SHELL=/bin/sh" "COMPILER=arm-none-eabi-gcc" "ARCHIVER=arm-none-eabi-ar" "COMPILER_FLAGS=  -O2 -c" "EXTRA_COMPILER_FLAGS=-mcpu=cortex-a9 -mfpu=vfpv3 -mfloat-abi=hard -nostartfiles -g -Wall -Wextra"
Compiling axidma
Running Make libs in ps7_cortexa9_0/libsrc/scugic_v3_10/src
make -C ps7_cortexa9_0/libsrc/scugic_v3_10/src -s libs  "SHELL=/bin/sh" "COMPILER=arm-none-eabi-gcc" "ARCHIVER=arm-none-eabi-ar" "COMPILER_FLAGS=  -O2 -c" "EXTRA_COMPILER_FLAGS=-mcpu=cortex-a9 -mfpu=vfpv3 -mfloat-abi=hard -nostartfiles -g -Wall -Wextra"
Compiling scugic
Running Make libs in ps7_cortexa9_0/libsrc/xadcps_v2_3/src
make -C ps7_cortexa9_0/libsrc/xadcps_v2_3/src -s libs  "SHELL=/bin/sh" "COMPILER=arm-none-eabi-gcc" "ARCHIVER=arm-none-eabi-ar" "COMPILER_FLAGS=  -O2 -c" "EXTRA_COMPILER_FLAGS=-mcpu=cortex-a9 -mfpu=vfpv3 -mfloat-abi=hard -nostartfiles -g -Wall -Wextra"
Compiling xadcps
Running Make libs in ps7_cortexa9_0/libsrc/devcfg_v3_5/src
make -C ps7_cortexa9_0/libsrc/devcfg_v3_5/src -s libs  "SHELL=/bin/sh" "COMPILER=arm-none-eabi-gcc" "ARCHIVER=arm-none-eabi-ar" "COMPILER_FLAGS=  -O2 -c" "EXTRA_COMPILER_FLAGS=-mcpu=cortex-a9 -mfpu=vfpv3 -mfloat-abi=hard -nostartfiles -g -Wall -Wextra"
Compiling devcfg
Running Make libs in ps7_cortexa9_0/libsrc/scuwdt_v2_1/src
make -C ps7_cortexa9_0/libsrc/scuwdt_v2_1/src -s libs  "SHELL=/bin/sh" "COMPILER=arm-none-eabi-gcc" "ARCHIVER=arm-none-eabi-ar" "COMPILER_FLAGS=  -O2 -c" "EXTRA_COMPILER_FLAGS=-mcpu=cortex-a9 -mfpu=vfpv3 -mfloat-abi=hard -nostartfiles -g -Wall -Wextra"
Compiling scuwdt
Running Make libs in ps7_cortexa9_0/libsrc/uartps_v3_7/src
make -C ps7_cortexa9_0/libsrc/uartps_v3_7/src -s libs  "SHELL=/bin/sh" "COMPILER=arm-none-eabi-gcc" "ARCHIVER=arm-none-eabi-ar" "COMPILER_FLAGS=  -O2 -c" "EXTRA_COMPILER_FLAGS=-mcpu=cortex-a9 -mfpu=vfpv3 -mfloat-abi=hard -nostartfiles -g -Wall -Wextra"
Compiling uartps
Running Make libs in ps7_cortexa9_0/libsrc/coresightps_dcc_v1_4/src
make -C ps7_cortexa9_0/libsrc/coresightps_dcc_v1_4/src -s libs  "SHELL=/bin/sh" "COMPILER=arm-none-eabi-gcc" "ARCHIVER=arm-none-eabi-ar" "COMPILER_FLAGS=  -O2 -c" "EXTRA_COMPILER_FLAGS=-mcpu=cortex-a9 -mfpu=vfpv3 -mfloat-abi=hard -nostartfiles -g -Wall -Wextra"
Compiling coresightps_dcc
Running Make libs in ps7_cortexa9_0/libsrc/scutimer_v2_1/src
make -C ps7_cortexa9_0/libsrc/scutimer_v2_1/src -s libs  "SHELL=/bin/sh" "COMPILER=arm-none-eabi-gcc" "ARCHIVER=arm-none-eabi-ar" "COMPILER_FLAGS=  -O2 -c" "EXTRA_COMPILER_FLAGS=-mcpu=cortex-a9 -mfpu=vfpv3 -mfloat-abi=hard -nostartfiles -g -Wall -Wextra"
Compiling scutimer
Finished building libraries
12:42:49 **** Build of configuration Debug for project BandwidthAssessment ****
make pre-build main-build 
a9-linaro-pre-build-step
 
Building file: ../src/main.c
Invoking: ARM v7 gcc compiler
arm-none-eabi-gcc -Wall -O0 -g3 -c -fmessage-length=0 -MT"src/main.o" -mcpu=cortex-a9 -mfpu=vfpv3 -mfloat-abi=hard -I../../BandwidthAssessment_bsp/ps7_cortexa9_0/include -MMD -MP -MF"src/main.d" -MT"src/main.o" -o "src/main.o" "../src/main.c"
Finished building: ../src/main.c
 
Building target: BandwidthAssessment.elf
Invoking: ARM v7 gcc linker
arm-none-eabi-gcc -mcpu=cortex-a9 -mfpu=vfpv3 -mfloat-abi=hard -Wl,-build-id=none -specs=Xilinx.spec -Wl,-T -Wl,../src/lscript.ld -L../../BandwidthAssessment_bsp/ps7_cortexa9_0/lib -o "BandwidthAssessment.elf"  ./src/main.o   -Wl,--start-group,-lxil,-lgcc,-lc,--end-group
../../BandwidthAssessment_bsp/ps7_cortexa9_0/lib/libxil.a(xil-crt0.o): In function `_start':
/home/joaovieira/reconfigurable_computing/xilinx/BandwidthAssessment/BandwidthAssessment.sdk/BandwidthAssessment_bsp/ps7_cortexa9_0/libsrc/standalone_v6_8/src/xil-crt0.S:138: undefined reference to `main'
collect2: error: ld returned 1 exit status
make: *** [BandwidthAssessment.elf] Error 1
12:43:24 **** Auto Build of configuration Debug for project BandwidthAssessment ****
make pre-build main-build 
a9-linaro-pre-build-step
 
Building file: ../src/main.c
Invoking: ARM v7 gcc compiler
arm-none-eabi-gcc -Wall -O0 -g3 -c -fmessage-length=0 -MT"src/main.o" -mcpu=cortex-a9 -mfpu=vfpv3 -mfloat-abi=hard -I../../BandwidthAssessment_bsp/ps7_cortexa9_0/include -MMD -MP -MF"src/main.d" -MT"src/main.o" -o "src/main.o" "../src/main.c"
../src/main.c:1:10: fatal error: xil_printf: No such file or directory
 #include "xil_printf"
          ^~~~~~~~~~~~
compilation terminated.
make: *** [src/main.o] Error 1
12:43:28 **** Auto Build of configuration Debug for project BandwidthAssessment ****
make pre-build main-build 
a9-linaro-pre-build-step
 
Building file: ../src/main.c
Invoking: ARM v7 gcc compiler
arm-none-eabi-gcc -Wall -O0 -g3 -c -fmessage-length=0 -MT"src/main.o" -mcpu=cortex-a9 -mfpu=vfpv3 -mfloat-abi=hard -I../../BandwidthAssessment_bsp/ps7_cortexa9_0/include -MMD -MP -MF"src/main.d" -MT"src/main.o" -o "src/main.o" "../src/main.c"
Finished building: ../src/main.c
 
Building target: BandwidthAssessment.elf
Invoking: ARM v7 gcc linker
arm-none-eabi-gcc -mcpu=cortex-a9 -mfpu=vfpv3 -mfloat-abi=hard -Wl,-build-id=none -specs=Xilinx.spec -Wl,-T -Wl,../src/lscript.ld -L../../BandwidthAssessment_bsp/ps7_cortexa9_0/lib -o "BandwidthAssessment.elf"  ./src/main.o   -Wl,--start-group,-lxil,-lgcc,-lc,--end-group
Finished building target: BandwidthAssessment.elf
 
Invoking: ARM v7 Print Size
arm-none-eabi-size BandwidthAssessment.elf  |tee "BandwidthAssessment.elf.size"
   text	   data	    bss	    dec	    hex	filename
  19028	   1144	  22568	  42740	   a6f4	BandwidthAssessment.elf
Finished building: BandwidthAssessment.elf.size
 
12:43:48 **** Auto Build of configuration Debug for project BandwidthAssessment ****
make pre-build main-build 
a9-linaro-pre-build-step
 
Building file: ../src/main.c
Invoking: ARM v7 gcc compiler
arm-none-eabi-gcc -Wall -O0 -g3 -c -fmessage-length=0 -MT"src/main.o" -mcpu=cortex-a9 -mfpu=vfpv3 -mfloat-abi=hard -I../../BandwidthAssessment_bsp/ps7_cortexa9_0/include -MMD -MP -MF"src/main.d" -MT"src/main.o" -o "src/main.o" "../src/main.c"
Finished building: ../src/main.c
 
Building target: BandwidthAssessment.elf
Invoking: ARM v7 gcc linker
arm-none-eabi-gcc -mcpu=cortex-a9 -mfpu=vfpv3 -mfloat-abi=hard -Wl,-build-id=none -specs=Xilinx.spec -Wl,-T -Wl,../src/lscript.ld -L../../BandwidthAssessment_bsp/ps7_cortexa9_0/lib -o "BandwidthAssessment.elf"  ./src/main.o   -Wl,--start-group,-lxil,-lgcc,-lc,--end-group
Finished building target: BandwidthAssessment.elf
 
Invoking: ARM v7 Print Size
arm-none-eabi-size BandwidthAssessment.elf  |tee "BandwidthAssessment.elf.size"
   text	   data	    bss	    dec	    hex	filename
  21928	   1144	  22568	  45640	   b248	BandwidthAssessment.elf
Finished building: BandwidthAssessment.elf.size
 
12:43:50 **** Auto Build of configuration Debug for project BandwidthAssessment ****
make pre-build main-build 
a9-linaro-pre-build-step
 
make: Nothing to be done for `main-build'.
12:44:17 **** Clean-only build of configuration Debug for project BandwidthAssessment ****
make clean 
rm -rf  ./src/main.o  ./src/main.d  BandwidthAssessment.elf.size  BandwidthAssessment.elf
 
12:44:17 **** Auto Build of configuration Debug for project BandwidthAssessment ****
make pre-build main-build 
a9-linaro-pre-build-step
 
Building file: ../src/main.c
Invoking: ARM v7 gcc compiler
arm-none-eabi-gcc -Wall -O0 -g3 -c -fmessage-length=0 -MT"src/main.o" -mcpu=cortex-a9 -mfpu=vfpv3 -mfloat-abi=hard -I../../BandwidthAssessment_bsp/ps7_cortexa9_0/include -MMD -MP -MF"src/main.d" -MT"src/main.o" -o "src/main.o" "../src/main.c"
Finished building: ../src/main.c
 
Building target: BandwidthAssessment.elf
Invoking: ARM v7 gcc linker
arm-none-eabi-gcc -mcpu=cortex-a9 -mfpu=vfpv3 -mfloat-abi=hard -Wl,-build-id=none -specs=Xilinx.spec -Wl,-T -Wl,../src/lscript.ld -L../../BandwidthAssessment_bsp/ps7_cortexa9_0/lib -o "BandwidthAssessment.elf"  ./src/main.o   -Wl,--start-group,-lxil,-lgcc,-lc,--end-group
Finished building target: BandwidthAssessment.elf
 
Invoking: ARM v7 Print Size
arm-none-eabi-size BandwidthAssessment.elf  |tee "BandwidthAssessment.elf.size"
   text	   data	    bss	    dec	    hex	filename
  21928	   1144	  26664	  49736	   c248	BandwidthAssessment.elf
Finished building: BandwidthAssessment.elf.size
 
12:44:39 **** Incremental Build of configuration Debug for project BandwidthAssessment ****
make pre-build main-build 
a9-linaro-pre-build-step
 
make: Nothing to be done for `main-build'.
12:44:59 **** Incremental Build of configuration Debug for project BandwidthAssessment ****
make pre-build main-build 
a9-linaro-pre-build-step
 
make: Nothing to be done for `main-build'.
12:45:46 **** Incremental Build of configuration Debug for project BandwidthAssessment ****
make pre-build main-build 
a9-linaro-pre-build-step
 
make: Nothing to be done for `main-build'.
12:47:35 **** Auto Build of configuration Debug for project BandwidthAssessment ****
make pre-build main-build 
a9-linaro-pre-build-step
 
Building file: ../src/main.c
Invoking: ARM v7 gcc compiler
arm-none-eabi-gcc -Wall -O0 -g3 -c -fmessage-length=0 -MT"src/main.o" -mcpu=cortex-a9 -mfpu=vfpv3 -mfloat-abi=hard -I../../BandwidthAssessment_bsp/ps7_cortexa9_0/include -MMD -MP -MF"src/main.d" -MT"src/main.o" -o "src/main.o" "../src/main.c"
In file included from ../src/main.c:3:0:
../../BandwidthAssessment_bsp/ps7_cortexa9_0/include/xtime_l.h:87:9: note: #pragma message: For the sleep routines, Global timer is being used
 #pragma message ("For the sleep routines, Global timer is being used")
         ^~~~~~~
Finished building: ../src/main.c
 
Building target: BandwidthAssessment.elf
Invoking: ARM v7 gcc linker
arm-none-eabi-gcc -mcpu=cortex-a9 -mfpu=vfpv3 -mfloat-abi=hard -Wl,-build-id=none -specs=Xilinx.spec -Wl,-T -Wl,../src/lscript.ld -L../../BandwidthAssessment_bsp/ps7_cortexa9_0/lib -o "BandwidthAssessment.elf"  ./src/main.o   -Wl,--start-group,-lxil,-lgcc,-lc,--end-group
Finished building target: BandwidthAssessment.elf
 
Invoking: ARM v7 Print Size
arm-none-eabi-size BandwidthAssessment.elf  |tee "BandwidthAssessment.elf.size"
   text	   data	    bss	    dec	    hex	filename
  21928	   1144	  26664	  49736	   c248	BandwidthAssessment.elf
Finished building: BandwidthAssessment.elf.size
 
12:47:39 **** Auto Build of configuration Debug for project BandwidthAssessment ****
make pre-build main-build 
a9-linaro-pre-build-step
 
Building file: ../src/main.c
Invoking: ARM v7 gcc compiler
arm-none-eabi-gcc -Wall -O0 -g3 -c -fmessage-length=0 -MT"src/main.o" -mcpu=cortex-a9 -mfpu=vfpv3 -mfloat-abi=hard -I../../BandwidthAssessment_bsp/ps7_cortexa9_0/include -MMD -MP -MF"src/main.d" -MT"src/main.o" -o "src/main.o" "../src/main.c"
Finished building: ../src/main.c
 
Building target: BandwidthAssessment.elf
Invoking: ARM v7 gcc linker
arm-none-eabi-gcc -mcpu=cortex-a9 -mfpu=vfpv3 -mfloat-abi=hard -Wl,-build-id=none -specs=Xilinx.spec -Wl,-T -Wl,../src/lscript.ld -L../../BandwidthAssessment_bsp/ps7_cortexa9_0/lib -o "BandwidthAssessment.elf"  ./src/main.o   -Wl,--start-group,-lxil,-lgcc,-lc,--end-group
Finished building target: BandwidthAssessment.elf
 
Invoking: ARM v7 Print Size
arm-none-eabi-size BandwidthAssessment.elf  |tee "BandwidthAssessment.elf.size"
   text	   data	    bss	    dec	    hex	filename
  21928	   1144	  26664	  49736	   c248	BandwidthAssessment.elf
Finished building: BandwidthAssessment.elf.size
 
12:48:15 **** Auto Build of configuration Debug for project BandwidthAssessment ****
make pre-build main-build 
a9-linaro-pre-build-step
../src/main.c: In function 'main':
../src/main.c:5:2: warning: implicit declaration of function 'XilDCacheDisable'; did you mean 'Xil_DCacheDisable'? [-Wimplicit-function-declaration]
  XilDCacheDisable();
 
  ^~~~~~~~~~~~~~~~
Building file: ../src/main.c
  Xil_DCacheDisable
Invoking: ARM v7 gcc compiler
arm-none-eabi-gcc -Wall -O0 -g3 -c -fmessage-length=0 -MT"src/main.o" -mcpu=cortex-a9 -mfpu=vfpv3 -mfloat-abi=hard -I../../BandwidthAssessment_bsp/ps7_cortexa9_0/include -MMD -MP -MF"src/main.d" -MT"src/main.o" -o "src/main.o" "../src/main.c"
Finished building: ../src/main.c
 
Building target: BandwidthAssessment.elf
Invoking: ARM v7 gcc linker
arm-none-eabi-gcc -mcpu=cortex-a9 -mfpu=vfpv3 -mfloat-abi=hard -Wl,-build-id=none -specs=Xilinx.spec -Wl,-T -Wl,../src/lscript.ld -L../../BandwidthAssessment_bsp/ps7_cortexa9_0/lib -o "BandwidthAssessment.elf"  ./src/main.o   -Wl,--start-group,-lxil,-lgcc,-lc,--end-group
./src/main.o: In function `main':
/home/joaovieira/reconfigurable_computing/xilinx/BandwidthAssessment/BandwidthAssessment.sdk/BandwidthAssessment/Debug/../src/main.c:5: undefined reference to `XilDCacheDisable'
collect2: error: ld returned 1 exit status
make: *** [BandwidthAssessment.elf] Error 1
12:48:29 **** Auto Build of configuration Debug for project BandwidthAssessment ****
make pre-build main-build 
a9-linaro-pre-build-step
 
Building file: ../src/main.c
Invoking: ARM v7 gcc compiler
arm-none-eabi-gcc -Wall -O0 -g3 -c -fmessage-length=0 -MT"src/main.o" -mcpu=cortex-a9 -mfpu=vfpv3 -mfloat-abi=hard -I../../BandwidthAssessment_bsp/ps7_cortexa9_0/include -MMD -MP -MF"src/main.d" -MT"src/main.o" -o "src/main.o" "../src/main.c"
Finished building: ../src/main.c
 
Building target: BandwidthAssessment.elf
Invoking: ARM v7 gcc linker
arm-none-eabi-gcc -mcpu=cortex-a9 -mfpu=vfpv3 -mfloat-abi=hard -Wl,-build-id=none -specs=Xilinx.spec -Wl,-T -Wl,../src/lscript.ld -L../../BandwidthAssessment_bsp/ps7_cortexa9_0/lib -o "BandwidthAssessment.elf"  ./src/main.o   -Wl,--start-group,-lxil,-lgcc,-lc,--end-group
Finished building target: BandwidthAssessment.elf
 
Invoking: ARM v7 Print Size
arm-none-eabi-size BandwidthAssessment.elf  |tee "BandwidthAssessment.elf.size"
   text	   data	    bss	    dec	    hex	filename
  25000	   1144	  26664	  52808	   ce48	BandwidthAssessment.elf
Finished building: BandwidthAssessment.elf.size
 
12:48:40 **** Auto Build of configuration Debug for project BandwidthAssessment ****
make pre-build main-build 
a9-linaro-pre-build-step
 
Building file: ../src/main.c
Invoking: ARM v7 gcc compiler
arm-none-eabi-gcc -Wall -O0 -g3 -c -fmessage-length=0 -MT"src/main.o" -mcpu=cortex-a9 -mfpu=vfpv3 -mfloat-abi=hard -I../../BandwidthAssessment_bsp/ps7_cortexa9_0/include -MMD -MP -MF"src/main.d" -MT"src/main.o" -o "src/main.o" "../src/main.c"
Finished building: ../src/main.c
 
Building target: BandwidthAssessment.elf
Invoking: ARM v7 gcc linker
arm-none-eabi-gcc -mcpu=cortex-a9 -mfpu=vfpv3 -mfloat-abi=hard -Wl,-build-id=none -specs=Xilinx.spec -Wl,-T -Wl,../src/lscript.ld -L../../BandwidthAssessment_bsp/ps7_cortexa9_0/lib -o "BandwidthAssessment.elf"  ./src/main.o   -Wl,--start-group,-lxil,-lgcc,-lc,--end-group
Finished building target: BandwidthAssessment.elf
 
Invoking: ARM v7 Print Size
arm-none-eabi-size BandwidthAssessment.elf  |tee "BandwidthAssessment.elf.size"
   text	   data	    bss	    dec	    hex	filename
  25000	   1144	  26664	  52808	   ce48	BandwidthAssessment.elf
Finished building: BandwidthAssessment.elf.size
 
12:48:45 **** Auto Build of configuration Debug for project BandwidthAssessment ****
make pre-build main-build 
a9-linaro-pre-build-step
 
Building file: ../src/main.c
Invoking: ARM v7 gcc compiler
arm-none-eabi-gcc -Wall -O0 -g3 -c -fmessage-length=0 -MT"src/main.o" -mcpu=cortex-a9 -mfpu=vfpv3 -mfloat-abi=hard -I../../BandwidthAssessment_bsp/ps7_cortexa9_0/include -MMD -MP -MF"src/main.d" -MT"src/main.o" -o "src/main.o" "../src/main.c"
Finished building: ../src/main.c
 
Building target: BandwidthAssessment.elf
Invoking: ARM v7 gcc linker
arm-none-eabi-gcc -mcpu=cortex-a9 -mfpu=vfpv3 -mfloat-abi=hard -Wl,-build-id=none -specs=Xilinx.spec -Wl,-T -Wl,../src/lscript.ld -L../../BandwidthAssessment_bsp/ps7_cortexa9_0/lib -o "BandwidthAssessment.elf"  ./src/main.o   -Wl,--start-group,-lxil,-lgcc,-lc,--end-group
Finished building target: BandwidthAssessment.elf
 
Invoking: ARM v7 Print Size
arm-none-eabi-size BandwidthAssessment.elf  |tee "BandwidthAssessment.elf.size"
   text	   data	    bss	    dec	    hex	filename
  25000	   1144	  26664	  52808	   ce48	BandwidthAssessment.elf
Finished building: BandwidthAssessment.elf.size
 
12:48:53 **** Auto Build of configuration Debug for project BandwidthAssessment ****
make pre-build main-build 
a9-linaro-pre-build-step
 
Building file: ../src/main.c
Invoking: ARM v7 gcc compiler
arm-none-eabi-gcc -Wall -O0 -g3 -c -fmessage-length=0 -MT"src/main.o" -mcpu=cortex-a9 -mfpu=vfpv3 -mfloat-abi=hard -I../../BandwidthAssessment_bsp/ps7_cortexa9_0/include -MMD -MP -MF"src/main.d" -MT"src/main.o" -o "src/main.o" "../src/main.c"
Finished building: ../src/main.c
 
Building target: BandwidthAssessment.elf
Invoking: ARM v7 gcc linker
arm-none-eabi-gcc -mcpu=cortex-a9 -mfpu=vfpv3 -mfloat-abi=hard -Wl,-build-id=none -specs=Xilinx.spec -Wl,-T -Wl,../src/lscript.ld -L../../BandwidthAssessment_bsp/ps7_cortexa9_0/lib -o "BandwidthAssessment.elf"  ./src/main.o   -Wl,--start-group,-lxil,-lgcc,-lc,--end-group
Finished building target: BandwidthAssessment.elf
 
Invoking: ARM v7 Print Size
arm-none-eabi-size BandwidthAssessment.elf  |tee "BandwidthAssessment.elf.size"
   text	   data	    bss	    dec	    hex	filename
  25000	   1144	  26664	  52808	   ce48	BandwidthAssessment.elf
Finished building: BandwidthAssessment.elf.size
 
12:49:47 **** Auto Build of configuration Debug for project BandwidthAssessment ****
make pre-build main-build 
a9-linaro-pre-build-step
 
Building file: ../src/main.c
Invoking: ARM v7 gcc compiler
arm-none-eabi-gcc -Wall -O0 -g3 -c -fmessage-length=0 -MT"src/main.o" -mcpu=cortex-a9 -mfpu=vfpv3 -mfloat-abi=hard -I../../BandwidthAssessment_bsp/ps7_cortexa9_0/include -MMD -MP -MF"src/main.d" -MT"src/main.o" -o "src/main.o" "../src/main.c"
Finished building: ../src/main.c
 
Building target: BandwidthAssessment.elf
Invoking: ARM v7 gcc linker
arm-none-eabi-gcc -mcpu=cortex-a9 -mfpu=vfpv3 -mfloat-abi=hard -Wl,-build-id=none -specs=Xilinx.spec -Wl,-T -Wl,../src/lscript.ld -L../../BandwidthAssessment_bsp/ps7_cortexa9_0/lib -o "BandwidthAssessment.elf"  ./src/main.o   -Wl,--start-group,-lxil,-lgcc,-lc,--end-group
Finished building target: BandwidthAssessment.elf
 
Invoking: ARM v7 Print Size
arm-none-eabi-size BandwidthAssessment.elf  |tee "BandwidthAssessment.elf.size"
   text	   data	    bss	    dec	    hex	filename
  25000	   1144	  26664	  52808	   ce48	BandwidthAssessment.elf
Finished building: BandwidthAssessment.elf.size
 
12:50:23 **** Auto Build of configuration Debug for project BandwidthAssessment ****
make pre-build main-build 
a9-linaro-pre-build-step
 
Building file: ../src/main.c
Invoking: ARM v7 gcc compiler
arm-none-eabi-gcc -Wall -O0 -g3 -c -fmessage-length=0 -MT"src/main.o" -mcpu=cortex-a9 -mfpu=vfpv3 -mfloat-abi=hard -I../../BandwidthAssessment_bsp/ps7_cortexa9_0/include -MMD -MP -MF"src/main.d" -MT"src/main.o" -o "src/main.o" "../src/main.c"
Finished building: ../src/main.c
 
Building target: BandwidthAssessment.elf
Invoking: ARM v7 gcc linker
arm-none-eabi-gcc -mcpu=cortex-a9 -mfpu=vfpv3 -mfloat-abi=hard -Wl,-build-id=none -specs=Xilinx.spec -Wl,-T -Wl,../src/lscript.ld -L../../BandwidthAssessment_bsp/ps7_cortexa9_0/lib -o "BandwidthAssessment.elf"  ./src/main.o   -Wl,--start-group,-lxil,-lgcc,-lc,--end-group
Finished building target: BandwidthAssessment.elf
 
Invoking: ARM v7 Print Size
arm-none-eabi-size BandwidthAssessment.elf  |tee "BandwidthAssessment.elf.size"
   text	   data	    bss	    dec	    hex	filename
  25000	   1144	  26664	  52808	   ce48	BandwidthAssessment.elf
Finished building: BandwidthAssessment.elf.size
 
12:50:54 **** Auto Build of configuration Debug for project BandwidthAssessment ****
make pre-build main-build 
a9-linaro-pre-build-step
 
Building file: ../src/main.c
Invoking: ARM v7 gcc compiler
arm-none-eabi-gcc -Wall -O0 -g3 -c -fmessage-length=0 -MT"src/main.o" -mcpu=cortex-a9 -mfpu=vfpv3 -mfloat-abi=hard -I../../BandwidthAssessment_bsp/ps7_cortexa9_0/include -MMD -MP -MF"src/main.d" -MT"src/main.o" -o "src/main.o" "../src/main.c"
../src/main.c:8:1: error: expected '=', ',', ';', 'asm' or '__attribute__' before 'int'
 int main(int argc, char **argv) {
 ^~~
make: *** [src/main.o] Error 1
12:50:58 **** Auto Build of configuration Debug for project BandwidthAssessment ****
make pre-build main-build 
a9-linaro-pre-build-step
 
Building file: ../src/main.c
Invoking: ARM v7 gcc compiler
arm-none-eabi-gcc -Wall -O0 -g3 -c -fmessage-length=0 -MT"src/main.o" -mcpu=cortex-a9 -mfpu=vfpv3 -mfloat-abi=hard -I../../BandwidthAssessment_bsp/ps7_cortexa9_0/include -MMD -MP -MF"src/main.d" -MT"src/main.o" -o "src/main.o" "../src/main.c"
Finished building: ../src/main.c
 
Building target: BandwidthAssessment.elf
Invoking: ARM v7 gcc linker
arm-none-eabi-gcc -mcpu=cortex-a9 -mfpu=vfpv3 -mfloat-abi=hard -Wl,-build-id=none -specs=Xilinx.spec -Wl,-T -Wl,../src/lscript.ld -L../../BandwidthAssessment_bsp/ps7_cortexa9_0/lib -o "BandwidthAssessment.elf"  ./src/main.o   -Wl,--start-group,-lxil,-lgcc,-lc,--end-group
Finished building target: BandwidthAssessment.elf
 
Invoking: ARM v7 Print Size
arm-none-eabi-size BandwidthAssessment.elf  |tee "BandwidthAssessment.elf.size"
   text	   data	    bss	    dec	    hex	filename
  25000	   1144	  26680	  52824	   ce58	BandwidthAssessment.elf
Finished building: BandwidthAssessment.elf.size
 
12:53:13 **** Auto Build of configuration Debug for project BandwidthAssessment ****
make pre-build main-build 
a9-linaro-pre-build-step
 
Building file: ../src/main.c
Invoking: ARM v7 gcc compiler
arm-none-eabi-gcc -Wall -O0 -g3 -c -fmessage-length=0 -MT"src/main.o" -mcpu=cortex-a9 -mfpu=vfpv3 -mfloat-abi=hard -I../../BandwidthAssessment_bsp/ps7_cortexa9_0/include -MMD -MP -MF"src/main.d" -MT"src/main.o" -o "src/main.o" "../src/main.c"
Finished building: ../src/main.c
 
Building target: BandwidthAssessment.elf
Invoking: ARM v7 gcc linker
arm-none-eabi-gcc -mcpu=cortex-a9 -mfpu=vfpv3 -mfloat-abi=hard -Wl,-build-id=none -specs=Xilinx.spec -Wl,-T -Wl,../src/lscript.ld -L../../BandwidthAssessment_bsp/ps7_cortexa9_0/lib -o "BandwidthAssessment.elf"  ./src/main.o   -Wl,--start-group,-lxil,-lgcc,-lc,--end-group
Finished building target: BandwidthAssessment.elf
 
Invoking: ARM v7 Print Size
arm-none-eabi-size BandwidthAssessment.elf  |tee "BandwidthAssessment.elf.size"
   text	   data	    bss	    dec	    hex	filename
  25000	   1144	  26680	  52824	   ce58	BandwidthAssessment.elf
Finished building: BandwidthAssessment.elf.size
 
12:55:02 **** Auto Build of configuration Debug for project BandwidthAssessment ****
make pre-build main-build 
a9-linaro-pre-build-step
 
Building file: ../src/main.c
Invoking: ARM v7 gcc compiler
arm-none-eabi-gcc -Wall -O0 -g3 -c -fmessage-length=0 -MT"src/main.o" -mcpu=cortex-a9 -mfpu=vfpv3 -mfloat-abi=hard -I../../BandwidthAssessment_bsp/ps7_cortexa9_0/include -MMD -MP -MF"src/main.d" -MT"src/main.o" -o "src/main.o" "../src/main.c"
Finished building: ../src/main.c
 
Building target: BandwidthAssessment.elf
Invoking: ARM v7 gcc linker
arm-none-eabi-gcc -mcpu=cortex-a9 -mfpu=vfpv3 -mfloat-abi=hard -Wl,-build-id=none -specs=Xilinx.spec -Wl,-T -Wl,../src/lscript.ld -L../../BandwidthAssessment_bsp/ps7_cortexa9_0/lib -o "BandwidthAssessment.elf"  ./src/main.o   -Wl,--start-group,-lxil,-lgcc,-lc,--end-group
Finished building target: BandwidthAssessment.elf
 
Invoking: ARM v7 Print Size
arm-none-eabi-size BandwidthAssessment.elf  |tee "BandwidthAssessment.elf.size"
   text	   data	    bss	    dec	    hex	filename
  25000	   1144	  26680	  52824	   ce58	BandwidthAssessment.elf
Finished building: BandwidthAssessment.elf.size
 
12:55:06 **** Auto Build of configuration Debug for project BandwidthAssessment ****
make pre-build main-build 
a9-linaro-pre-build-step
 
Building file: ../src/main.c
Invoking: ARM v7 gcc compiler
arm-none-eabi-gcc -Wall -O0 -g3 -c -fmessage-length=0 -MT"src/main.o" -mcpu=cortex-a9 -mfpu=vfpv3 -mfloat-abi=hard -I../../BandwidthAssessment_bsp/ps7_cortexa9_0/include -MMD -MP -MF"src/main.d" -MT"src/main.o" -o "src/main.o" "../src/main.c"
Finished building: ../src/main.c
 
Building target: BandwidthAssessment.elf
Invoking: ARM v7 gcc linker
arm-none-eabi-gcc -mcpu=cortex-a9 -mfpu=vfpv3 -mfloat-abi=hard -Wl,-build-id=none -specs=Xilinx.spec -Wl,-T -Wl,../src/lscript.ld -L../../BandwidthAssessment_bsp/ps7_cortexa9_0/lib -o "BandwidthAssessment.elf"  ./src/main.o   -Wl,--start-group,-lxil,-lgcc,-lc,--end-group
Finished building target: BandwidthAssessment.elf
 
Invoking: ARM v7 Print Size
arm-none-eabi-size BandwidthAssessment.elf  |tee "BandwidthAssessment.elf.size"
   text	   data	    bss	    dec	    hex	filename
  25000	   1144	  26680	  52824	   ce58	BandwidthAssessment.elf
Finished building: BandwidthAssessment.elf.size
 
12:55:14 **** Auto Build of configuration Debug for project BandwidthAssessment ****
make pre-build main-build 
a9-linaro-pre-build-step
 
Building file: ../src/main.c
Invoking: ARM v7 gcc compiler
arm-none-eabi-gcc -Wall -O0 -g3 -c -fmessage-length=0 -MT"src/main.o" -mcpu=cortex-a9 -mfpu=vfpv3 -mfloat-abi=hard -I../../BandwidthAssessment_bsp/ps7_cortexa9_0/include -MMD -MP -MF"src/main.d" -MT"src/main.o" -o "src/main.o" "../src/main.c"
Finished building: ../src/main.c
 
Building target: BandwidthAssessment.elf
Invoking: ARM v7 gcc linker
arm-none-eabi-gcc -mcpu=cortex-a9 -mfpu=vfpv3 -mfloat-abi=hard -Wl,-build-id=none -specs=Xilinx.spec -Wl,-T -Wl,../src/lscript.ld -L../../BandwidthAssessment_bsp/ps7_cortexa9_0/lib -o "BandwidthAssessment.elf"  ./src/main.o   -Wl,--start-group,-lxil,-lgcc,-lc,--end-group
Finished building target: BandwidthAssessment.elf
 
Invoking: ARM v7 Print Size
arm-none-eabi-size BandwidthAssessment.elf  |tee "BandwidthAssessment.elf.size"
   text	   data	    bss	    dec	    hex	filename
  25000	   1144	  26680	  52824	   ce58	BandwidthAssessment.elf
Finished building: BandwidthAssessment.elf.size
 
12:55:24 **** Auto Build of configuration Debug for project BandwidthAssessment ****
make pre-build main-build 
a9-linaro-pre-build-step
 
Building file: ../src/main.c
Invoking: ARM v7 gcc compiler
arm-none-eabi-gcc -Wall -O0 -g3 -c -fmessage-length=0 -MT"src/main.o" -mcpu=cortex-a9 -mfpu=vfpv3 -mfloat-abi=hard -I../../BandwidthAssessment_bsp/ps7_cortexa9_0/include -MMD -MP -MF"src/main.d" -MT"src/main.o" -o "src/main.o" "../src/main.c"
Finished building: ../src/main.c
 
Building target: BandwidthAssessment.elf
Invoking: ARM v7 gcc linker
arm-none-eabi-gcc -mcpu=cortex-a9 -mfpu=vfpv3 -mfloat-abi=hard -Wl,-build-id=none -specs=Xilinx.spec -Wl,-T -Wl,../src/lscript.ld -L../../BandwidthAssessment_bsp/ps7_cortexa9_0/lib -o "BandwidthAssessment.elf"  ./src/main.o   -Wl,--start-group,-lxil,-lgcc,-lc,--end-group
Finished building target: BandwidthAssessment.elf
 
Invoking: ARM v7 Print Size
arm-none-eabi-size BandwidthAssessment.elf  |tee "BandwidthAssessment.elf.size"
   text	   data	    bss	    dec	    hex	filename
  25000	   1144	  26680	  52824	   ce58	BandwidthAssessment.elf
Finished building: BandwidthAssessment.elf.size
 
12:55:37 **** Auto Build of configuration Debug for project BandwidthAssessment ****
make pre-build main-build 
a9-linaro-pre-build-step
 
Building file: ../src/main.c
Invoking: ARM v7 gcc compiler
arm-none-eabi-gcc -Wall -O0 -g3 -c -fmessage-length=0 -MT"src/main.o" -mcpu=cortex-a9 -mfpu=vfpv3 -mfloat-abi=hard -I../../BandwidthAssessment_bsp/ps7_cortexa9_0/include -MMD -MP -MF"src/main.d" -MT"src/main.o" -o "src/main.o" "../src/main.c"
Finished building: ../src/main.c
 
Building target: BandwidthAssessment.elf
Invoking: ARM v7 gcc linker
arm-none-eabi-gcc -mcpu=cortex-a9 -mfpu=vfpv3 -mfloat-abi=hard -Wl,-build-id=none -specs=Xilinx.spec -Wl,-T -Wl,../src/lscript.ld -L../../BandwidthAssessment_bsp/ps7_cortexa9_0/lib -o "BandwidthAssessment.elf"  ./src/main.o   -Wl,--start-group,-lxil,-lgcc,-lc,--end-group
Finished building target: BandwidthAssessment.elf
 
Invoking: ARM v7 Print Size
arm-none-eabi-size BandwidthAssessment.elf  |tee "BandwidthAssessment.elf.size"
   text	   data	    bss	    dec	    hex	filename
  25000	   1144	  26680	  52824	   ce58	BandwidthAssessment.elf
Finished building: BandwidthAssessment.elf.size
 
12:56:11 **** Auto Build of configuration Debug for project BandwidthAssessment ****
make pre-build main-build 
a9-linaro-pre-build-step
 
Building file: ../src/main.c
Invoking: ARM v7 gcc compiler
arm-none-eabi-gcc -Wall -O0 -g3 -c -fmessage-length=0 -MT"src/main.o" -mcpu=cortex-a9 -mfpu=vfpv3 -mfloat-abi=hard -I../../BandwidthAssessment_bsp/ps7_cortexa9_0/include -MMD -MP -MF"src/main.d" -MT"src/main.o" -o "src/main.o" "../src/main.c"
Finished building: ../src/main.c
 
Building target: BandwidthAssessment.elf
Invoking: ARM v7 gcc linker
arm-none-eabi-gcc -mcpu=cortex-a9 -mfpu=vfpv3 -mfloat-abi=hard -Wl,-build-id=none -specs=Xilinx.spec -Wl,-T -Wl,../src/lscript.ld -L../../BandwidthAssessment_bsp/ps7_cortexa9_0/lib -o "BandwidthAssessment.elf"  ./src/main.o   -Wl,--start-group,-lxil,-lgcc,-lc,--end-group
Finished building target: BandwidthAssessment.elf
 
Invoking: ARM v7 Print Size
arm-none-eabi-size BandwidthAssessment.elf  |tee "BandwidthAssessment.elf.size"
   text	   data	    bss	    dec	    hex	filename
  25000	   1144	  26680	  52824	   ce58	BandwidthAssessment.elf
Finished building: BandwidthAssessment.elf.size
 
12:56:14 **** Auto Build of configuration Debug for project BandwidthAssessment ****
make pre-build main-build 
a9-linaro-pre-build-step
 
Building file: ../src/main.c
Invoking: ARM v7 gcc compiler
arm-none-eabi-gcc -Wall -O0 -g3 -c -fmessage-length=0 -MT"src/main.o" -mcpu=cortex-a9 -mfpu=vfpv3 -mfloat-abi=hard -I../../BandwidthAssessment_bsp/ps7_cortexa9_0/include -MMD -MP -MF"src/main.d" -MT"src/main.o" -o "src/main.o" "../src/main.c"
Finished building: ../src/main.c
 
Building target: BandwidthAssessment.elf
Invoking: ARM v7 gcc linker
arm-none-eabi-gcc -mcpu=cortex-a9 -mfpu=vfpv3 -mfloat-abi=hard -Wl,-build-id=none -specs=Xilinx.spec -Wl,-T -Wl,../src/lscript.ld -L../../BandwidthAssessment_bsp/ps7_cortexa9_0/lib -o "BandwidthAssessment.elf"  ./src/main.o   -Wl,--start-group,-lxil,-lgcc,-lc,--end-group
Finished building target: BandwidthAssessment.elf
 
Invoking: ARM v7 Print Size
arm-none-eabi-size BandwidthAssessment.elf  |tee "BandwidthAssessment.elf.size"
   text	   data	    bss	    dec	    hex	filename
  25000	   1144	  26680	  52824	   ce58	BandwidthAssessment.elf
Finished building: BandwidthAssessment.elf.size
 
12:56:24 **** Auto Build of configuration Debug for project BandwidthAssessment ****
make pre-build main-build 
a9-linaro-pre-build-step
 
Building file: ../src/main.c
Invoking: ARM v7 gcc compiler
arm-none-eabi-gcc -Wall -O0 -g3 -c -fmessage-length=0 -MT"src/main.o" -mcpu=cortex-a9 -mfpu=vfpv3 -mfloat-abi=hard -I../../BandwidthAssessment_bsp/ps7_cortexa9_0/include -MMD -MP -MF"src/main.d" -MT"src/main.o" -o "src/main.o" "../src/main.c"
../src/main.c:16:1: error: expected '=', ',', ';', 'asm' or '__attribute__' before 'int'
 int main(int argc, char **argv) {
 ^~~
make: *** [src/main.o] Error 1
12:56:30 **** Auto Build of configuration Debug for project BandwidthAssessment ****
make pre-build main-build 
a9-linaro-pre-build-step
 
Building file: ../src/main.c
Invoking: ARM v7 gcc compiler
arm-none-eabi-gcc -Wall -O0 -g3 -c -fmessage-length=0 -MT"src/main.o" -mcpu=cortex-a9 -mfpu=vfpv3 -mfloat-abi=hard -I../../BandwidthAssessment_bsp/ps7_cortexa9_0/include -MMD -MP -MF"src/main.d" -MT"src/main.o" -o "src/main.o" "../src/main.c"
Finished building: ../src/main.c
 
Building target: BandwidthAssessment.elf
Invoking: ARM v7 gcc linker
arm-none-eabi-gcc -mcpu=cortex-a9 -mfpu=vfpv3 -mfloat-abi=hard -Wl,-build-id=none -specs=Xilinx.spec -Wl,-T -Wl,../src/lscript.ld -L../../BandwidthAssessment_bsp/ps7_cortexa9_0/lib -o "BandwidthAssessment.elf"  ./src/main.o   -Wl,--start-group,-lxil,-lgcc,-lc,--end-group
Finished building target: BandwidthAssessment.elf
 
Invoking: ARM v7 Print Size
arm-none-eabi-size BandwidthAssessment.elf  |tee "BandwidthAssessment.elf.size"
   text	   data	    bss	    dec	    hex	filename
  25000	   1144	  26680	  52824	   ce58	BandwidthAssessment.elf
Finished building: BandwidthAssessment.elf.size
 
12:56:38 **** Auto Build of configuration Debug for project BandwidthAssessment ****
make pre-build main-build 
a9-linaro-pre-build-step
 
Building file: ../src/main.c
Invoking: ARM v7 gcc compiler
arm-none-eabi-gcc -Wall -O0 -g3 -c -fmessage-length=0 -MT"src/main.o" -mcpu=cortex-a9 -mfpu=vfpv3 -mfloat-abi=hard -I../../BandwidthAssessment_bsp/ps7_cortexa9_0/include -MMD -MP -MF"src/main.d" -MT"src/main.o" -o "src/main.o" "../src/main.c"
Finished building: ../src/main.c
 
Building target: BandwidthAssessment.elf
Invoking: ARM v7 gcc linker
arm-none-eabi-gcc -mcpu=cortex-a9 -mfpu=vfpv3 -mfloat-abi=hard -Wl,-build-id=none -specs=Xilinx.spec -Wl,-T -Wl,../src/lscript.ld -L../../BandwidthAssessment_bsp/ps7_cortexa9_0/lib -o "BandwidthAssessment.elf"  ./src/main.o   -Wl,--start-group,-lxil,-lgcc,-lc,--end-group
Finished building target: BandwidthAssessment.elf
 
Invoking: ARM v7 Print Size
arm-none-eabi-size BandwidthAssessment.elf  |tee "BandwidthAssessment.elf.size"
   text	   data	    bss	    dec	    hex	filename
  25000	   1144	  26680	  52824	   ce58	BandwidthAssessment.elf
Finished building: BandwidthAssessment.elf.size
 
12:57:59 **** Auto Build of configuration Debug for project BandwidthAssessment ****
make pre-build main-build 
a9-linaro-pre-build-step
 
Building file: ../src/main.c
Invoking: ARM v7 gcc compiler
arm-none-eabi-gcc -Wall -O0 -g3 -c -fmessage-length=0 -MT"src/main.o" -mcpu=cortex-a9 -mfpu=vfpv3 -mfloat-abi=hard -I../../BandwidthAssessment_bsp/ps7_cortexa9_0/include -MMD -MP -MF"src/main.d" -MT"src/main.o" -o "src/main.o" "../src/main.c"
../src/main.c: In function 'initialize':
../src/main.c:16:21: error: 'DATA_DST' undeclared (first use in this function); did you mean 'DARA_DST'?
  data_dst = (int *) DATA_DST;
                     ^~~~~~~~
                     DARA_DST
../src/main.c:16:21: note: each undeclared identifier is reported only once for each function it appears in
make: *** [src/main.o] Error 1
12:58:07 **** Auto Build of configuration Debug for project BandwidthAssessment ****
make pre-build main-build 
a9-linaro-pre-build-step
 
Building file: ../src/main.c
Invoking: ARM v7 gcc compiler
arm-none-eabi-gcc -Wall -O0 -g3 -c -fmessage-length=0 -MT"src/main.o" -mcpu=cortex-a9 -mfpu=vfpv3 -mfloat-abi=hard -I../../BandwidthAssessment_bsp/ps7_cortexa9_0/include -MMD -MP -MF"src/main.d" -MT"src/main.o" -o "src/main.o" "../src/main.c"
Finished building: ../src/main.c
 
Building target: BandwidthAssessment.elf
Invoking: ARM v7 gcc linker
arm-none-eabi-gcc -mcpu=cortex-a9 -mfpu=vfpv3 -mfloat-abi=hard -Wl,-build-id=none -specs=Xilinx.spec -Wl,-T -Wl,../src/lscript.ld -L../../BandwidthAssessment_bsp/ps7_cortexa9_0/lib -o "BandwidthAssessment.elf"  ./src/main.o   -Wl,--start-group,-lxil,-lgcc,-lc,--end-group
Finished building target: BandwidthAssessment.elf
 
Invoking: ARM v7 Print Size
arm-none-eabi-size BandwidthAssessment.elf  |tee "BandwidthAssessment.elf.size"
   text	   data	    bss	    dec	    hex	filename
  25064	   1144	  26680	  52888	   ce98	BandwidthAssessment.elf
Finished building: BandwidthAssessment.elf.size
 
12:58:23 **** Auto Build of configuration Debug for project BandwidthAssessment ****
make pre-build main-build 
a9-linaro-pre-build-step
 
Building file: ../src/main.c
Invoking: ARM v7 gcc compiler
arm-none-eabi-gcc -Wall -O0 -g3 -c -fmessage-length=0 -MT"src/main.o" -mcpu=cortex-a9 -mfpu=vfpv3 -mfloat-abi=hard -I../../BandwidthAssessment_bsp/ps7_cortexa9_0/include -MMD -MP -MF"src/main.d" -MT"src/main.o" -o "src/main.o" "../src/main.c"
Finished building: ../src/main.c
 
Building target: BandwidthAssessment.elf
Invoking: ARM v7 gcc linker
arm-none-eabi-gcc -mcpu=cortex-a9 -mfpu=vfpv3 -mfloat-abi=hard -Wl,-build-id=none -specs=Xilinx.spec -Wl,-T -Wl,../src/lscript.ld -L../../BandwidthAssessment_bsp/ps7_cortexa9_0/lib -o "BandwidthAssessment.elf"  ./src/main.o   -Wl,--start-group,-lxil,-lgcc,-lc,--end-group
Finished building target: BandwidthAssessment.elf
 
Invoking: ARM v7 Print Size
arm-none-eabi-size BandwidthAssessment.elf  |tee "BandwidthAssessment.elf.size"
   text	   data	    bss	    dec	    hex	filename
  25064	   1144	  26680	  52888	   ce98	BandwidthAssessment.elf
Finished building: BandwidthAssessment.elf.size
 
12:58:55 **** Auto Build of configuration Debug for project BandwidthAssessment ****
make pre-build main-build 
a9-linaro-pre-build-step
 
Building file: ../src/main.c
Invoking: ARM v7 gcc compiler
arm-none-eabi-gcc -Wall -O0 -g3 -c -fmessage-length=0 -MT"src/main.o" -mcpu=cortex-a9 -mfpu=vfpv3 -mfloat-abi=hard -I../../BandwidthAssessment_bsp/ps7_cortexa9_0/include -MMD -MP -MF"src/main.d" -MT"src/main.o" -o "src/main.o" "../src/main.c"
Finished building: ../src/main.c
 
Building target: BandwidthAssessment.elf
Invoking: ARM v7 gcc linker
arm-none-eabi-gcc -mcpu=cortex-a9 -mfpu=vfpv3 -mfloat-abi=hard -Wl,-build-id=none -specs=Xilinx.spec -Wl,-T -Wl,../src/lscript.ld -L../../BandwidthAssessment_bsp/ps7_cortexa9_0/lib -o "BandwidthAssessment.elf"  ./src/main.o   -Wl,--start-group,-lxil,-lgcc,-lc,--end-group
Finished building target: BandwidthAssessment.elf
 
Invoking: ARM v7 Print Size
arm-none-eabi-size BandwidthAssessment.elf  |tee "BandwidthAssessment.elf.size"
   text	   data	    bss	    dec	    hex	filename
  25128	   1144	  26680	  52952	   ced8	BandwidthAssessment.elf
Finished building: BandwidthAssessment.elf.size
 
12:59:54 **** Auto Build of configuration Debug for project BandwidthAssessment ****
make pre-build main-build 
a9-linaro-pre-build-step
 
Building file: ../src/main.c
Invoking: ARM v7 gcc compiler
arm-none-eabi-gcc -Wall -O0 -g3 -c -fmessage-length=0 -MT"src/main.o" -mcpu=cortex-a9 -mfpu=vfpv3 -mfloat-abi=hard -I../../BandwidthAssessment_bsp/ps7_cortexa9_0/include -MMD -MP -MF"src/main.d" -MT"src/main.o" -o "src/main.o" "../src/main.c"
Finished building: ../src/main.c
 
Building target: BandwidthAssessment.elf
Invoking: ARM v7 gcc linker
arm-none-eabi-gcc -mcpu=cortex-a9 -mfpu=vfpv3 -mfloat-abi=hard -Wl,-build-id=none -specs=Xilinx.spec -Wl,-T -Wl,../src/lscript.ld -L../../BandwidthAssessment_bsp/ps7_cortexa9_0/lib -o "BandwidthAssessment.elf"  ./src/main.o   -Wl,--start-group,-lxil,-lgcc,-lc,--end-group
Finished building target: BandwidthAssessment.elf
 
Invoking: ARM v7 Print Size
arm-none-eabi-size BandwidthAssessment.elf  |tee "BandwidthAssessment.elf.size"
   text	   data	    bss	    dec	    hex	filename
  25200	   1144	  26680	  53024	   cf20	BandwidthAssessment.elf
Finished building: BandwidthAssessment.elf.size
 
13:00:03 **** Incremental Build of configuration Debug for project BandwidthAssessment ****
make pre-build main-build 
a9-linaro-pre-build-step
 
make: Nothing to be done for `main-build'.
13:00:43 **** Auto Build of configuration Debug for project BandwidthAssessment ****
make pre-build main-build 
a9-linaro-pre-build-step
 
Building file: ../src/main.c
Invoking: ARM v7 gcc compiler
arm-none-eabi-gcc -Wall -O0 -g3 -c -fmessage-length=0 -MT"src/main.o" -mcpu=cortex-a9 -mfpu=vfpv3 -mfloat-abi=hard -I../../BandwidthAssessment_bsp/ps7_cortexa9_0/include -MMD -MP -MF"src/main.d" -MT"src/main.o" -o "src/main.o" "../src/main.c"
../src/main.c: In function 'main':
../src/main.c:34:2: error: expected ';' before 'return'
  return 0;
  ^~~~~~
make: *** [src/main.o] Error 1
13:00:44 **** Incremental Build of configuration Debug for project BandwidthAssessment ****
make pre-build main-build 
a9-linaro-pre-build-step
 
Building file: ../src/main.c
Invoking: ARM v7 gcc compiler
arm-none-eabi-gcc -Wall -O0 -g3 -c -fmessage-length=0 -MT"src/main.o" -mcpu=cortex-a9 -mfpu=vfpv3 -mfloat-abi=hard -I../../BandwidthAssessment_bsp/ps7_cortexa9_0/include -MMD -MP -MF"src/main.d" -MT"src/main.o" -o "src/main.o" "../src/main.c"
../src/main.c: In function 'main':
../src/main.c:34:2: error: expected ';' before 'return'
  return 0;
  ^~~~~~
make: *** [src/main.o] Error 1
13:00:50 **** Auto Build of configuration Debug for project BandwidthAssessment ****
make pre-build main-build 
a9-linaro-pre-build-step
 
Building file: ../src/main.c
Invoking: ARM v7 gcc compiler
arm-none-eabi-gcc -Wall -O0 -g3 -c -fmessage-length=0 -MT"src/main.o" -mcpu=cortex-a9 -mfpu=vfpv3 -mfloat-abi=hard -I../../BandwidthAssessment_bsp/ps7_cortexa9_0/include -MMD -MP -MF"src/main.d" -MT"src/main.o" -o "src/main.o" "../src/main.c"
Finished building: ../src/main.c
 
Building target: BandwidthAssessment.elf
Invoking: ARM v7 gcc linker
arm-none-eabi-gcc -mcpu=cortex-a9 -mfpu=vfpv3 -mfloat-abi=hard -Wl,-build-id=none -specs=Xilinx.spec -Wl,-T -Wl,../src/lscript.ld -L../../BandwidthAssessment_bsp/ps7_cortexa9_0/lib -o "BandwidthAssessment.elf"  ./src/main.o   -Wl,--start-group,-lxil,-lgcc,-lc,--end-group
Finished building target: BandwidthAssessment.elf
 
Invoking: ARM v7 Print Size
arm-none-eabi-size BandwidthAssessment.elf  |tee "BandwidthAssessment.elf.size"
   text	   data	    bss	    dec	    hex	filename
  25212	   1144	  26680	  53036	   cf2c	BandwidthAssessment.elf
Finished building: BandwidthAssessment.elf.size
 
13:00:55 **** Incremental Build of configuration Debug for project BandwidthAssessment ****
make pre-build main-build 
a9-linaro-pre-build-step
 
make: Nothing to be done for `main-build'.
13:02:54 **** Incremental Build of configuration Debug for project BandwidthAssessment ****
make pre-build main-build 
a9-linaro-pre-build-step
 
make: Nothing to be done for `main-build'.
13:03:11 **** Incremental Build of configuration Debug for project BandwidthAssessment ****
make pre-build main-build 
a9-linaro-pre-build-step
 
make: Nothing to be done for `main-build'.
13:03:37 **** Incremental Build of configuration Debug for project BandwidthAssessment ****
make pre-build main-build 
a9-linaro-pre-build-step
 
make: Nothing to be done for `main-build'.
13:05:08 **** Auto Build of configuration Debug for project BandwidthAssessment ****
make pre-build main-build 
a9-linaro-pre-build-step
 
make: Nothing to be done for `main-build'.
13:05:16 **** Clean-only build of configuration Debug for project BandwidthAssessment ****
make clean 
rm -rf  ./src/main.o  ./src/main.d  BandwidthAssessment.elf.size  BandwidthAssessment.elf
 
13:05:16 **** Auto Build of configuration Debug for project BandwidthAssessment ****
make pre-build main-build 
a9-linaro-pre-build-step
 
Building file: ../src/DMAInterface.c
Invoking: ARM v7 gcc compiler
arm-none-eabi-gcc -Wall -O0 -g3 -c -fmessage-length=0 -MT"src/DMAInterface.o" -mcpu=cortex-a9 -mfpu=vfpv3 -mfloat-abi=hard -I../../BandwidthAssessment_bsp/ps7_cortexa9_0/include -MMD -MP -MF"src/DMAInterface.d" -MT"src/DMAInterface.o" -o "src/DMAInterface.o" "../src/DMAInterface.c"
Finished building: ../src/DMAInterface.c
 
Building file: ../src/main.c
Invoking: ARM v7 gcc compiler
arm-none-eabi-gcc -Wall -O0 -g3 -c -fmessage-length=0 -MT"src/main.o" -mcpu=cortex-a9 -mfpu=vfpv3 -mfloat-abi=hard -I../../BandwidthAssessment_bsp/ps7_cortexa9_0/include -MMD -MP -MF"src/main.d" -MT"src/main.o" -o "src/main.o" "../src/main.c"
Finished building: ../src/main.c
 
Building target: BandwidthAssessment.elf
Invoking: ARM v7 gcc linker
arm-none-eabi-gcc -mcpu=cortex-a9 -mfpu=vfpv3 -mfloat-abi=hard -Wl,-build-id=none -specs=Xilinx.spec -Wl,-T -Wl,../src/lscript.ld -L../../BandwidthAssessment_bsp/ps7_cortexa9_0/lib -o "BandwidthAssessment.elf"  ./src/DMAInterface.o ./src/main.o   -Wl,--start-group,-lxil,-lgcc,-lc,--end-group
Finished building target: BandwidthAssessment.elf
 
Invoking: ARM v7 Print Size
arm-none-eabi-size BandwidthAssessment.elf  |tee "BandwidthAssessment.elf.size"
   text	   data	    bss	    dec	    hex	filename
  25212	   1144	  26680	  53036	   cf2c	BandwidthAssessment.elf
Finished building: BandwidthAssessment.elf.size
 
13:05:32 **** Auto Build of configuration Debug for project BandwidthAssessment ****
make pre-build main-build 
a9-linaro-pre-build-step
 
make: Nothing to be done for `main-build'.
13:05:50 **** Auto Build of configuration Debug for project BandwidthAssessment ****
make pre-build main-build 
a9-linaro-pre-build-step
 
make: Nothing to be done for `main-build'.
13:06:04 **** Auto Build of configuration Debug for project BandwidthAssessment ****
make pre-build main-build 
a9-linaro-pre-build-step
 
Building file: ../src/DMAInterface.c
Invoking: ARM v7 gcc compiler
arm-none-eabi-gcc -Wall -O0 -g3 -c -fmessage-length=0 -MT"src/DMAInterface.o" -mcpu=cortex-a9 -mfpu=vfpv3 -mfloat-abi=hard -I../../BandwidthAssessment_bsp/ps7_cortexa9_0/include -MMD -MP -MF"src/DMAInterface.d" -MT"src/DMAInterface.o" -o "src/DMAInterface.o" "../src/DMAInterface.c"
../src/DMAInterface.c:8:16: error: 'NUMBER_OF_DMA' undeclared here (not in a function)
 XAxiDma axiDma[NUMBER_OF_DMA];
                ^~~~~~~~~~~~~
../src/DMAInterface.c:10:31: error: unknown type name 'DeviceID'
 int initXAxiDmaSimplePollMode(DeviceID deviceID) {
                               ^~~~~~~~
../src/DMAInterface.c:24:45: error: unknown type name 'Way'
 int DMATransfer(void *baseAddr, int nBytes, Way w, DeviceID deviceID) {
                                             ^~~
../src/DMAInterface.c:24:52: error: unknown type name 'DeviceID'
 int DMATransfer(void *baseAddr, int nBytes, Way w, DeviceID deviceID) {
                                                    ^~~~~~~~
../src/DMAInterface.c:33:27: error: unknown type name 'Way'
 void DMAWaitForCompletion(Way w, DeviceID deviceID) {
                           ^~~
../src/DMAInterface.c:33:34: error: unknown type name 'DeviceID'
 void DMAWaitForCompletion(Way w, DeviceID deviceID) {
                                  ^~~~~~~~
make: *** [src/DMAInterface.o] Error 1
13:06:35 **** Auto Build of configuration Debug for project BandwidthAssessment ****
make pre-build main-build 
a9-linaro-pre-build-step
 
Building file: ../src/DMAInterface.c
Invoking: ARM v7 gcc compiler
arm-none-eabi-gcc -Wall -O0 -g3 -c -fmessage-length=0 -MT"src/DMAInterface.o" -mcpu=cortex-a9 -mfpu=vfpv3 -mfloat-abi=hard -I../../BandwidthAssessment_bsp/ps7_cortexa9_0/include -MMD -MP -MF"src/DMAInterface.d" -MT"src/DMAInterface.o" -o "src/DMAInterface.o" "../src/DMAInterface.c"
Finished building: ../src/DMAInterface.c
 
Building target: BandwidthAssessment.elf
Invoking: ARM v7 gcc linker
arm-none-eabi-gcc -mcpu=cortex-a9 -mfpu=vfpv3 -mfloat-abi=hard -Wl,-build-id=none -specs=Xilinx.spec -Wl,-T -Wl,../src/lscript.ld -L../../BandwidthAssessment_bsp/ps7_cortexa9_0/lib -o "BandwidthAssessment.elf"  ./src/DMAInterface.o ./src/main.o   -Wl,--start-group,-lxil,-lgcc,-lc,--end-group
Finished building target: BandwidthAssessment.elf
 
Invoking: ARM v7 Print Size
arm-none-eabi-size BandwidthAssessment.elf  |tee "BandwidthAssessment.elf.size"
   text	   data	    bss	    dec	    hex	filename
  35184	   2320	  28616	  66120	  10248	BandwidthAssessment.elf
Finished building: BandwidthAssessment.elf.size
 
13:08:57 **** Auto Build of configuration Debug for project BandwidthAssessment ****
make pre-build main-build 
a9-linaro-pre-build-step
 
Building file: ../src/DMAInterface.c
Invoking: ARM v7 gcc compiler
arm-none-eabi-gcc -Wall -O0 -g3 -c -fmessage-length=0 -MT"src/DMAInterface.o" -mcpu=cortex-a9 -mfpu=vfpv3 -mfloat-abi=hard -I../../BandwidthAssessment_bsp/ps7_cortexa9_0/include -MMD -MP -MF"src/DMAInterface.d" -MT"src/DMAInterface.o" -o "src/DMAInterface.o" "../src/DMAInterface.c"
../src/DMAInterface.c:10:50: error: unknown type name 'bool'; did you mean '_Bool'?
 int initXAxiDmaSimplePollMode(DeviceID deviceID, bool ) {
                                                  ^~~~
                                                  _Bool
make: *** [src/DMAInterface.o] Error 1
13:09:14 **** Auto Build of configuration Debug for project BandwidthAssessment ****
make pre-build main-build 
a9-linaro-pre-build-step
 
Building file: ../src/DMAInterface.c
Invoking: ARM v7 gcc compiler
arm-none-eabi-gcc -Wall -O0 -g3 -c -fmessage-length=0 -MT"src/DMAInterface.o" -mcpu=cortex-a9 -mfpu=vfpv3 -mfloat-abi=hard -I../../BandwidthAssessment_bsp/ps7_cortexa9_0/include -MMD -MP -MF"src/DMAInterface.d" -MT"src/DMAInterface.o" -o "src/DMAInterface.o" "../src/DMAInterface.c"
../src/DMAInterface.c:10:50: error: unknown type name 'bool'; did you mean '_Bool'?
 int initXAxiDmaSimplePollMode(DeviceID deviceID, bool send, bool recv) {
                                                  ^~~~
                                                  _Bool
../src/DMAInterface.c:10:61: error: unknown type name 'bool'; did you mean '_Bool'?
 int initXAxiDmaSimplePollMode(DeviceID deviceID, bool send, bool recv) {
                                                             ^~~~
                                                             _Bool
make: *** [src/DMAInterface.o] Error 1
13:09:24 **** Auto Build of configuration Debug for project BandwidthAssessment ****
make pre-build main-build 
a9-linaro-pre-build-step
 
Building file: ../src/DMAInterface.c
Invoking: ARM v7 gcc compiler
arm-none-eabi-gcc -Wall -O0 -g3 -c -fmessage-length=0 -MT"src/DMAInterface.o" -mcpu=cortex-a9 -mfpu=vfpv3 -mfloat-abi=hard -I../../BandwidthAssessment_bsp/ps7_cortexa9_0/include -MMD -MP -MF"src/DMAInterface.d" -MT"src/DMAInterface.o" -o "src/DMAInterface.o" "../src/DMAInterface.c"
../src/DMAInterface.c:10:50: error: unknown type name 'boolean'
 int initXAxiDmaSimplePollMode(DeviceID deviceID, boolean send, boolean recv) {
                                                  ^~~~~~~
../src/DMAInterface.c:10:64: error: unknown type name 'boolean'
 int initXAxiDmaSimplePollMode(DeviceID deviceID, boolean send, boolean recv) {
                                                                ^~~~~~~
make: *** [src/DMAInterface.o] Error 1
13:09:34 **** Auto Build of configuration Debug for project BandwidthAssessment ****
make pre-build main-build 
a9-linaro-pre-build-step
 
Building file: ../src/DMAInterface.c
Invoking: ARM v7 gcc compiler
arm-none-eabi-gcc -Wall -O0 -g3 -c -fmessage-length=0 -MT"src/DMAInterface.o" -mcpu=cortex-a9 -mfpu=vfpv3 -mfloat-abi=hard -I../../BandwidthAssessment_bsp/ps7_cortexa9_0/include -MMD -MP -MF"src/DMAInterface.d" -MT"src/DMAInterface.o" -o "src/DMAInterface.o" "../src/DMAInterface.c"
../src/DMAInterface.c:10:5: error: conflicting types for 'initXAxiDmaSimplePollMode'
 int initXAxiDmaSimplePollMode(DeviceID deviceID, int send, int recv) {
     ^~~~~~~~~~~~~~~~~~~~~~~~~
In file included from ../src/DMAInterface.c:2:0:
../src/DMAInterface.h:18:5: note: previous declaration of 'initXAxiDmaSimplePollMode' was here
 int initXAxiDmaSimplePollMode(DeviceID deviceID);
     ^~~~~~~~~~~~~~~~~~~~~~~~~
make: *** [src/DMAInterface.o] Error 1
13:09:45 **** Auto Build of configuration Debug for project BandwidthAssessment ****
make pre-build main-build 
a9-linaro-pre-build-step
 
Building file: ../src/DMAInterface.c
Invoking: ARM v7 gcc compiler
arm-none-eabi-gcc -Wall -O0 -g3 -c -fmessage-length=0 -MT"src/DMAInterface.o" -mcpu=cortex-a9 -mfpu=vfpv3 -mfloat-abi=hard -I../../BandwidthAssessment_bsp/ps7_cortexa9_0/include -MMD -MP -MF"src/DMAInterface.d" -MT"src/DMAInterface.o" -o "src/DMAInterface.o" "../src/DMAInterface.c"
../src/DMAInterface.c:10:50: error: unknown type name 'bool'; did you mean '_Bool'?
 int initXAxiDmaSimplePollMode(DeviceID deviceID, bool send, bool recv) {
                                                  ^~~~
                                                  _Bool
../src/DMAInterface.c:10:61: error: unknown type name 'bool'; did you mean '_Bool'?
 int initXAxiDmaSimplePollMode(DeviceID deviceID, bool send, bool recv) {
                                                             ^~~~
                                                             _Bool
make: *** [src/DMAInterface.o] Error 1
13:10:02 **** Auto Build of configuration Debug for project BandwidthAssessment ****
make pre-build main-build 
a9-linaro-pre-build-step
 
Building file: ../src/DMAInterface.c
Invoking: ARM v7 gcc compiler
arm-none-eabi-gcc -Wall -O0 -g3 -c -fmessage-length=0 -MT"src/DMAInterface.o" -mcpu=cortex-a9 -mfpu=vfpv3 -mfloat-abi=hard -I../../BandwidthAssessment_bsp/ps7_cortexa9_0/include -MMD -MP -MF"src/DMAInterface.d" -MT"src/DMAInterface.o" -o "src/DMAInterface.o" "../src/DMAInterface.c"
../src/DMAInterface.c:10:5: error: conflicting types for 'initXAxiDmaSimplePollMode'
 int initXAxiDmaSimplePollMode(DeviceID deviceID, _Bool send, _Bool recv) {
     ^~~~~~~~~~~~~~~~~~~~~~~~~
In file included from ../src/DMAInterface.c:2:0:
../src/DMAInterface.h:18:5: note: previous declaration of 'initXAxiDmaSimplePollMode' was here
 int initXAxiDmaSimplePollMode(DeviceID deviceID);
     ^~~~~~~~~~~~~~~~~~~~~~~~~
make: *** [src/DMAInterface.o] Error 1
13:10:30 **** Auto Build of configuration Debug for project BandwidthAssessment ****
make pre-build main-build 
a9-linaro-pre-build-step
 
Building file: ../src/DMAInterface.c
Invoking: ARM v7 gcc compiler
arm-none-eabi-gcc -Wall -O0 -g3 -c -fmessage-length=0 -MT"src/DMAInterface.o" -mcpu=cortex-a9 -mfpu=vfpv3 -mfloat-abi=hard -I../../BandwidthAssessment_bsp/ps7_cortexa9_0/include -MMD -MP -MF"src/DMAInterface.d" -MT"src/DMAInterface.o" -o "src/DMAInterface.o" "../src/DMAInterface.c"
../src/DMAInterface.c: In function 'initXAxiDmaSimplePollMode':
../src/DMAInterface.c:10:74: error: expected '=', ',', ';', 'asm' or '__attribute__' before '{' token
 int initXAxiDmaSimplePollMode(DeviceID deviceID, _Bool send, _Bool recv) {
                                                                          ^
../src/DMAInterface.c:24:71: error: expected '=', ',', ';', 'asm' or '__attribute__' before '{' token
 int DMATransfer(void *baseAddr, int nBytes, Way w, DeviceID deviceID) {
                                                                       ^
../src/DMAInterface.c:33:53: error: expected '=', ',', ';', 'asm' or '__attribute__' before '{' token
 void DMAWaitForCompletion(Way w, DeviceID deviceID) {
                                                     ^
In file included from ../src/DMAInterface.c:2:0:
../src/DMAInterface.h:9:5: error: old-style parameter declarations in prototyped function definition
 int initXAxiDmaSimplePollMode(DeviceID deviceID, _Bool send, _Bool recv)
     ^~~~~~~~~~~~~~~~~~~~~~~~~
../src/DMAInterface.c:38:1: error: expected '{' at end of input
 }
 ^
../src/DMAInterface.c:38:1: warning: control reaches end of non-void function [-Wreturn-type]
 }
 ^
make: *** [src/DMAInterface.o] Error 1
13:10:33 **** Auto Build of configuration Debug for project BandwidthAssessment ****
make pre-build main-build 
a9-linaro-pre-build-step
 
Building file: ../src/DMAInterface.c
Invoking: ARM v7 gcc compiler
arm-none-eabi-gcc -Wall -O0 -g3 -c -fmessage-length=0 -MT"src/DMAInterface.o" -mcpu=cortex-a9 -mfpu=vfpv3 -mfloat-abi=hard -I../../BandwidthAssessment_bsp/ps7_cortexa9_0/include -MMD -MP -MF"src/DMAInterface.d" -MT"src/DMAInterface.o" -o "src/DMAInterface.o" "../src/DMAInterface.c"
Finished building: ../src/DMAInterface.c
 
Building target: BandwidthAssessment.elf
Invoking: ARM v7 gcc linker
arm-none-eabi-gcc -mcpu=cortex-a9 -mfpu=vfpv3 -mfloat-abi=hard -Wl,-build-id=none -specs=Xilinx.spec -Wl,-T -Wl,../src/lscript.ld -L../../BandwidthAssessment_bsp/ps7_cortexa9_0/lib -o "BandwidthAssessment.elf"  ./src/DMAInterface.o ./src/main.o   -Wl,--start-group,-lxil,-lgcc,-lc,--end-group
Finished building target: BandwidthAssessment.elf
 
Invoking: ARM v7 Print Size
arm-none-eabi-size BandwidthAssessment.elf  |tee "BandwidthAssessment.elf.size"
   text	   data	    bss	    dec	    hex	filename
  35184	   2320	  28616	  66120	  10248	BandwidthAssessment.elf
Finished building: BandwidthAssessment.elf.size
 
13:10:44 **** Auto Build of configuration Debug for project BandwidthAssessment ****
make pre-build main-build 
a9-linaro-pre-build-step
 
Building file: ../src/DMAInterface.c
Invoking: ARM v7 gcc compiler
arm-none-eabi-gcc -Wall -O0 -g3 -c -fmessage-length=0 -MT"src/DMAInterface.o" -mcpu=cortex-a9 -mfpu=vfpv3 -mfloat-abi=hard -I../../BandwidthAssessment_bsp/ps7_cortexa9_0/include -MMD -MP -MF"src/DMAInterface.d" -MT"src/DMAInterface.o" -o "src/DMAInterface.o" "../src/DMAInterface.c"
Finished building: ../src/DMAInterface.c
 
Building target: BandwidthAssessment.elf
Invoking: ARM v7 gcc linker
arm-none-eabi-gcc -mcpu=cortex-a9 -mfpu=vfpv3 -mfloat-abi=hard -Wl,-build-id=none -specs=Xilinx.spec -Wl,-T -Wl,../src/lscript.ld -L../../BandwidthAssessment_bsp/ps7_cortexa9_0/lib -o "BandwidthAssessment.elf"  ./src/DMAInterface.o ./src/main.o   -Wl,--start-group,-lxil,-lgcc,-lc,--end-group
Finished building target: BandwidthAssessment.elf
 
Invoking: ARM v7 Print Size
arm-none-eabi-size BandwidthAssessment.elf  |tee "BandwidthAssessment.elf.size"
   text	   data	    bss	    dec	    hex	filename
  35184	   2320	  30488	  67992	  10998	BandwidthAssessment.elf
Finished building: BandwidthAssessment.elf.size
 
13:11:48 **** Auto Build of configuration Debug for project BandwidthAssessment ****
make pre-build main-build 
a9-linaro-pre-build-step
 
Building file: ../src/DMAInterface.c
Invoking: ARM v7 gcc compiler
arm-none-eabi-gcc -Wall -O0 -g3 -c -fmessage-length=0 -MT"src/DMAInterface.o" -mcpu=cortex-a9 -mfpu=vfpv3 -mfloat-abi=hard -I../../BandwidthAssessment_bsp/ps7_cortexa9_0/include -MMD -MP -MF"src/DMAInterface.d" -MT"src/DMAInterface.o" -o "src/DMAInterface.o" "../src/DMAInterface.c"
Finished building: ../src/DMAInterface.c
 
Building target: BandwidthAssessment.elf
Invoking: ARM v7 gcc linker
arm-none-eabi-gcc -mcpu=cortex-a9 -mfpu=vfpv3 -mfloat-abi=hard -Wl,-build-id=none -specs=Xilinx.spec -Wl,-T -Wl,../src/lscript.ld -L../../BandwidthAssessment_bsp/ps7_cortexa9_0/lib -o "BandwidthAssessment.elf"  ./src/DMAInterface.o ./src/main.o   -Wl,--start-group,-lxil,-lgcc,-lc,--end-group
Finished building target: BandwidthAssessment.elf
 
Invoking: ARM v7 Print Size
arm-none-eabi-size BandwidthAssessment.elf  |tee "BandwidthAssessment.elf.size"
   text	   data	    bss	    dec	    hex	filename
  35184	   2320	  30488	  67992	  10998	BandwidthAssessment.elf
Finished building: BandwidthAssessment.elf.size
 
13:12:25 **** Auto Build of configuration Debug for project BandwidthAssessment ****
make pre-build main-build 
a9-linaro-pre-build-step
 
Building file: ../src/DMAInterface.c
Invoking: ARM v7 gcc compiler
arm-none-eabi-gcc -Wall -O0 -g3 -c -fmessage-length=0 -MT"src/DMAInterface.o" -mcpu=cortex-a9 -mfpu=vfpv3 -mfloat-abi=hard -I../../BandwidthAssessment_bsp/ps7_cortexa9_0/include -MMD -MP -MF"src/DMAInterface.d" -MT"src/DMAInterface.o" -o "src/DMAInterface.o" "../src/DMAInterface.c"
In file included from ../src/DMAInterface.c:2:0:
../src/DMAInterface.h:7:14: error: redeclaration of enumerator 'send'
 typedef enum{send, recv} Way;
              ^~~~
../src/DMAInterface.h:6:14: note: previous definition of 'send' was here
 typedef enum{send, recv, dual} Mode;
              ^~~~
../src/DMAInterface.h:7:20: error: redeclaration of enumerator 'recv'
 typedef enum{send, recv} Way;
                    ^~~~
../src/DMAInterface.h:6:20: note: previous definition of 'recv' was here
 typedef enum{send, recv, dual} Mode;
                    ^~~~
make: *** [src/DMAInterface.o] Error 1
13:12:47 **** Auto Build of configuration Debug for project BandwidthAssessment ****
make pre-build main-build 
a9-linaro-pre-build-step
 
Building file: ../src/DMAInterface.c
Invoking: ARM v7 gcc compiler
arm-none-eabi-gcc -Wall -O0 -g3 -c -fmessage-length=0 -MT"src/DMAInterface.o" -mcpu=cortex-a9 -mfpu=vfpv3 -mfloat-abi=hard -I../../BandwidthAssessment_bsp/ps7_cortexa9_0/include -MMD -MP -MF"src/DMAInterface.d" -MT"src/DMAInterface.o" -o "src/DMAInterface.o" "../src/DMAInterface.c"
Finished building: ../src/DMAInterface.c
 
Building target: BandwidthAssessment.elf
Invoking: ARM v7 gcc linker
arm-none-eabi-gcc -mcpu=cortex-a9 -mfpu=vfpv3 -mfloat-abi=hard -Wl,-build-id=none -specs=Xilinx.spec -Wl,-T -Wl,../src/lscript.ld -L../../BandwidthAssessment_bsp/ps7_cortexa9_0/lib -o "BandwidthAssessment.elf"  ./src/DMAInterface.o ./src/main.o   -Wl,--start-group,-lxil,-lgcc,-lc,--end-group
Finished building target: BandwidthAssessment.elf
 
Invoking: ARM v7 Print Size
arm-none-eabi-size BandwidthAssessment.elf  |tee "BandwidthAssessment.elf.size"
   text	   data	    bss	    dec	    hex	filename
  35184	   2320	  30488	  67992	  10998	BandwidthAssessment.elf
Finished building: BandwidthAssessment.elf.size
 
13:12:52 **** Auto Build of configuration Debug for project BandwidthAssessment ****
make pre-build main-build 
a9-linaro-pre-build-step
 
Building file: ../src/DMAInterface.c
Invoking: ARM v7 gcc compiler
arm-none-eabi-gcc -Wall -O0 -g3 -c -fmessage-length=0 -MT"src/DMAInterface.o" -mcpu=cortex-a9 -mfpu=vfpv3 -mfloat-abi=hard -I../../BandwidthAssessment_bsp/ps7_cortexa9_0/include -MMD -MP -MF"src/DMAInterface.d" -MT"src/DMAInterface.o" -o "src/DMAInterface.o" "../src/DMAInterface.c"
Finished building: ../src/DMAInterface.c
 
Building target: BandwidthAssessment.elf
Invoking: ARM v7 gcc linker
arm-none-eabi-gcc -mcpu=cortex-a9 -mfpu=vfpv3 -mfloat-abi=hard -Wl,-build-id=none -specs=Xilinx.spec -Wl,-T -Wl,../src/lscript.ld -L../../BandwidthAssessment_bsp/ps7_cortexa9_0/lib -o "BandwidthAssessment.elf"  ./src/DMAInterface.o ./src/main.o   -Wl,--start-group,-lxil,-lgcc,-lc,--end-group
Finished building target: BandwidthAssessment.elf
 
Invoking: ARM v7 Print Size
arm-none-eabi-size BandwidthAssessment.elf  |tee "BandwidthAssessment.elf.size"
   text	   data	    bss	    dec	    hex	filename
  35184	   2320	  30488	  67992	  10998	BandwidthAssessment.elf
Finished building: BandwidthAssessment.elf.size
 
13:13:03 **** Auto Build of configuration Debug for project BandwidthAssessment ****
make pre-build main-build 
a9-linaro-pre-build-step
 
Building file: ../src/DMAInterface.c
Invoking: ARM v7 gcc compiler
arm-none-eabi-gcc -Wall -O0 -g3 -c -fmessage-length=0 -MT"src/DMAInterface.o" -mcpu=cortex-a9 -mfpu=vfpv3 -mfloat-abi=hard -I../../BandwidthAssessment_bsp/ps7_cortexa9_0/include -MMD -MP -MF"src/DMAInterface.d" -MT"src/DMAInterface.o" -o "src/DMAInterface.o" "../src/DMAInterface.c"
Finished building: ../src/DMAInterface.c
 
Building target: BandwidthAssessment.elf
Invoking: ARM v7 gcc linker
arm-none-eabi-gcc -mcpu=cortex-a9 -mfpu=vfpv3 -mfloat-abi=hard -Wl,-build-id=none -specs=Xilinx.spec -Wl,-T -Wl,../src/lscript.ld -L../../BandwidthAssessment_bsp/ps7_cortexa9_0/lib -o "BandwidthAssessment.elf"  ./src/DMAInterface.o ./src/main.o   -Wl,--start-group,-lxil,-lgcc,-lc,--end-group
Finished building target: BandwidthAssessment.elf
 
Invoking: ARM v7 Print Size
arm-none-eabi-size BandwidthAssessment.elf  |tee "BandwidthAssessment.elf.size"
   text	   data	    bss	    dec	    hex	filename
  35184	   2320	  30488	  67992	  10998	BandwidthAssessment.elf
Finished building: BandwidthAssessment.elf.size
 
13:13:17 **** Auto Build of configuration Debug for project BandwidthAssessment ****
make pre-build main-build 
a9-linaro-pre-build-step
 
Building file: ../src/DMAInterface.c
Invoking: ARM v7 gcc compiler
[...]
Running Make include in ps7_cortexa9_0/libsrc/axidma_v9_8/src
make -C ps7_cortexa9_0/libsrc/axidma_v9_8/src -s include  "SHELL=/bin/sh" "COMPILER=arm-none-eabi-gcc" "ARCHIVER=arm-none-eabi-ar" "COMPILER_FLAGS=  -O2 -c" "EXTRA_COMPILER_FLAGS=-mcpu=cortex-a9 -mfpu=vfpv3 -mfloat-abi=hard -nostartfiles -g -Wall -Wextra"
Running Make include in ps7_cortexa9_0/libsrc/scugic_v3_10/src
make -C ps7_cortexa9_0/libsrc/scugic_v3_10/src -s include  "SHELL=/bin/sh" "COMPILER=arm-none-eabi-gcc" "ARCHIVER=arm-none-eabi-ar" "COMPILER_FLAGS=  -O2 -c" "EXTRA_COMPILER_FLAGS=-mcpu=cortex-a9 -mfpu=vfpv3 -mfloat-abi=hard -nostartfiles -g -Wall -Wextra"
Running Make include in ps7_cortexa9_0/libsrc/xadcps_v2_3/src
make -C ps7_cortexa9_0/libsrc/xadcps_v2_3/src -s include  "SHELL=/bin/sh" "COMPILER=arm-none-eabi-gcc" "ARCHIVER=arm-none-eabi-ar" "COMPILER_FLAGS=  -O2 -c" "EXTRA_COMPILER_FLAGS=-mcpu=cortex-a9 -mfpu=vfpv3 -mfloat-abi=hard -nostartfiles -g -Wall -Wextra"
Running Make include in ps7_cortexa9_0/libsrc/devcfg_v3_5/src
make -C ps7_cortexa9_0/libsrc/devcfg_v3_5/src -s include  "SHELL=/bin/sh" "COMPILER=arm-none-eabi-gcc" "ARCHIVER=arm-none-eabi-ar" "COMPILER_FLAGS=  -O2 -c" "EXTRA_COMPILER_FLAGS=-mcpu=cortex-a9 -mfpu=vfpv3 -mfloat-abi=hard -nostartfiles -g -Wall -Wextra"
Running Make include in ps7_cortexa9_0/libsrc/scuwdt_v2_1/src
make -C ps7_cortexa9_0/libsrc/scuwdt_v2_1/src -s include  "SHELL=/bin/sh" "COMPILER=arm-none-eabi-gcc" "ARCHIVER=arm-none-eabi-ar" "COMPILER_FLAGS=  -O2 -c" "EXTRA_COMPILER_FLAGS=-mcpu=cortex-a9 -mfpu=vfpv3 -mfloat-abi=hard -nostartfiles -g -Wall -Wextra"
Running Make include in ps7_cortexa9_0/libsrc/uartps_v3_7/src
make -C ps7_cortexa9_0/libsrc/uartps_v3_7/src -s include  "SHELL=/bin/sh" "COMPILER=arm-none-eabi-gcc" "ARCHIVER=arm-none-eabi-ar" "COMPILER_FLAGS=  -O2 -c" "EXTRA_COMPILER_FLAGS=-mcpu=cortex-a9 -mfpu=vfpv3 -mfloat-abi=hard -nostartfiles -g -Wall -Wextra"
Running Make include in ps7_cortexa9_0/libsrc/coresightps_dcc_v1_4/src
make -C ps7_cortexa9_0/libsrc/coresightps_dcc_v1_4/src -s include  "SHELL=/bin/sh" "COMPILER=arm-none-eabi-gcc" "ARCHIVER=arm-none-eabi-ar" "COMPILER_FLAGS=  -O2 -c" "EXTRA_COMPILER_FLAGS=-mcpu=cortex-a9 -mfpu=vfpv3 -mfloat-abi=hard -nostartfiles -g -Wall -Wextra"
Running Make include in ps7_cortexa9_0/libsrc/scutimer_v2_1/src
make -C ps7_cortexa9_0/libsrc/scutimer_v2_1/src -s include  "SHELL=/bin/sh" "COMPILER=arm-none-eabi-gcc" "ARCHIVER=arm-none-eabi-ar" "COMPILER_FLAGS=  -O2 -c" "EXTRA_COMPILER_FLAGS=-mcpu=cortex-a9 -mfpu=vfpv3 -mfloat-abi=hard -nostartfiles -g -Wall -Wextra"
Running Make libs in ps7_cortexa9_0/libsrc/ddrps_v1_0/src
make -C ps7_cortexa9_0/libsrc/ddrps_v1_0/src -s libs  "SHELL=/bin/sh" "COMPILER=arm-none-eabi-gcc" "ARCHIVER=arm-none-eabi-ar" "COMPILER_FLAGS=  -O2 -c" "EXTRA_COMPILER_FLAGS=-mcpu=cortex-a9 -mfpu=vfpv3 -mfloat-abi=hard -nostartfiles -g -Wall -Wextra"
Compiling ddrps
Running Make libs in ps7_cortexa9_0/libsrc/standalone_v6_8/src
make -C ps7_cortexa9_0/libsrc/standalone_v6_8/src -s libs  "SHELL=/bin/sh" "COMPILER=arm-none-eabi-gcc" "ARCHIVER=arm-none-eabi-ar" "COMPILER_FLAGS=  -O2 -c" "EXTRA_COMPILER_FLAGS=-mcpu=cortex-a9 -mfpu=vfpv3 -mfloat-abi=hard -nostartfiles -g -Wall -Wextra"
Compiling standalone
In file included from xtime_l.c:49:0:
xtime_l.h:87:9: note: #pragma message: For the sleep routines, Global timer is being used
 #pragma message ("For the sleep routines, Global timer is being used")
         ^~~~~~~
In file included from xil_sleeptimer.c:51:0:
xtime_l.h:87:9: note: #pragma message: For the sleep routines, Global timer is being used
 #pragma message ("For the sleep routines, Global timer is being used")
         ^~~~~~~
In file included from sleep.c:53:0:
xtime_l.h:87:9: note: #pragma message: For the sleep routines, Global timer is being used
 #pragma message ("For the sleep routines, Global timer is being used")
         ^~~~~~~
In file included from usleep.c:56:0:
xtime_l.h:87:9: note: #pragma message: For the sleep routines, Global timer is being used
 #pragma message ("For the sleep routines, Global timer is being used")
         ^~~~~~~
Running Make libs in ps7_cortexa9_0/libsrc/dmaps_v2_4/src
make -C ps7_cortexa9_0/libsrc/dmaps_v2_4/src -s libs  "SHELL=/bin/sh" "COMPILER=arm-none-eabi-gcc" "ARCHIVER=arm-none-eabi-ar" "COMPILER_FLAGS=  -O2 -c" "EXTRA_COMPILER_FLAGS=-mcpu=cortex-a9 -mfpu=vfpv3 -mfloat-abi=hard -nostartfiles -g -Wall -Wextra"
Compiling dmaps
Running Make libs in ps7_cortexa9_0/libsrc/cpu_cortexa9_v2_7/src
make -C ps7_cortexa9_0/libsrc/cpu_cortexa9_v2_7/src -s libs  "SHELL=/bin/sh" "COMPILER=arm-none-eabi-gcc" "ARCHIVER=arm-none-eabi-ar" "COMPILER_FLAGS=  -O2 -c" "EXTRA_COMPILER_FLAGS=-mcpu=cortex-a9 -mfpu=vfpv3 -mfloat-abi=hard -nostartfiles -g -Wall -Wextra"
Compiling cpu_cortexa9
Running Make libs in ps7_cortexa9_0/libsrc/axidma_v9_8/src
make -C ps7_cortexa9_0/libsrc/axidma_v9_8/src -s libs  "SHELL=/bin/sh" "COMPILER=arm-none-eabi-gcc" "ARCHIVER=arm-none-eabi-ar" "COMPILER_FLAGS=  -O2 -c" "EXTRA_COMPILER_FLAGS=-mcpu=cortex-a9 -mfpu=vfpv3 -mfloat-abi=hard -nostartfiles -g -Wall -Wextra"
Compiling axidma
Running Make libs in ps7_cortexa9_0/libsrc/scugic_v3_10/src
make -C ps7_cortexa9_0/libsrc/scugic_v3_10/src -s libs  "SHELL=/bin/sh" "COMPILER=arm-none-eabi-gcc" "ARCHIVER=arm-none-eabi-ar" "COMPILER_FLAGS=  -O2 -c" "EXTRA_COMPILER_FLAGS=-mcpu=cortex-a9 -mfpu=vfpv3 -mfloat-abi=hard -nostartfiles -g -Wall -Wextra"
Compiling scugic
Running Make libs in ps7_cortexa9_0/libsrc/xadcps_v2_3/src
make -C ps7_cortexa9_0/libsrc/xadcps_v2_3/src -s libs  "SHELL=/bin/sh" "COMPILER=arm-none-eabi-gcc" "ARCHIVER=arm-none-eabi-ar" "COMPILER_FLAGS=  -O2 -c" "EXTRA_COMPILER_FLAGS=-mcpu=cortex-a9 -mfpu=vfpv3 -mfloat-abi=hard -nostartfiles -g -Wall -Wextra"
Compiling xadcps
Running Make libs in ps7_cortexa9_0/libsrc/devcfg_v3_5/src
make -C ps7_cortexa9_0/libsrc/devcfg_v3_5/src -s libs  "SHELL=/bin/sh" "COMPILER=arm-none-eabi-gcc" "ARCHIVER=arm-none-eabi-ar" "COMPILER_FLAGS=  -O2 -c" "EXTRA_COMPILER_FLAGS=-mcpu=cortex-a9 -mfpu=vfpv3 -mfloat-abi=hard -nostartfiles -g -Wall -Wextra"
Compiling devcfg
Running Make libs in ps7_cortexa9_0/libsrc/scuwdt_v2_1/src
make -C ps7_cortexa9_0/libsrc/scuwdt_v2_1/src -s libs  "SHELL=/bin/sh" "COMPILER=arm-none-eabi-gcc" "ARCHIVER=arm-none-eabi-ar" "COMPILER_FLAGS=  -O2 -c" "EXTRA_COMPILER_FLAGS=-mcpu=cortex-a9 -mfpu=vfpv3 -mfloat-abi=hard -nostartfiles -g -Wall -Wextra"
Compiling scuwdt
Running Make libs in ps7_cortexa9_0/libsrc/uartps_v3_7/src
make -C ps7_cortexa9_0/libsrc/uartps_v3_7/src -s libs  "SHELL=/bin/sh" "COMPILER=arm-none-eabi-gcc" "ARCHIVER=arm-none-eabi-ar" "COMPILER_FLAGS=  -O2 -c" "EXTRA_COMPILER_FLAGS=-mcpu=cortex-a9 -mfpu=vfpv3 -mfloat-abi=hard -nostartfiles -g -Wall -Wextra"
Compiling uartps
Running Make libs in ps7_cortexa9_0/libsrc/coresightps_dcc_v1_4/src
make -C ps7_cortexa9_0/libsrc/coresightps_dcc_v1_4/src -s libs  "SHELL=/bin/sh" "COMPILER=arm-none-eabi-gcc" "ARCHIVER=arm-none-eabi-ar" "COMPILER_FLAGS=  -O2 -c" "EXTRA_COMPILER_FLAGS=-mcpu=cortex-a9 -mfpu=vfpv3 -mfloat-abi=hard -nostartfiles -g -Wall -Wextra"
Compiling coresightps_dcc
Running Make libs in ps7_cortexa9_0/libsrc/scutimer_v2_1/src
make -C ps7_cortexa9_0/libsrc/scutimer_v2_1/src -s libs  "SHELL=/bin/sh" "COMPILER=arm-none-eabi-gcc" "ARCHIVER=arm-none-eabi-ar" "COMPILER_FLAGS=  -O2 -c" "EXTRA_COMPILER_FLAGS=-mcpu=cortex-a9 -mfpu=vfpv3 -mfloat-abi=hard -nostartfiles -g -Wall -Wextra"
Compiling scutimer
Finished building libraries
14:01:34 **** Auto Build of configuration Debug for project BandwidthAssessment ****
make pre-build main-build 
a9-linaro-pre-build-step
 
Building file: ../src/DMAInterface.c
Invoking: ARM v7 gcc compiler
arm-none-eabi-gcc -Wall -O0 -g3 -c -fmessage-length=0 -MT"src/DMAInterface.o" -mcpu=cortex-a9 -mfpu=vfpv3 -mfloat-abi=hard -I../../BandwidthAssessment_bsp/ps7_cortexa9_0/include -MMD -MP -MF"src/DMAInterface.d" -MT"src/DMAInterface.o" -o "src/DMAInterface.o" "../src/DMAInterface.c"
Finished building: ../src/DMAInterface.c
 
Building file: ../src/main.c
Invoking: ARM v7 gcc compiler
arm-none-eabi-gcc -Wall -O0 -g3 -c -fmessage-length=0 -MT"src/main.o" -mcpu=cortex-a9 -mfpu=vfpv3 -mfloat-abi=hard -I../../BandwidthAssessment_bsp/ps7_cortexa9_0/include -MMD -MP -MF"src/main.d" -MT"src/main.o" -o "src/main.o" "../src/main.c"
In file included from ../src/main.c:4:0:
../../BandwidthAssessment_bsp/ps7_cortexa9_0/include/xtime_l.h:87:9: note: #pragma message: For the sleep routines, Global timer is being used
 #pragma message ("For the sleep routines, Global timer is being used")
         ^~~~~~~
Finished building: ../src/main.c
 
Building target: BandwidthAssessment.elf
Invoking: ARM v7 gcc linker
arm-none-eabi-gcc -mcpu=cortex-a9 -mfpu=vfpv3 -mfloat-abi=hard -Wl,-build-id=none -specs=Xilinx.spec -Wl,-T -Wl,../src/lscript.ld -L../../BandwidthAssessment_bsp/ps7_cortexa9_0/lib -o "BandwidthAssessment.elf"  ./src/DMAInterface.o ./src/main.o   -lm -Wl,--start-group,-lxil,-lgcc,-lc,--end-group
Finished building target: BandwidthAssessment.elf
 
Invoking: ARM v7 Print Size
arm-none-eabi-size BandwidthAssessment.elf  |tee "BandwidthAssessment.elf.size"
   text	   data	    bss	    dec	    hex	filename
  87276	   3128	  87488	 177892	  2b6e4	BandwidthAssessment.elf
Finished building: BandwidthAssessment.elf.size
 
15:07:51 **** Auto Build of configuration Debug for project BandwidthAssessment ****
make pre-build main-build 
a9-linaro-pre-build-step
 
Building file: ../src/main.c
Invoking: ARM v7 gcc compiler
arm-none-eabi-gcc -Wall -O0 -g3 -c -fmessage-length=0 -MT"src/main.o" -mcpu=cortex-a9 -mfpu=vfpv3 -mfloat-abi=hard -I../../BandwidthAssessment_bsp/ps7_cortexa9_0/include -MMD -MP -MF"src/main.d" -MT"src/main.o" -o "src/main.o" "../src/main.c"
In file included from ../src/main.c:4:0:
../../BandwidthAssessment_bsp/ps7_cortexa9_0/include/xtime_l.h:87:9: note: #pragma message: For the sleep routines, Global timer is being used
 #pragma message ("For the sleep routines, Global timer is being used")
         ^~~~~~~
Finished building: ../src/main.c
 
Building target: BandwidthAssessment.elf
Invoking: ARM v7 gcc linker
arm-none-eabi-gcc -mcpu=cortex-a9 -mfpu=vfpv3 -mfloat-abi=hard -Wl,-build-id=none -specs=Xilinx.spec -Wl,-T -Wl,../src/lscript.ld -L../../BandwidthAssessment_bsp/ps7_cortexa9_0/lib -o "BandwidthAssessment.elf"  ./src/DMAInterface.o ./src/main.o   -lm -Wl,--start-group,-lxil,-lgcc,-lc,--end-group
Finished building target: BandwidthAssessment.elf
 
Invoking: ARM v7 Print Size
arm-none-eabi-size BandwidthAssessment.elf  |tee "BandwidthAssessment.elf.size"
   text	   data	    bss	    dec	    hex	filename
  87956	   3128	  87488	 178572	  2b98c	BandwidthAssessment.elf
Finished building: BandwidthAssessment.elf.size
 
15:08:13 **** Incremental Build of configuration Debug for project BandwidthAssessment ****
make pre-build main-build 
a9-linaro-pre-build-step
 
make: Nothing to be done for `main-build'.
15:10:08 **** Auto Build of configuration Debug for project BandwidthAssessment ****
make pre-build main-build 
a9-linaro-pre-build-step
 
Building file: ../src/main.c
Invoking: ARM v7 gcc compiler
arm-none-eabi-gcc -Wall -O0 -g3 -c -fmessage-length=0 -MT"src/main.o" -mcpu=cortex-a9 -mfpu=vfpv3 -mfloat-abi=hard -I../../BandwidthAssessment_bsp/ps7_cortexa9_0/include -MMD -MP -MF"src/main.d" -MT"src/main.o" -o "src/main.o" "../src/main.c"
In file included from ../src/main.c:4:0:
../../BandwidthAssessment_bsp/ps7_cortexa9_0/include/xtime_l.h:87:9: note: #pragma message: For the sleep routines, Global timer is being used
 #pragma message ("For the sleep routines, Global timer is being used")
         ^~~~~~~
Finished building: ../src/main.c
 
Building target: BandwidthAssessment.elf
Invoking: ARM v7 gcc linker
arm-none-eabi-gcc -mcpu=cortex-a9 -mfpu=vfpv3 -mfloat-abi=hard -Wl,-build-id=none -specs=Xilinx.spec -Wl,-T -Wl,../src/lscript.ld -L../../BandwidthAssessment_bsp/ps7_cortexa9_0/lib -o "BandwidthAssessment.elf"  ./src/DMAInterface.o ./src/main.o   -lm -Wl,--start-group,-lxil,-lgcc,-lc,--end-group
Finished building target: BandwidthAssessment.elf
 
Invoking: ARM v7 Print Size
arm-none-eabi-size BandwidthAssessment.elf  |tee "BandwidthAssessment.elf.size"
   text	   data	    bss	    dec	    hex	filename
  88484	   3128	  87488	 179100	  2bb9c	BandwidthAssessment.elf
Finished building: BandwidthAssessment.elf.size
 
15:10:11 **** Auto Build of configuration Debug for project BandwidthAssessment ****
make pre-build main-build 
a9-linaro-pre-build-step
 
Building file: ../src/main.c
Invoking: ARM v7 gcc compiler
arm-none-eabi-gcc -Wall -O0 -g3 -c -fmessage-length=0 -MT"src/main.o" -mcpu=cortex-a9 -mfpu=vfpv3 -mfloat-abi=hard -I../../BandwidthAssessment_bsp/ps7_cortexa9_0/include -MMD -MP -MF"src/main.d" -MT"src/main.o" -o "src/main.o" "../src/main.c"
In file included from ../src/main.c:4:0:
../../BandwidthAssessment_bsp/ps7_cortexa9_0/include/xtime_l.h:87:9: note: #pragma message: For the sleep routines, Global timer is being used
 #pragma message ("For the sleep routines, Global timer is being used")
         ^~~~~~~
Finished building: ../src/main.c
 
Building target: BandwidthAssessment.elf
Invoking: ARM v7 gcc linker
arm-none-eabi-gcc -mcpu=cortex-a9 -mfpu=vfpv3 -mfloat-abi=hard -Wl,-build-id=none -specs=Xilinx.spec -Wl,-T -Wl,../src/lscript.ld -L../../BandwidthAssessment_bsp/ps7_cortexa9_0/lib -o "BandwidthAssessment.elf"  ./src/DMAInterface.o ./src/main.o   -lm -Wl,--start-group,-lxil,-lgcc,-lc,--end-group
Finished building target: BandwidthAssessment.elf
 
Invoking: ARM v7 Print Size
arm-none-eabi-size BandwidthAssessment.elf  |tee "BandwidthAssessment.elf.size"
   text	   data	    bss	    dec	    hex	filename
  88228	   3128	  87488	 178844	  2ba9c	BandwidthAssessment.elf
Finished building: BandwidthAssessment.elf.size
 
15:11:16 **** Auto Build of configuration Debug for project BandwidthAssessment ****
make pre-build main-build 
a9-linaro-pre-build-step
 
Building file: ../src/main.c
Invoking: ARM v7 gcc compiler
arm-none-eabi-gcc -Wall -O0 -g3 -c -fmessage-length=0 -MT"src/main.o" -mcpu=cortex-a9 -mfpu=vfpv3 -mfloat-abi=hard -I../../BandwidthAssessment_bsp/ps7_cortexa9_0/include -MMD -MP -MF"src/main.d" -MT"src/main.o" -o "src/main.o" "../src/main.c"
In file included from ../src/main.c:4:0:
../../BandwidthAssessment_bsp/ps7_cortexa9_0/include/xtime_l.h:87:9: note: #pragma message: For the sleep routines, Global timer is being used
 #pragma message ("For the sleep routines, Global timer is being used")
         ^~~~~~~
Finished building: ../src/main.c
 
Building target: BandwidthAssessment.elf
Invoking: ARM v7 gcc linker
arm-none-eabi-gcc -mcpu=cortex-a9 -mfpu=vfpv3 -mfloat-abi=hard -Wl,-build-id=none -specs=Xilinx.spec -Wl,-T -Wl,../src/lscript.ld -L../../BandwidthAssessment_bsp/ps7_cortexa9_0/lib -o "BandwidthAssessment.elf"  ./src/DMAInterface.o ./src/main.o   -lm -Wl,--start-group,-lxil,-lgcc,-lc,--end-group
Finished building target: BandwidthAssessment.elf
 
Invoking: ARM v7 Print Size
arm-none-eabi-size BandwidthAssessment.elf  |tee "BandwidthAssessment.elf.size"
   text	   data	    bss	    dec	    hex	filename
  88228	   3128	  87488	 178844	  2ba9c	BandwidthAssessment.elf
Finished building: BandwidthAssessment.elf.size
 
15:12:06 **** Auto Build of configuration Debug for project BandwidthAssessment ****
make pre-build main-build 
a9-linaro-pre-build-step
 
Building file: ../src/main.c
Invoking: ARM v7 gcc compiler
arm-none-eabi-gcc -Wall -O0 -g3 -c -fmessage-length=0 -MT"src/main.o" -mcpu=cortex-a9 -mfpu=vfpv3 -mfloat-abi=hard -I../../BandwidthAssessment_bsp/ps7_cortexa9_0/include -MMD -MP -MF"src/main.d" -MT"src/main.o" -o "src/main.o" "../src/main.c"
In file included from ../src/main.c:4:0:
../../BandwidthAssessment_bsp/ps7_cortexa9_0/include/xtime_l.h:87:9: note: #pragma message: For the sleep routines, Global timer is being used
 #pragma message ("For the sleep routines, Global timer is being used")
         ^~~~~~~
Finished building: ../src/main.c
 
Building target: BandwidthAssessment.elf
Invoking: ARM v7 gcc linker
arm-none-eabi-gcc -mcpu=cortex-a9 -mfpu=vfpv3 -mfloat-abi=hard -Wl,-build-id=none -specs=Xilinx.spec -Wl,-T -Wl,../src/lscript.ld -L../../BandwidthAssessment_bsp/ps7_cortexa9_0/lib -o "BandwidthAssessment.elf"  ./src/DMAInterface.o ./src/main.o   -lm -Wl,--start-group,-lxil,-lgcc,-lc,--end-group
Finished building target: BandwidthAssessment.elf
 
Invoking: ARM v7 Print Size
arm-none-eabi-size BandwidthAssessment.elf  |tee "BandwidthAssessment.elf.size"
   text	   data	    bss	    dec	    hex	filename
  88228	   3128	  87488	 178844	  2ba9c	BandwidthAssessment.elf
Finished building: BandwidthAssessment.elf.size
 
15:13:29 **** Auto Build of configuration Debug for project BandwidthAssessment ****
make pre-build main-build 
a9-linaro-pre-build-step
 
Building file: ../src/main.c
Invoking: ARM v7 gcc compiler
arm-none-eabi-gcc -Wall -O0 -g3 -c -fmessage-length=0 -MT"src/main.o" -mcpu=cortex-a9 -mfpu=vfpv3 -mfloat-abi=hard -I../../BandwidthAssessment_bsp/ps7_cortexa9_0/include -MMD -MP -MF"src/main.d" -MT"src/main.o" -o "src/main.o" "../src/main.c"
In file included from ../src/main.c:4:0:
../../BandwidthAssessment_bsp/ps7_cortexa9_0/include/xtime_l.h:87:9: note: #pragma message: For the sleep routines, Global timer is being used
 #pragma message ("For the sleep routines, Global timer is being used")
         ^~~~~~~
Finished building: ../src/main.c
 
Building target: BandwidthAssessment.elf
Invoking: ARM v7 gcc linker
arm-none-eabi-gcc -mcpu=cortex-a9 -mfpu=vfpv3 -mfloat-abi=hard -Wl,-build-id=none -specs=Xilinx.spec -Wl,-T -Wl,../src/lscript.ld -L../../BandwidthAssessment_bsp/ps7_cortexa9_0/lib -o "BandwidthAssessment.elf"  ./src/DMAInterface.o ./src/main.o   -lm -Wl,--start-group,-lxil,-lgcc,-lc,--end-group
Finished building target: BandwidthAssessment.elf
 
Invoking: ARM v7 Print Size
arm-none-eabi-size BandwidthAssessment.elf  |tee "BandwidthAssessment.elf.size"
   text	   data	    bss	    dec	    hex	filename
  88228	   3128	  87488	 178844	  2ba9c	BandwidthAssessment.elf
Finished building: BandwidthAssessment.elf.size
 
15:13:32 **** Incremental Build of configuration Debug for project BandwidthAssessment ****
make pre-build main-build 
a9-linaro-pre-build-step
 
make: Nothing to be done for `main-build'.
15:16:04 **** Auto Build of configuration Debug for project BandwidthAssessment ****
make pre-build main-build 
a9-linaro-pre-build-step
 
Building file: ../src/main.c
Invoking: ARM v7 gcc compiler
arm-none-eabi-gcc -Wall -O0 -g3 -c -fmessage-length=0 -MT"src/main.o" -mcpu=cortex-a9 -mfpu=vfpv3 -mfloat-abi=hard -I../../BandwidthAssessment_bsp/ps7_cortexa9_0/include -MMD -MP -MF"src/main.d" -MT"src/main.o" -o "src/main.o" "../src/main.c"
In file included from ../src/main.c:4:0:
../../BandwidthAssessment_bsp/ps7_cortexa9_0/include/xtime_l.h:87:9: note: #pragma message: For the sleep routines, Global timer is being used
 #pragma message ("For the sleep routines, Global timer is being used")
         ^~~~~~~
Finished building: ../src/main.c
 
Building target: BandwidthAssessment.elf
Invoking: ARM v7 gcc linker
arm-none-eabi-gcc -mcpu=cortex-a9 -mfpu=vfpv3 -mfloat-abi=hard -Wl,-build-id=none -specs=Xilinx.spec -Wl,-T -Wl,../src/lscript.ld -L../../BandwidthAssessment_bsp/ps7_cortexa9_0/lib -o "BandwidthAssessment.elf"  ./src/DMAInterface.o ./src/main.o   -lm -Wl,--start-group,-lxil,-lgcc,-lc,--end-group
Finished building target: BandwidthAssessment.elf
 
Invoking: ARM v7 Print Size
arm-none-eabi-size BandwidthAssessment.elf  |tee "BandwidthAssessment.elf.size"
   text	   data	    bss	    dec	    hex	filename
  87956	   3128	  87488	 178572	  2b98c	BandwidthAssessment.elf
Finished building: BandwidthAssessment.elf.size
 
