13:00:11 **** Build of project BandwidthAssessment_bsp ****
make -k all 
Running Make include in ps7_cortexa9_0/libsrc/ddrps_v1_0/src
make -C ps7_cortexa9_0/libsrc/ddrps_v1_0/src -s include  "SHELL=/bin/sh" "COMPILER=arm-none-eabi-gcc" "ARCHIVER=arm-none-eabi-ar" "COMPILER_FLAGS=  -O2 -c" "EXTRA_COMPILER_FLAGS=-mcpu=cortex-a9 -mfpu=vfpv3 -mfloat-abi=hard -nostartfiles -g -Wall -Wextra"
Running Make include in ps7_cortexa9_0/libsrc/standalone_v6_8/src
make -C ps7_cortexa9_0/libsrc/standalone_v6_8/src -s include  "SHELL=/bin/sh" "COMPILER=arm-none-eabi-gcc" "ARCHIVER=arm-none-eabi-ar" "COMPILER_FLAGS=  -O2 -c" "EXTRA_COMPILER_FLAGS=-mcpu=cortex-a9 -mfpu=vfpv3 -mfloat-abi=hard -nostartfiles -g -Wall -Wextra"
Running Make include in ps7_cortexa9_0/libsrc/dmaps_v2_4/src
make -C ps7_cortexa9_0/libsrc/dmaps_v2_4/src -s include  "SHELL=/bin/sh" "COMPILER=arm-none-eabi-gcc" "ARCHIVER=arm-none-eabi-ar" "COMPILER_FLAGS=  -O2 -c" "EXTRA_COMPILER_FLAGS=-mcpu=cortex-a9 -mfpu=vfpv3 -mfloat-abi=hard -nostartfiles -g -Wall -Wextra"
Running Make include in ps7_cortexa9_0/libsrc/cpu_cortexa9_v2_7/src
make -C ps7_cortexa9_0/libsrc/cpu_cortexa9_v2_7/src -s include  "SHELL=/bin/sh" "COMPILER=arm-none-eabi-gcc" "ARCHIVER=arm-none-eabi-ar" "COMPILER_FLAGS=  -O2 -c" "EXTRA_COMPILER_FLAGS=-mcpu=cortex-a9 -mfpu=vfpv3 -mfloat-abi=hard -nostartfiles -g -Wall -Wextra"
Running Make include in ps7_cortexa9_0/libsrc/axidma_v9_8/src
make -C ps7_cortexa9_0/libsrc/axidma_v9_8/src -s include  "SHELL=/bin/sh" "COMPILER=arm-none-eabi-gcc" "ARCHIVER=arm-none-eabi-ar" "COMPILER_FLAGS=  -O2 -c" "EXTRA_COMPILER_FLAGS=-mcpu=cortex-a9 -mfpu=vfpv3 -mfloat-abi=hard -nostartfiles -g -Wall -Wextra"
Running Make include in ps7_cortexa9_0/libsrc/scugic_v3_10/src
make -C ps7_cortexa9_0/libsrc/scugic_v3_10/src -s include  "SHELL=/bin/sh" "COMPILER=arm-none-eabi-gcc" "ARCHIVER=arm-none-eabi-ar" "COMPILER_FLAGS=  -O2 -c" "EXTRA_COMPILER_FLAGS=-mcpu=cortex-a9 -mfpu=vfpv3 -mfloat-abi=hard -nostartfiles -g -Wall -Wextra"
Running Make include in ps7_cortexa9_0/libsrc/xadcps_v2_3/src
make -C ps7_cortexa9_0/libsrc/xadcps_v2_3/src -s include  "SHELL=/bin/sh" "COMPILER=arm-none-eabi-gcc" "ARCHIVER=arm-none-eabi-ar" "COMPILER_FLAGS=  -O2 -c" "EXTRA_COMPILER_FLAGS=-mcpu=cortex-a9 -mfpu=vfpv3 -mfloat-abi=hard -nostartfiles -g -Wall -Wextra"
Running Make include in ps7_cortexa9_0/libsrc/devcfg_v3_5/src
make -C ps7_cortexa9_0/libsrc/devcfg_v3_5/src -s include  "SHELL=/bin/sh" "COMPILER=arm-none-eabi-gcc" "ARCHIVER=arm-none-eabi-ar" "COMPILER_FLAGS=  -O2 -c" "EXTRA_COMPILER_FLAGS=-mcpu=cortex-a9 -mfpu=vfpv3 -mfloat-abi=hard -nostartfiles -g -Wall -Wextra"
Running Make include in ps7_cortexa9_0/libsrc/scuwdt_v2_1/src
make -C ps7_cortexa9_0/libsrc/scuwdt_v2_1/src -s include  "SHELL=/bin/sh" "COMPILER=arm-none-eabi-gcc" "ARCHIVER=arm-none-eabi-ar" "COMPILER_FLAGS=  -O2 -c" "EXTRA_COMPILER_FLAGS=-mcpu=cortex-a9 -mfpu=vfpv3 -mfloat-abi=hard -nostartfiles -g -Wall -Wextra"
Running Make include in ps7_cortexa9_0/libsrc/uartps_v3_7/src
make -C ps7_cortexa9_0/libsrc/uartps_v3_7/src -s include  "SHELL=/bin/sh" "COMPILER=arm-none-eabi-gcc" "ARCHIVER=arm-none-eabi-ar" "COMPILER_FLAGS=  -O2 -c" "EXTRA_COMPILER_FLAGS=-mcpu=cortex-a9 -mfpu=vfpv3 -mfloat-abi=hard -nostartfiles -g -Wall -Wextra"
Running Make include in ps7_cortexa9_0/libsrc/coresightps_dcc_v1_4/src
make -C ps7_cortexa9_0/libsrc/coresightps_dcc_v1_4/src -s include  "SHELL=/bin/sh" "COMPILER=arm-none-eabi-gcc" "ARCHIVER=arm-none-eabi-ar" "COMPILER_FLAGS=  -O2 -c" "EXTRA_COMPILER_FLAGS=-mcpu=cortex-a9 -mfpu=vfpv3 -mfloat-abi=hard -nostartfiles -g -Wall -Wextra"
Running Make include in ps7_cortexa9_0/libsrc/scutimer_v2_1/src
make -C ps7_cortexa9_0/libsrc/scutimer_v2_1/src -s include  "SHELL=/bin/sh" "COMPILER=arm-none-eabi-gcc" "ARCHIVER=arm-none-eabi-ar" "COMPILER_FLAGS=  -O2 -c" "EXTRA_COMPILER_FLAGS=-mcpu=cortex-a9 -mfpu=vfpv3 -mfloat-abi=hard -nostartfiles -g -Wall -Wextra"
Running Make libs in ps7_cortexa9_0/libsrc/ddrps_v1_0/src
make -C ps7_cortexa9_0/libsrc/ddrps_v1_0/src -s libs  "SHELL=/bin/sh" "COMPILER=arm-none-eabi-gcc" "ARCHIVER=arm-none-eabi-ar" "COMPILER_FLAGS=  -O2 -c" "EXTRA_COMPILER_FLAGS=-mcpu=cortex-a9 -mfpu=vfpv3 -mfloat-abi=hard -nostartfiles -g -Wall -Wextra"
Compiling ddrps
arm-none-eabi-ar: creating ../../../lib/libxil.a
Running Make libs in ps7_cortexa9_0/libsrc/standalone_v6_8/src
make -C ps7_cortexa9_0/libsrc/standalone_v6_8/src -s libs  "SHELL=/bin/sh" "COMPILER=arm-none-eabi-gcc" "ARCHIVER=arm-none-eabi-ar" "COMPILER_FLAGS=  -O2 -c" "EXTRA_COMPILER_FLAGS=-mcpu=cortex-a9 -mfpu=vfpv3 -mfloat-abi=hard -nostartfiles -g -Wall -Wextra"
Compiling standalone
In file included from sleep.c:53:0:
xtime_l.h:87:9: note: #pragma message: For the sleep routines, Global timer is being used
 #pragma message ("For the sleep routines, Global timer is being used")
         ^~~~~~~
In file included from xtime_l.c:49:0:
xtime_l.h:87:9: note: #pragma message: For the sleep routines, Global timer is being used
 #pragma message ("For the sleep routines, Global timer is being used")
         ^~~~~~~
In file included from xil_sleeptimer.c:51:0:
xtime_l.h:87:9: note: #pragma message: For the sleep routines, Global timer is being used
 #pragma message ("For the sleep routines, Global timer is being used")
         ^~~~~~~
In file included from usleep.c:56:0:
xtime_l.h:87:9: note: #pragma message: For the sleep routines, Global timer is being used
 #pragma message ("For the sleep routines, Global timer is being used")
         ^~~~~~~
Running Make libs in ps7_cortexa9_0/libsrc/dmaps_v2_4/src
make -C ps7_cortexa9_0/libsrc/dmaps_v2_4/src -s libs  "SHELL=/bin/sh" "COMPILER=arm-none-eabi-gcc" "ARCHIVER=arm-none-eabi-ar" "COMPILER_FLAGS=  -O2 -c" "EXTRA_COMPILER_FLAGS=-mcpu=cortex-a9 -mfpu=vfpv3 -mfloat-abi=hard -nostartfiles -g -Wall -Wextra"
Compiling dmaps
Running Make libs in ps7_cortexa9_0/libsrc/cpu_cortexa9_v2_7/src
make -C ps7_cortexa9_0/libsrc/cpu_cortexa9_v2_7/src -s libs  "SHELL=/bin/sh" "COMPILER=arm-none-eabi-gcc" "ARCHIVER=arm-none-eabi-ar" "COMPILER_FLAGS=  -O2 -c" "EXTRA_COMPILER_FLAGS=-mcpu=cortex-a9 -mfpu=vfpv3 -mfloat-abi=hard -nostartfiles -g -Wall -Wextra"
Compiling cpu_cortexa9
Running Make libs in ps7_cortexa9_0/libsrc/axidma_v9_8/src
make -C ps7_cortexa9_0/libsrc/axidma_v9_8/src -s libs  "SHELL=/bin/sh" "COMPILER=arm-none-eabi-gcc" "ARCHIVER=arm-none-eabi-ar" "COMPILER_FLAGS=  -O2 -c" "EXTRA_COMPILER_FLAGS=-mcpu=cortex-a9 -mfpu=vfpv3 -mfloat-abi=hard -nostartfiles -g -Wall -Wextra"
Compiling axidma
Running Make libs in ps7_cortexa9_0/libsrc/scugic_v3_10/src
make -C ps7_cortexa9_0/libsrc/scugic_v3_10/src -s libs  "SHELL=/bin/sh" "COMPILER=arm-none-eabi-gcc" "ARCHIVER=arm-none-eabi-ar" "COMPILER_FLAGS=  -O2 -c" "EXTRA_COMPILER_FLAGS=-mcpu=cortex-a9 -mfpu=vfpv3 -mfloat-abi=hard -nostartfiles -g -Wall -Wextra"
Compiling scugic
Running Make libs in ps7_cortexa9_0/libsrc/xadcps_v2_3/src
make -C ps7_cortexa9_0/libsrc/xadcps_v2_3/src -s libs  "SHELL=/bin/sh" "COMPILER=arm-none-eabi-gcc" "ARCHIVER=arm-none-eabi-ar" "COMPILER_FLAGS=  -O2 -c" "EXTRA_COMPILER_FLAGS=-mcpu=cortex-a9 -mfpu=vfpv3 -mfloat-abi=hard -nostartfiles -g -Wall -Wextra"
Compiling xadcps
Running Make libs in ps7_cortexa9_0/libsrc/devcfg_v3_5/src
make -C ps7_cortexa9_0/libsrc/devcfg_v3_5/src -s libs  "SHELL=/bin/sh" "COMPILER=arm-none-eabi-gcc" "ARCHIVER=arm-none-eabi-ar" "COMPILER_FLAGS=  -O2 -c" "EXTRA_COMPILER_FLAGS=-mcpu=cortex-a9 -mfpu=vfpv3 -mfloat-abi=hard -nostartfiles -g -Wall -Wextra"
Compiling devcfg
Running Make libs in ps7_cortexa9_0/libsrc/scuwdt_v2_1/src
make -C ps7_cortexa9_0/libsrc/scuwdt_v2_1/src -s libs  "SHELL=/bin/sh" "COMPILER=arm-none-eabi-gcc" "ARCHIVER=arm-none-eabi-ar" "COMPILER_FLAGS=  -O2 -c" "EXTRA_COMPILER_FLAGS=-mcpu=cortex-a9 -mfpu=vfpv3 -mfloat-abi=hard -nostartfiles -g -Wall -Wextra"
Compiling scuwdt
Running Make libs in ps7_cortexa9_0/libsrc/uartps_v3_7/src
make -C ps7_cortexa9_0/libsrc/uartps_v3_7/src -s libs  "SHELL=/bin/sh" "COMPILER=arm-none-eabi-gcc" "ARCHIVER=arm-none-eabi-ar" "COMPILER_FLAGS=  -O2 -c" "EXTRA_COMPILER_FLAGS=-mcpu=cortex-a9 -mfpu=vfpv3 -mfloat-abi=hard -nostartfiles -g -Wall -Wextra"
Compiling uartps
Running Make libs in ps7_cortexa9_0/libsrc/coresightps_dcc_v1_4/src
make -C ps7_cortexa9_0/libsrc/coresightps_dcc_v1_4/src -s libs  "SHELL=/bin/sh" "COMPILER=arm-none-eabi-gcc" "ARCHIVER=arm-none-eabi-ar" "COMPILER_FLAGS=  -O2 -c" "EXTRA_COMPILER_FLAGS=-mcpu=cortex-a9 -mfpu=vfpv3 -mfloat-abi=hard -nostartfiles -g -Wall -Wextra"
Compiling coresightps_dcc
Running Make libs in ps7_cortexa9_0/libsrc/scutimer_v2_1/src
make -C ps7_cortexa9_0/libsrc/scutimer_v2_1/src -s libs  "SHELL=/bin/sh" "COMPILER=arm-none-eabi-gcc" "ARCHIVER=arm-none-eabi-ar" "COMPILER_FLAGS=  -O2 -c" "EXTRA_COMPILER_FLAGS=-mcpu=cortex-a9 -mfpu=vfpv3 -mfloat-abi=hard -nostartfiles -g -Wall -Wextra"
Compiling scutimer
Finished building libraries
13:00:27 **** Auto Build of project BandwidthAssessment_bsp ****
make -k all 
Running Make include in ps7_cortexa9_0/libsrc/ddrps_v1_0/src
make -C ps7_cortexa9_0/libsrc/ddrps_v1_0/src -s include  "SHELL=/bin/sh" "COMPILER=arm-none-eabi-gcc" "ARCHIVER=arm-none-eabi-ar" "COMPILER_FLAGS=  -O2 -c" "EXTRA_COMPILER_FLAGS=-mcpu=cortex-a9 -mfpu=vfpv3 -mfloat-abi=hard -nostartfiles -g -Wall -Wextra"
Running Make include in ps7_cortexa9_0/libsrc/standalone_v6_8/src
make -C ps7_cortexa9_0/libsrc/standalone_v6_8/src -s include  "SHELL=/bin/sh" "COMPILER=arm-none-eabi-gcc" "ARCHIVER=arm-none-eabi-ar" "COMPILER_FLAGS=  -O2 -c" "EXTRA_COMPILER_FLAGS=-mcpu=cortex-a9 -mfpu=vfpv3 -mfloat-abi=hard -nostartfiles -g -Wall -Wextra"
Running Make include in ps7_cortexa9_0/libsrc/dmaps_v2_4/src
make -C ps7_cortexa9_0/libsrc/dmaps_v2_4/src -s include  "SHELL=/bin/sh" "COMPILER=arm-none-eabi-gcc" "ARCHIVER=arm-none-eabi-ar" "COMPILER_FLAGS=  -O2 -c" "EXTRA_COMPILER_FLAGS=-mcpu=cortex-a9 -mfpu=vfpv3 -mfloat-abi=hard -nostartfiles -g -Wall -Wextra"
Running Make include in ps7_cortexa9_0/libsrc/cpu_cortexa9_v2_7/src
make -C ps7_cortexa9_0/libsrc/cpu_cortexa9_v2_7/src -s include  "SHELL=/bin/sh" "COMPILER=arm-none-eabi-gcc" "ARCHIVER=arm-none-eabi-ar" "COMPILER_FLAGS=  -O2 -c" "EXTRA_COMPILER_FLAGS=-mcpu=cortex-a9 -mfpu=vfpv3 -mfloat-abi=hard -nostartfiles -g -Wall -Wextra"
Running Make include in ps7_cortexa9_0/libsrc/axidma_v9_8/src
make -C ps7_cortexa9_0/libsrc/axidma_v9_8/src -s include  "SHELL=/bin/sh" "COMPILER=arm-none-eabi-gcc" "ARCHIVER=arm-none-eabi-ar" "COMPILER_FLAGS=  -O2 -c" "EXTRA_COMPILER_FLAGS=-mcpu=cortex-a9 -mfpu=vfpv3 -mfloat-abi=hard -nostartfiles -g -Wall -Wextra"
Running Make include in ps7_cortexa9_0/libsrc/scugic_v3_10/src
make -C ps7_cortexa9_0/libsrc/scugic_v3_10/src -s include  "SHELL=/bin/sh" "COMPILER=arm-none-eabi-gcc" "ARCHIVER=arm-none-eabi-ar" "COMPILER_FLAGS=  -O2 -c" "EXTRA_COMPILER_FLAGS=-mcpu=cortex-a9 -mfpu=vfpv3 -mfloat-abi=hard -nostartfiles -g -Wall -Wextra"
Running Make include in ps7_cortexa9_0/libsrc/xadcps_v2_3/src
make -C ps7_cortexa9_0/libsrc/xadcps_v2_3/src -s include  "SHELL=/bin/sh" "COMPILER=arm-none-eabi-gcc" "ARCHIVER=arm-none-eabi-ar" "COMPILER_FLAGS=  -O2 -c" "EXTRA_COMPILER_FLAGS=-mcpu=cortex-a9 -mfpu=vfpv3 -mfloat-abi=hard -nostartfiles -g -Wall -Wextra"
Running Make include in ps7_cortexa9_0/libsrc/devcfg_v3_5/src
make -C ps7_cortexa9_0/libsrc/devcfg_v3_5/src -s include  "SHELL=/bin/sh" "COMPILER=arm-none-eabi-gcc" "ARCHIVER=arm-none-eabi-ar" "COMPILER_FLAGS=  -O2 -c" "EXTRA_COMPILER_FLAGS=-mcpu=cortex-a9 -mfpu=vfpv3 -mfloat-abi=hard -nostartfiles -g -Wall -Wextra"
Running Make include in ps7_cortexa9_0/libsrc/scuwdt_v2_1/src
make -C ps7_cortexa9_0/libsrc/scuwdt_v2_1/src -s include  "SHELL=/bin/sh" "COMPILER=arm-none-eabi-gcc" "ARCHIVER=arm-none-eabi-ar" "COMPILER_FLAGS=  -O2 -c" "EXTRA_COMPILER_FLAGS=-mcpu=cortex-a9 -mfpu=vfpv3 -mfloat-abi=hard -nostartfiles -g -Wall -Wextra"
Running Make include in ps7_cortexa9_0/libsrc/uartps_v3_7/src
make -C ps7_cortexa9_0/libsrc/uartps_v3_7/src -s include  "SHELL=/bin/sh" "COMPILER=arm-none-eabi-gcc" "ARCHIVER=arm-none-eabi-ar" "COMPILER_FLAGS=  -O2 -c" "EXTRA_COMPILER_FLAGS=-mcpu=cortex-a9 -mfpu=vfpv3 -mfloat-abi=hard -nostartfiles -g -Wall -Wextra"
Running Make include in ps7_cortexa9_0/libsrc/coresightps_dcc_v1_4/src
make -C ps7_cortexa9_0/libsrc/coresightps_dcc_v1_4/src -s include  "SHELL=/bin/sh" "COMPILER=arm-none-eabi-gcc" "ARCHIVER=arm-none-eabi-ar" "COMPILER_FLAGS=  -O2 -c" "EXTRA_COMPILER_FLAGS=-mcpu=cortex-a9 -mfpu=vfpv3 -mfloat-abi=hard -nostartfiles -g -Wall -Wextra"
Running Make include in ps7_cortexa9_0/libsrc/scutimer_v2_1/src
make -C ps7_cortexa9_0/libsrc/scutimer_v2_1/src -s include  "SHELL=/bin/sh" "COMPILER=arm-none-eabi-gcc" "ARCHIVER=arm-none-eabi-ar" "COMPILER_FLAGS=  -O2 -c" "EXTRA_COMPILER_FLAGS=-mcpu=cortex-a9 -mfpu=vfpv3 -mfloat-abi=hard -nostartfiles -g -Wall -Wextra"
Running Make libs in ps7_cortexa9_0/libsrc/ddrps_v1_0/src
make -C ps7_cortexa9_0/libsrc/ddrps_v1_0/src -s libs  "SHELL=/bin/sh" "COMPILER=arm-none-eabi-gcc" "ARCHIVER=arm-none-eabi-ar" "COMPILER_FLAGS=  -O2 -c" "EXTRA_COMPILER_FLAGS=-mcpu=cortex-a9 -mfpu=vfpv3 -mfloat-abi=hard -nostartfiles -g -Wall -Wextra"
Compiling ddrps
Running Make libs in ps7_cortexa9_0/libsrc/standalone_v6_8/src
make -C ps7_cortexa9_0/libsrc/standalone_v6_8/src -s libs  "SHELL=/bin/sh" "COMPILER=arm-none-eabi-gcc" "ARCHIVER=arm-none-eabi-ar" "COMPILER_FLAGS=  -O2 -c" "EXTRA_COMPILER_FLAGS=-mcpu=cortex-a9 -mfpu=vfpv3 -mfloat-abi=hard -nostartfiles -g -Wall -Wextra"
Compiling standalone
In file included from xtime_l.c:49:0:
xtime_l.h:87:9: note: #pragma message: For the sleep routines, Global timer is being used
 #pragma message ("For the sleep routines, Global timer is being used")
         ^~~~~~~
In file included from xil_sleeptimer.c:51:0:
xtime_l.h:87:9: note: #pragma message: For the sleep routines, Global timer is being used
 #pragma message ("For the sleep routines, Global timer is being used")
         ^~~~~~~
In file included from sleep.c:53:0:
xtime_l.h:87:9: note: #pragma message: For the sleep routines, Global timer is being used
 #pragma message ("For the sleep routines, Global timer is being used")
         ^~~~~~~
In file included from usleep.c:56:0:
xtime_l.h:87:9: note: #pragma message: For the sleep routines, Global timer is being used
 #pragma message ("For the sleep routines, Global timer is being used")
         ^~~~~~~
Running Make libs in ps7_cortexa9_0/libsrc/dmaps_v2_4/src
make -C ps7_cortexa9_0/libsrc/dmaps_v2_4/src -s libs  "SHELL=/bin/sh" "COMPILER=arm-none-eabi-gcc" "ARCHIVER=arm-none-eabi-ar" "COMPILER_FLAGS=  -O2 -c" "EXTRA_COMPILER_FLAGS=-mcpu=cortex-a9 -mfpu=vfpv3 -mfloat-abi=hard -nostartfiles -g -Wall -Wextra"
Compiling dmaps
Running Make libs in ps7_cortexa9_0/libsrc/cpu_cortexa9_v2_7/src
make -C ps7_cortexa9_0/libsrc/cpu_cortexa9_v2_7/src -s libs  "SHELL=/bin/sh" "COMPILER=arm-none-eabi-gcc" "ARCHIVER=arm-none-eabi-ar" "COMPILER_FLAGS=  -O2 -c" "EXTRA_COMPILER_FLAGS=-mcpu=cortex-a9 -mfpu=vfpv3 -mfloat-abi=hard -nostartfiles -g -Wall -Wextra"
Compiling cpu_cortexa9
Running Make libs in ps7_cortexa9_0/libsrc/axidma_v9_8/src
make -C ps7_cortexa9_0/libsrc/axidma_v9_8/src -s libs  "SHELL=/bin/sh" "COMPILER=arm-none-eabi-gcc" "ARCHIVER=arm-none-eabi-ar" "COMPILER_FLAGS=  -O2 -c" "EXTRA_COMPILER_FLAGS=-mcpu=cortex-a9 -mfpu=vfpv3 -mfloat-abi=hard -nostartfiles -g -Wall -Wextra"
Compiling axidma
Running Make libs in ps7_cortexa9_0/libsrc/scugic_v3_10/src
make -C ps7_cortexa9_0/libsrc/scugic_v3_10/src -s libs  "SHELL=/bin/sh" "COMPILER=arm-none-eabi-gcc" "ARCHIVER=arm-none-eabi-ar" "COMPILER_FLAGS=  -O2 -c" "EXTRA_COMPILER_FLAGS=-mcpu=cortex-a9 -mfpu=vfpv3 -mfloat-abi=hard -nostartfiles -g -Wall -Wextra"
Compiling scugic
Running Make libs in ps7_cortexa9_0/libsrc/xadcps_v2_3/src
make -C ps7_cortexa9_0/libsrc/xadcps_v2_3/src -s libs  "SHELL=/bin/sh" "COMPILER=arm-none-eabi-gcc" "ARCHIVER=arm-none-eabi-ar" "COMPILER_FLAGS=  -O2 -c" "EXTRA_COMPILER_FLAGS=-mcpu=cortex-a9 -mfpu=vfpv3 -mfloat-abi=hard -nostartfiles -g -Wall -Wextra"
Compiling xadcps
Running Make libs in ps7_cortexa9_0/libsrc/devcfg_v3_5/src
make -C ps7_cortexa9_0/libsrc/devcfg_v3_5/src -s libs  "SHELL=/bin/sh" "COMPILER=arm-none-eabi-gcc" "ARCHIVER=arm-none-eabi-ar" "COMPILER_FLAGS=  -O2 -c" "EXTRA_COMPILER_FLAGS=-mcpu=cortex-a9 -mfpu=vfpv3 -mfloat-abi=hard -nostartfiles -g -Wall -Wextra"
Compiling devcfg
Running Make libs in ps7_cortexa9_0/libsrc/scuwdt_v2_1/src
make -C ps7_cortexa9_0/libsrc/scuwdt_v2_1/src -s libs  "SHELL=/bin/sh" "COMPILER=arm-none-eabi-gcc" "ARCHIVER=arm-none-eabi-ar" "COMPILER_FLAGS=  -O2 -c" "EXTRA_COMPILER_FLAGS=-mcpu=cortex-a9 -mfpu=vfpv3 -mfloat-abi=hard -nostartfiles -g -Wall -Wextra"
Compiling scuwdt
Running Make libs in ps7_cortexa9_0/libsrc/uartps_v3_7/src
make -C ps7_cortexa9_0/libsrc/uartps_v3_7/src -s libs  "SHELL=/bin/sh" "COMPILER=arm-none-eabi-gcc" "ARCHIVER=arm-none-eabi-ar" "COMPILER_FLAGS=  -O2 -c" "EXTRA_COMPILER_FLAGS=-mcpu=cortex-a9 -mfpu=vfpv3 -mfloat-abi=hard -nostartfiles -g -Wall -Wextra"
Compiling uartps
Running Make libs in ps7_cortexa9_0/libsrc/coresightps_dcc_v1_4/src
make -C ps7_cortexa9_0/libsrc/coresightps_dcc_v1_4/src -s libs  "SHELL=/bin/sh" "COMPILER=arm-none-eabi-gcc" "ARCHIVER=arm-none-eabi-ar" "COMPILER_FLAGS=  -O2 -c" "EXTRA_COMPILER_FLAGS=-mcpu=cortex-a9 -mfpu=vfpv3 -mfloat-abi=hard -nostartfiles -g -Wall -Wextra"
Compiling coresightps_dcc
Running Make libs in ps7_cortexa9_0/libsrc/scutimer_v2_1/src
make -C ps7_cortexa9_0/libsrc/scutimer_v2_1/src -s libs  "SHELL=/bin/sh" "COMPILER=arm-none-eabi-gcc" "ARCHIVER=arm-none-eabi-ar" "COMPILER_FLAGS=  -O2 -c" "EXTRA_COMPILER_FLAGS=-mcpu=cortex-a9 -mfpu=vfpv3 -mfloat-abi=hard -nostartfiles -g -Wall -Wextra"
Compiling scutimer
Finished building libraries

**** Build of configuration Debug for project BandwidthAssessment ****

Nothing to build for project BandwidthAssessment
13:01:07 **** Auto Build of configuration Debug for project BandwidthAssessment ****
make pre-build main-build 
a9-linaro-pre-build-step
 
Building file: ../src/DMAInterface.c
Invoking: ARM v7 gcc compiler
arm-none-eabi-gcc -Wall -O0 -g3 -c -fmessage-length=0 -MT"src/DMAInterface.o" -mcpu=cortex-a9 -mfpu=vfpv3 -mfloat-abi=hard -I../../BandwidthAssessment_bsp/ps7_cortexa9_0/include -MMD -MP -MF"src/DMAInterface.d" -MT"src/DMAInterface.o" -o "src/DMAInterface.o" "../src/DMAInterface.c"
Finished building: ../src/DMAInterface.c
 
Building file: ../src/main.c
Invoking: ARM v7 gcc compiler
arm-none-eabi-gcc -Wall -O0 -g3 -c -fmessage-length=0 -MT"src/main.o" -mcpu=cortex-a9 -mfpu=vfpv3 -mfloat-abi=hard -I../../BandwidthAssessment_bsp/ps7_cortexa9_0/include -MMD -MP -MF"src/main.d" -MT"src/main.o" -o "src/main.o" "../src/main.c"
In file included from ../src/main.c:4:0:
../../BandwidthAssessment_bsp/ps7_cortexa9_0/include/xtime_l.h:87:9: note: #pragma message: For the sleep routines, Global timer is being used
 #pragma message ("For the sleep routines, Global timer is being used")
         ^~~~~~~
Finished building: ../src/main.c
 
Building target: BandwidthAssessment.elf
Invoking: ARM v7 gcc linker
arm-none-eabi-gcc -mcpu=cortex-a9 -mfpu=vfpv3 -mfloat-abi=hard -Wl,-build-id=none -specs=Xilinx.spec -Wl,-T -Wl,../src/lscript.ld -L../../BandwidthAssessment_bsp/ps7_cortexa9_0/lib -o "BandwidthAssessment.elf"  ./src/DMAInterface.o ./src/main.o   -Wl,--start-group,-lxil,-lgcc,-lc,--end-group
./src/main.o: In function `calculate_sd':
/home/joaovieira/reconfigurable_computing/xilinx/var_stream_size/BandwidthAssessment.sdk/BandwidthAssessment/Debug/../src/main.c:200: undefined reference to `sqrt'
collect2: error: ld returned 1 exit status
make: *** [BandwidthAssessment.elf] Error 1
13:01:27 **** Clean-only build of configuration Debug for project BandwidthAssessment ****
make clean 
rm -rf  ./src/DMAInterface.o ./src/main.o  ./src/DMAInterface.d ./src/main.d  BandwidthAssessment.elf.size  BandwidthAssessment.elf
 
13:01:27 **** Auto Build of configuration Debug for project BandwidthAssessment ****
make pre-build main-build 
a9-linaro-pre-build-step
 
Building file: ../src/DMAInterface.c
Invoking: ARM v7 gcc compiler
arm-none-eabi-gcc -Wall -O0 -g3 -c -fmessage-length=0 -MT"src/DMAInterface.o" -mcpu=cortex-a9 -mfpu=vfpv3 -mfloat-abi=hard -I../../BandwidthAssessment_bsp/ps7_cortexa9_0/include -MMD -MP -MF"src/DMAInterface.d" -MT"src/DMAInterface.o" -o "src/DMAInterface.o" "../src/DMAInterface.c"
Finished building: ../src/DMAInterface.c
 
Building file: ../src/main.c
Invoking: ARM v7 gcc compiler
arm-none-eabi-gcc -Wall -O0 -g3 -c -fmessage-length=0 -MT"src/main.o" -mcpu=cortex-a9 -mfpu=vfpv3 -mfloat-abi=hard -I../../BandwidthAssessment_bsp/ps7_cortexa9_0/include -MMD -MP -MF"src/main.d" -MT"src/main.o" -o "src/main.o" "../src/main.c"
In file included from ../src/main.c:4:0:
../../BandwidthAssessment_bsp/ps7_cortexa9_0/include/xtime_l.h:87:9: note: #pragma message: For the sleep routines, Global timer is being used
 #pragma message ("For the sleep routines, Global timer is being used")
         ^~~~~~~
Finished building: ../src/main.c
 
Building target: BandwidthAssessment.elf
Invoking: ARM v7 gcc linker
arm-none-eabi-gcc -mcpu=cortex-a9 -mfpu=vfpv3 -mfloat-abi=hard -Wl,-build-id=none -specs=Xilinx.spec -Wl,-T -Wl,../src/lscript.ld -L../../BandwidthAssessment_bsp/ps7_cortexa9_0/lib -o "BandwidthAssessment.elf"  ./src/DMAInterface.o ./src/main.o   -lm -Wl,--start-group,-lxil,-lgcc,-lc,--end-group
Finished building target: BandwidthAssessment.elf
 
Invoking: ARM v7 Print Size
arm-none-eabi-size BandwidthAssessment.elf  |tee "BandwidthAssessment.elf.size"
   text	   data	    bss	    dec	    hex	filename
  87276	   3128	  38336	 128740	  1f6e4	BandwidthAssessment.elf
Finished building: BandwidthAssessment.elf.size
 
13:01:30 **** Clean-only build of configuration Debug for project BandwidthAssessment ****
make clean 
rm -rf  ./src/DMAInterface.o ./src/main.o  ./src/DMAInterface.d ./src/main.d  BandwidthAssessment.elf.size  BandwidthAssessment.elf
 
13:01:30 **** Auto Build of configuration Debug for project BandwidthAssessment ****
make pre-build main-build 
a9-linaro-pre-build-step
 
Building file: ../src/DMAInterface.c
Invoking: ARM v7 gcc compiler
arm-none-eabi-gcc -Wall -O0 -g3 -c -fmessage-length=0 -MT"src/DMAInterface.o" -mcpu=cortex-a9 -mfpu=vfpv3 -mfloat-abi=hard -I../../BandwidthAssessment_bsp/ps7_cortexa9_0/include -MMD -MP -MF"src/DMAInterface.d" -MT"src/DMAInterface.o" -o "src/DMAInterface.o" "../src/DMAInterface.c"
Finished building: ../src/DMAInterface.c
 
Building file: ../src/main.c
Invoking: ARM v7 gcc compiler
arm-none-eabi-gcc -Wall -O0 -g3 -c -fmessage-length=0 -MT"src/main.o" -mcpu=cortex-a9 -mfpu=vfpv3 -mfloat-abi=hard -I../../BandwidthAssessment_bsp/ps7_cortexa9_0/include -MMD -MP -MF"src/main.d" -MT"src/main.o" -o "src/main.o" "../src/main.c"
In file included from ../src/main.c:4:0:
../../BandwidthAssessment_bsp/ps7_cortexa9_0/include/xtime_l.h:87:9: note: #pragma message: For the sleep routines, Global timer is being used
 #pragma message ("For the sleep routines, Global timer is being used")
         ^~~~~~~
Finished building: ../src/main.c
 
Building target: BandwidthAssessment.elf
Invoking: ARM v7 gcc linker
arm-none-eabi-gcc -mcpu=cortex-a9 -mfpu=vfpv3 -mfloat-abi=hard -Wl,-build-id=none -specs=Xilinx.spec -Wl,-T -Wl,../src/lscript.ld -L../../BandwidthAssessment_bsp/ps7_cortexa9_0/lib -o "BandwidthAssessment.elf"  ./src/DMAInterface.o ./src/main.o   -lm -Wl,--start-group,-lxil,-lgcc,-lc,--end-group
Finished building target: BandwidthAssessment.elf
 
Invoking: ARM v7 Print Size
arm-none-eabi-size BandwidthAssessment.elf  |tee "BandwidthAssessment.elf.size"
   text	   data	    bss	    dec	    hex	filename
  87276	   3128	  38336	 128740	  1f6e4	BandwidthAssessment.elf
Finished building: BandwidthAssessment.elf.size
 
13:01:32 **** Auto Build of configuration Debug for project BandwidthAssessment ****
make pre-build main-build 
a9-linaro-pre-build-step
 
make: Nothing to be done for `main-build'.
13:02:04 **** Clean-only build of configuration Debug for project BandwidthAssessment ****
make clean 
rm -rf  ./src/DMAInterface.o ./src/main.o  ./src/DMAInterface.d ./src/main.d  BandwidthAssessment.elf.size  BandwidthAssessment.elf
 
13:02:04 **** Auto Build of configuration Debug for project BandwidthAssessment ****
make pre-build main-build 
a9-linaro-pre-build-step
 
Building file: ../src/DMAInterface.c
Invoking: ARM v7 gcc compiler
arm-none-eabi-gcc -Wall -O0 -g3 -c -fmessage-length=0 -MT"src/DMAInterface.o" -mcpu=cortex-a9 -mfpu=vfpv3 -mfloat-abi=hard -I../../BandwidthAssessment_bsp/ps7_cortexa9_0/include -MMD -MP -MF"src/DMAInterface.d" -MT"src/DMAInterface.o" -o "src/DMAInterface.o" "../src/DMAInterface.c"
Finished building: ../src/DMAInterface.c
 
Building file: ../src/main.c
Invoking: ARM v7 gcc compiler
arm-none-eabi-gcc -Wall -O0 -g3 -c -fmessage-length=0 -MT"src/main.o" -mcpu=cortex-a9 -mfpu=vfpv3 -mfloat-abi=hard -I../../BandwidthAssessment_bsp/ps7_cortexa9_0/include -MMD -MP -MF"src/main.d" -MT"src/main.o" -o "src/main.o" "../src/main.c"
In file included from ../src/main.c:4:0:
../../BandwidthAssessment_bsp/ps7_cortexa9_0/include/xtime_l.h:87:9: note: #pragma message: For the sleep routines, Global timer is being used
 #pragma message ("For the sleep routines, Global timer is being used")
         ^~~~~~~
Finished building: ../src/main.c
 
Building target: BandwidthAssessment.elf
Invoking: ARM v7 gcc linker
arm-none-eabi-gcc -mcpu=cortex-a9 -mfpu=vfpv3 -mfloat-abi=hard -Wl,-build-id=none -specs=Xilinx.spec -Wl,-T -Wl,../src/lscript.ld -L../../BandwidthAssessment_bsp/ps7_cortexa9_0/lib -o "BandwidthAssessment.elf"  ./src/DMAInterface.o ./src/main.o   -lm -Wl,--start-group,-lxil,-lgcc,-lc,--end-group
Finished building target: BandwidthAssessment.elf
 
Invoking: ARM v7 Print Size
arm-none-eabi-size BandwidthAssessment.elf  |tee "BandwidthAssessment.elf.size"
   text	   data	    bss	    dec	    hex	filename
  87276	   3128	  87488	 177892	  2b6e4	BandwidthAssessment.elf
Finished building: BandwidthAssessment.elf.size
 
13:03:22 **** Incremental Build of configuration Debug for project BandwidthAssessment ****
make pre-build main-build 
a9-linaro-pre-build-step
 
make: Nothing to be done for `main-build'.
13:05:09 **** Auto Build of configuration Debug for project BandwidthAssessment ****
make pre-build main-build 
a9-linaro-pre-build-step
 
Building file: ../src/main.c
Invoking: ARM v7 gcc compiler
arm-none-eabi-gcc -Wall -O0 -g3 -c -fmessage-length=0 -MT"src/main.o" -mcpu=cortex-a9 -mfpu=vfpv3 -mfloat-abi=hard -I../../BandwidthAssessment_bsp/ps7_cortexa9_0/include -MMD -MP -MF"src/main.d" -MT"src/main.o" -o "src/main.o" "../src/main.c"
In file included from ../src/main.c:4:0:
../../BandwidthAssessment_bsp/ps7_cortexa9_0/include/xtime_l.h:87:9: note: #pragma message: For the sleep routines, Global timer is being used
 #pragma message ("For the sleep routines, Global timer is being used")
         ^~~~~~~
Finished building: ../src/main.c
 
Building target: BandwidthAssessment.elf
Invoking: ARM v7 gcc linker
arm-none-eabi-gcc -mcpu=cortex-a9 -mfpu=vfpv3 -mfloat-abi=hard -Wl,-build-id=none -specs=Xilinx.spec -Wl,-T -Wl,../src/lscript.ld -L../../BandwidthAssessment_bsp/ps7_cortexa9_0/lib -o "BandwidthAssessment.elf"  ./src/DMAInterface.o ./src/main.o   -lm -Wl,--start-group,-lxil,-lgcc,-lc,--end-group
Finished building target: BandwidthAssessment.elf
 
Invoking: ARM v7 Print Size
arm-none-eabi-size BandwidthAssessment.elf  |tee "BandwidthAssessment.elf.size"
   text	   data	    bss	    dec	    hex	filename
  87756	   3128	  87488	 178372	  2b8c4	BandwidthAssessment.elf
Finished building: BandwidthAssessment.elf.size
 
13:05:22 **** Auto Build of configuration Debug for project BandwidthAssessment ****
make pre-build main-build 
a9-linaro-pre-build-step
 
Building file: ../src/main.c
Invoking: ARM v7 gcc compiler
arm-none-eabi-gcc -Wall -O0 -g3 -c -fmessage-length=0 -MT"src/main.o" -mcpu=cortex-a9 -mfpu=vfpv3 -mfloat-abi=hard -I../../BandwidthAssessment_bsp/ps7_cortexa9_0/include -MMD -MP -MF"src/main.d" -MT"src/main.o" -o "src/main.o" "../src/main.c"
In file included from ../src/main.c:4:0:
../../BandwidthAssessment_bsp/ps7_cortexa9_0/include/xtime_l.h:87:9: note: #pragma message: For the sleep routines, Global timer is being used
 #pragma message ("For the sleep routines, Global timer is being used")
         ^~~~~~~
Finished building: ../src/main.c
 
Building target: BandwidthAssessment.elf
Invoking: ARM v7 gcc linker
arm-none-eabi-gcc -mcpu=cortex-a9 -mfpu=vfpv3 -mfloat-abi=hard -Wl,-build-id=none -specs=Xilinx.spec -Wl,-T -Wl,../src/lscript.ld -L../../BandwidthAssessment_bsp/ps7_cortexa9_0/lib -o "BandwidthAssessment.elf"  ./src/DMAInterface.o ./src/main.o   -lm -Wl,--start-group,-lxil,-lgcc,-lc,--end-group
Finished building target: BandwidthAssessment.elf
 
Invoking: ARM v7 Print Size
arm-none-eabi-size BandwidthAssessment.elf  |tee "BandwidthAssessment.elf.size"
   text	   data	    bss	    dec	    hex	filename
  87756	   3128	  87488	 178372	  2b8c4	BandwidthAssessment.elf
Finished building: BandwidthAssessment.elf.size
 
14:10:20 **** Auto Build of configuration Debug for project BandwidthAssessment ****
make pre-build main-build 
a9-linaro-pre-build-step
 
Building file: ../src/main.c
Invoking: ARM v7 gcc compiler
arm-none-eabi-gcc -Wall -O0 -g3 -c -fmessage-length=0 -MT"src/main.o" -mcpu=cortex-a9 -mfpu=vfpv3 -mfloat-abi=hard -I../../BandwidthAssessment_bsp/ps7_cortexa9_0/include -MMD -MP -MF"src/main.d" -MT"src/main.o" -o "src/main.o" "../src/main.c"
In file included from ../src/main.c:4:0:
../../BandwidthAssessment_bsp/ps7_cortexa9_0/include/xtime_l.h:87:9: note: #pragma message: For the sleep routines, Global timer is being used
 #pragma message ("For the sleep routines, Global timer is being used")
         ^~~~~~~
../src/main.c: In function 'initialize':
../src/main.c:33:22: error: 'DATA_SRC1' undeclared (first use in this function); did you mean 'DATA_SRC2'?
  data_src1 = (int *) DATA_SRC1; data_dst1 = (int *) DATA_DST1;
                      ^~~~~~~~~
                      DATA_SRC2
../src/main.c:33:22: note: each undeclared identifier is reported only once for each function it appears in
../src/main.c:33:53: error: 'DATA_DST1' undeclared (first use in this function); did you mean 'DATA_DST2'?
  data_src1 = (int *) DATA_SRC1; data_dst1 = (int *) DATA_DST1;
                                                     ^~~~~~~~~
                                                     DATA_DST2
../src/main.c:15:32: error: 'STREAM_SIZE' undeclared (first use in this function); did you mean '_T_SIZE'?
 #define DATA_SRC2 DATA_DST1 + (STREAM_SIZE / 4)
                                ^
../src/main.c:34:22: note: in expansion of macro 'DATA_SRC2'
  data_src2 = (int *) DATA_SRC2; data_dst2 = (int *) DATA_DST2;
                      ^~~~~~~~~
../src/main.c: In function 'resetResults':
../src/main.c:63:22: error: 'STREAM_SIZE' undeclared (first use in this function); did you mean '_T_SIZE'?
  for (int i = 0; i < STREAM_SIZE / 4; i++) {
                      ^~~~~~~~~~~
                      _T_SIZE
../src/main.c: In function 'compareResults':
../src/main.c:74:22: error: 'STREAM_SIZE' undeclared (first use in this function); did you mean '_T_SIZE'?
  for (int i = 0; i < STREAM_SIZE / 4; i++) {
                      ^~~~~~~~~~~
                      _T_SIZE
../src/main.c: In function 'duplex4':
../src/main.c:102:34: error: 'STREAM_SIZE' undeclared (first use in this function); did you mean '_T_SIZE'?
  DMATransfer((void *) data_dst1, STREAM_SIZE, recv, 1);
                                  ^~~~~~~~~~~
                                  _T_SIZE
../src/main.c: In function 'duplex3':
../src/main.c:122:34: error: 'STREAM_SIZE' undeclared (first use in this function); did you mean '_T_SIZE'?
  DMATransfer((void *) data_dst1, STREAM_SIZE, recv, 1);
                                  ^~~~~~~~~~~
                                  _T_SIZE
../src/main.c: In function 'duplex2':
../src/main.c:139:34: error: 'STREAM_SIZE' undeclared (first use in this function); did you mean '_T_SIZE'?
  DMATransfer((void *) data_dst1, STREAM_SIZE, recv, 1);
                                  ^~~~~~~~~~~
                                  _T_SIZE
../src/main.c: In function 'duplex1':
../src/main.c:153:34: error: 'STREAM_SIZE' undeclared (first use in this function); did you mean '_T_SIZE'?
  DMATransfer((void *) data_dst1, STREAM_SIZE, recv, 1);
                                  ^~~~~~~~~~~
                                  _T_SIZE
../src/main.c: In function 'main':
../src/main.c:219:25: error: 'STREAM_SIZE' undeclared (first use in this function); did you mean '_T_SIZE'?
   bandwidth1duplex[i] = STREAM_SIZE * 2 / (1.0 * (end - start) / (COUNTS_PER_SECOND / 1000000));
                         ^~~~~~~~~~~
                         _T_SIZE
make: *** [src/main.o] Error 1
14:10:26 **** Auto Build of configuration Debug for project BandwidthAssessment ****
make pre-build main-build 
a9-linaro-pre-build-step
 
Building file: ../src/main.c
Invoking: ARM v7 gcc compiler
arm-none-eabi-gcc -Wall -O0 -g3 -c -fmessage-length=0 -MT"src/main.o" -mcpu=cortex-a9 -mfpu=vfpv3 -mfloat-abi=hard -I../../BandwidthAssessment_bsp/ps7_cortexa9_0/include -MMD -MP -MF"src/main.d" -MT"src/main.o" -o "src/main.o" "../src/main.c"
In file included from ../src/main.c:4:0:
../../BandwidthAssessment_bsp/ps7_cortexa9_0/include/xtime_l.h:87:9: note: #pragma message: For the sleep routines, Global timer is being used
 #pragma message ("For the sleep routines, Global timer is being used")
         ^~~~~~~
../src/main.c: In function 'initialize':
../src/main.c:27:22: error: 'DATA_SRC1' undeclared (first use in this function); did you mean 'DATA_SRC'?
  data_src1 = (int *) DATA_SRC1; data_dst1 = (int *) DATA_DST1;
                      ^~~~~~~~~
                      DATA_SRC
../src/main.c:27:22: note: each undeclared identifier is reported only once for each function it appears in
../src/main.c:27:53: error: 'DATA_DST1' undeclared (first use in this function); did you mean 'DATA_DST'?
  data_src1 = (int *) DATA_SRC1; data_dst1 = (int *) DATA_DST1;
                                                     ^~~~~~~~~
                                                     DATA_DST
../src/main.c:28:22: error: 'DATA_SRC2' undeclared (first use in this function); did you mean 'DATA_SRC1'?
  data_src2 = (int *) DATA_SRC2; data_dst2 = (int *) DATA_DST2;
                      ^~~~~~~~~
                      DATA_SRC1
../src/main.c:28:53: error: 'DATA_DST2' undeclared (first use in this function); did you mean 'DATA_DST1'?
  data_src2 = (int *) DATA_SRC2; data_dst2 = (int *) DATA_DST2;
                                                     ^~~~~~~~~
                                                     DATA_DST1
../src/main.c:29:22: error: 'DATA_SRC3' undeclared (first use in this function); did you mean 'DATA_SRC2'?
  data_src3 = (int *) DATA_SRC3; data_dst3 = (int *) DATA_DST3;
                      ^~~~~~~~~
                      DATA_SRC2
../src/main.c:29:53: error: 'DATA_DST3' undeclared (first use in this function); did you mean 'DATA_DST2'?
  data_src3 = (int *) DATA_SRC3; data_dst3 = (int *) DATA_DST3;
                                                     ^~~~~~~~~
                                                     DATA_DST2
../src/main.c:30:22: error: 'DATA_SRC4' undeclared (first use in this function); did you mean 'DATA_SRC3'?
  data_src4 = (int *) DATA_SRC4; data_dst4 = (int *) DATA_DST4;
                      ^~~~~~~~~
                      DATA_SRC3
../src/main.c:30:53: error: 'DATA_DST4' undeclared (first use in this function); did you mean 'DATA_DST3'?
  data_src4 = (int *) DATA_SRC4; data_dst4 = (int *) DATA_DST4;
                                                     ^~~~~~~~~
                                                     DATA_DST3
../src/main.c:47:22: error: 'STREAM_SIZE' undeclared (first use in this function); did you mean '_T_SIZE'?
  for (int i = 0; i < STREAM_SIZE / 4; i++) {
                      ^~~~~~~~~~~
                      _T_SIZE
../src/main.c: In function 'resetResults':
../src/main.c:57:22: error: 'STREAM_SIZE' undeclared (first use in this function); did you mean '_T_SIZE'?
  for (int i = 0; i < STREAM_SIZE / 4; i++) {
                      ^~~~~~~~~~~
                      _T_SIZE
../src/main.c: In function 'compareResults':
../src/main.c:68:22: error: 'STREAM_SIZE' undeclared (first use in this function); did you mean '_T_SIZE'?
  for (int i = 0; i < STREAM_SIZE / 4; i++) {
                      ^~~~~~~~~~~
                      _T_SIZE
../src/main.c: In function 'duplex4':
../src/main.c:96:34: error: 'STREAM_SIZE' undeclared (first use in this function); did you mean '_T_SIZE'?
  DMATransfer((void *) data_dst1, STREAM_SIZE, recv, 1);
                                  ^~~~~~~~~~~
                                  _T_SIZE
../src/main.c: In function 'duplex3':
../src/main.c:116:34: error: 'STREAM_SIZE' undeclared (first use in this function); did you mean '_T_SIZE'?
  DMATransfer((void *) data_dst1, STREAM_SIZE, recv, 1);
                                  ^~~~~~~~~~~
                                  _T_SIZE
../src/main.c: In function 'duplex2':
../src/main.c:133:34: error: 'STREAM_SIZE' undeclared (first use in this function); did you mean '_T_SIZE'?
  DMATransfer((void *) data_dst1, STREAM_SIZE, recv, 1);
                                  ^~~~~~~~~~~
                                  _T_SIZE
../src/main.c: In function 'duplex1':
../src/main.c:147:34: error: 'STREAM_SIZE' undeclared (first use in this function); did you mean '_T_SIZE'?
  DMATransfer((void *) data_dst1, STREAM_SIZE, recv, 1);
                                  ^~~~~~~~~~~
                                  _T_SIZE
../src/main.c: In function 'main':
../src/main.c:213:25: error: 'STREAM_SIZE' undeclared (first use in this function); did you mean '_T_SIZE'?
   bandwidth1duplex[i] = STREAM_SIZE * 2 / (1.0 * (end - start) / (COUNTS_PER_SECOND / 1000000));
                         ^~~~~~~~~~~
                         _T_SIZE
make: *** [src/main.o] Error 1
14:10:36 **** Auto Build of configuration Debug for project BandwidthAssessment ****
make pre-build main-build 
a9-linaro-pre-build-step
 
Building file: ../src/main.c
Invoking: ARM v7 gcc compiler
arm-none-eabi-gcc -Wall -O0 -g3 -c -fmessage-length=0 -MT"src/main.o" -mcpu=cortex-a9 -mfpu=vfpv3 -mfloat-abi=hard -I../../BandwidthAssessment_bsp/ps7_cortexa9_0/include -MMD -MP -MF"src/main.d" -MT"src/main.o" -o "src/main.o" "../src/main.c"
In file included from ../src/main.c:4:0:
../../BandwidthAssessment_bsp/ps7_cortexa9_0/include/xtime_l.h:87:9: note: #pragma message: For the sleep routines, Global timer is being used
 #pragma message ("For the sleep routines, Global timer is being used")
         ^~~~~~~
../src/main.c: In function 'initialize':
../src/main.c:24:2: error: 'data_src1' undeclared (first use in this function); did you mean 'data_src'?
  data_src1 = (int *) DATA_SRC1; data_dst1 = (int *) DATA_DST1;
  ^~~~~~~~~
  data_src
../src/main.c:24:2: note: each undeclared identifier is reported only once for each function it appears in
../src/main.c:24:22: error: 'DATA_SRC1' undeclared (first use in this function); did you mean 'DATA_SRC'?
  data_src1 = (int *) DATA_SRC1; data_dst1 = (int *) DATA_DST1;
                      ^~~~~~~~~
                      DATA_SRC
../src/main.c:24:33: error: 'data_dst1' undeclared (first use in this function); did you mean 'data_dst'?
  data_src1 = (int *) DATA_SRC1; data_dst1 = (int *) DATA_DST1;
                                 ^~~~~~~~~
                                 data_dst
../src/main.c:24:53: error: 'DATA_DST1' undeclared (first use in this function); did you mean 'DATA_DST'?
  data_src1 = (int *) DATA_SRC1; data_dst1 = (int *) DATA_DST1;
                                                     ^~~~~~~~~
                                                     DATA_DST
../src/main.c:25:2: error: 'data_src2' undeclared (first use in this function); did you mean 'data_src1'?
  data_src2 = (int *) DATA_SRC2; data_dst2 = (int *) DATA_DST2;
  ^~~~~~~~~
  data_src1
../src/main.c:25:22: error: 'DATA_SRC2' undeclared (first use in this function); did you mean 'DATA_SRC1'?
  data_src2 = (int *) DATA_SRC2; data_dst2 = (int *) DATA_DST2;
                      ^~~~~~~~~
                      DATA_SRC1
../src/main.c:25:33: error: 'data_dst2' undeclared (first use in this function); did you mean 'data_dst1'?
  data_src2 = (int *) DATA_SRC2; data_dst2 = (int *) DATA_DST2;
                                 ^~~~~~~~~
                                 data_dst1
../src/main.c:25:53: error: 'DATA_DST2' undeclared (first use in this function); did you mean 'DATA_DST1'?
  data_src2 = (int *) DATA_SRC2; data_dst2 = (int *) DATA_DST2;
                                                     ^~~~~~~~~
                                                     DATA_DST1
../src/main.c:26:2: error: 'data_src3' undeclared (first use in this function); did you mean 'data_src2'?
  data_src3 = (int *) DATA_SRC3; data_dst3 = (int *) DATA_DST3;
  ^~~~~~~~~
  data_src2
../src/main.c:26:22: error: 'DATA_SRC3' undeclared (first use in this function); did you mean 'DATA_SRC2'?
  data_src3 = (int *) DATA_SRC3; data_dst3 = (int *) DATA_DST3;
                      ^~~~~~~~~
                      DATA_SRC2
../src/main.c:26:33: error: 'data_dst3' undeclared (first use in this function); did you mean 'data_dst2'?
  data_src3 = (int *) DATA_SRC3; data_dst3 = (int *) DATA_DST3;
                                 ^~~~~~~~~
                                 data_dst2
../src/main.c:26:53: error: 'DATA_DST3' undeclared (first use in this function); did you mean 'DATA_DST2'?
  data_src3 = (int *) DATA_SRC3; data_dst3 = (int *) DATA_DST3;
                                                     ^~~~~~~~~
                                                     DATA_DST2
../src/main.c:27:2: error: 'data_src4' undeclared (first use in this function); did you mean 'data_src3'?
  data_src4 = (int *) DATA_SRC4; data_dst4 = (int *) DATA_DST4;
  ^~~~~~~~~
  data_src3
../src/main.c:27:22: error: 'DATA_SRC4' undeclared (first use in this function); did you mean 'DATA_SRC3'?
  data_src4 = (int *) DATA_SRC4; data_dst4 = (int *) DATA_DST4;
                      ^~~~~~~~~
                      DATA_SRC3
../src/main.c:27:33: error: 'data_dst4' undeclared (first use in this function); did you mean 'data_dst3'?
  data_src4 = (int *) DATA_SRC4; data_dst4 = (int *) DATA_DST4;
                                 ^~~~~~~~~
                                 data_dst3
../src/main.c:27:53: error: 'DATA_DST4' undeclared (first use in this function); did you mean 'DATA_DST3'?
  data_src4 = (int *) DATA_SRC4; data_dst4 = (int *) DATA_DST4;
                                                     ^~~~~~~~~
                                                     DATA_DST3
../src/main.c:44:22: error: 'STREAM_SIZE' undeclared (first use in this function); did you mean '_T_SIZE'?
  for (int i = 0; i < STREAM_SIZE / 4; i++) {
                      ^~~~~~~~~~~
                      _T_SIZE
../src/main.c: In function 'resetResults':
../src/main.c:54:22: error: 'STREAM_SIZE' undeclared (first use in this function); did you mean '_T_SIZE'?
  for (int i = 0; i < STREAM_SIZE / 4; i++) {
                      ^~~~~~~~~~~
                      _T_SIZE
../src/main.c:56:11: error: 'data_src4' undeclared (first use in this function); did you mean 'data_src'?
   case 4: data_src4[i] = 0;
           ^~~~~~~~~
           data_src
../src/main.c:57:11: error: 'data_src3' undeclared (first use in this function); did you mean 'data_src4'?
   case 3: data_src3[i] = 0;
           ^~~~~~~~~
           data_src4
../src/main.c:58:11: error: 'data_src2' undeclared (first use in this function); did you mean 'data_src3'?
   case 2: data_src2[i] = 0;
           ^~~~~~~~~
           data_src3
../src/main.c:59:12: error: 'data_src1' undeclared (first use in this function); did you mean 'data_src2'?
   default: data_src1[i] = 0;
            ^~~~~~~~~
            data_src2
../src/main.c: In function 'compareResults':
../src/main.c:65:22: error: 'STREAM_SIZE' undeclared (first use in this function); did you mean '_T_SIZE'?
  for (int i = 0; i < STREAM_SIZE / 4; i++) {
                      ^~~~~~~~~~~
                      _T_SIZE
../src/main.c:68:8: error: 'data_dst4' undeclared (first use in this function); did you mean 'data_dst'?
    if (data_dst4[i] != data_src4[i]) {
        ^~~~~~~~~
        data_dst
../src/main.c:68:24: error: 'data_src4' undeclared (first use in this function); did you mean 'data_src'?
    if (data_dst4[i] != data_src4[i]) {
                        ^~~~~~~~~
                        data_src
../src/main.c:73:8: error: 'data_dst3' undeclared (first use in this function); did you mean 'data_dst4'?
    if (data_dst3[i] != data_src3[i]) {
        ^~~~~~~~~
        data_dst4
../src/main.c:73:24: error: 'data_src3' undeclared (first use in this function); did you mean 'data_src4'?
    if (data_dst3[i] != data_src3[i]) {
                        ^~~~~~~~~
                        data_src4
../src/main.c:78:8: error: 'data_dst2' undeclared (first use in this function); did you mean 'data_dst3'?
    if (data_dst2[i] != data_src2[i]) {
        ^~~~~~~~~
        data_dst3
../src/main.c:78:24: error: 'data_src2' undeclared (first use in this function); did you mean 'data_src3'?
    if (data_dst2[i] != data_src2[i]) {
                        ^~~~~~~~~
                        data_src3
../src/main.c:83:8: error: 'data_dst1' undeclared (first use in this function); did you mean 'data_dst2'?
    if (data_dst1[i] != data_src1[i]) {
        ^~~~~~~~~
        data_dst2
../src/main.c:83:24: error: 'data_src1' undeclared (first use in this function); did you mean 'data_src2'?
    if (data_dst1[i] != data_src1[i]) {
                        ^~~~~~~~~
                        data_src2
../src/main.c: In function 'duplex4':
../src/main.c:93:23: error: 'data_dst1' undeclared (first use in this function); did you mean 'data_dst'?
  DMATransfer((void *) data_dst1, STREAM_SIZE, recv, 1);
                       ^~~~~~~~~
                       data_dst
../src/main.c:93:34: error: 'STREAM_SIZE' undeclared (first use in this function); did you mean '_T_SIZE'?
  DMATransfer((void *) data_dst1, STREAM_SIZE, recv, 1);
                                  ^~~~~~~~~~~
                                  _T_SIZE
../src/main.c:94:23: error: 'data_dst2' undeclared (first use in this function); did you mean 'data_dst1'?
  DMATransfer((void *) data_dst2, STREAM_SIZE, recv, 3);
                       ^~~~~~~~~
                       data_dst1
../src/main.c:95:23: error: 'data_dst3' undeclared (first use in this function); did you mean 'data_dst2'?
  DMATransfer((void *) data_dst3, STREAM_SIZE, recv, 5);
                       ^~~~~~~~~
                       data_dst2
../src/main.c:96:23: error: 'data_dst4' undeclared (first use in this function); did you mean 'data_dst3'?
  DMATransfer((void *) data_dst4, STREAM_SIZE, recv, 7);
                       ^~~~~~~~~
                       data_dst3
../src/main.c:99:23: error: 'data_src1' undeclared (first use in this function); did you mean 'data_src'?
  DMATransfer((void *) data_src1, STREAM_SIZE, send, 0);
                       ^~~~~~~~~
                       data_src
../src/main.c:100:23: error: 'data_src2' undeclared (first use in this function); did you mean 'data_src1'?
  DMATransfer((void *) data_src2, STREAM_SIZE, send, 2);
                       ^~~~~~~~~
                       data_src1
../src/main.c:101:23: error: 'data_src3' undeclared (first use in this function); did you mean 'data_src2'?
  DMATransfer((void *) data_src3, STREAM_SIZE, send, 4);
                       ^~~~~~~~~
                       data_src2
../src/main.c:102:23: error: 'data_src4' undeclared (first use in this function); did you mean 'data_src3'?
  DMATransfer((void *) data_src4, STREAM_SIZE, send, 6);
                       ^~~~~~~~~
                       data_src3
../src/main.c: In function 'duplex3':
../src/main.c:113:23: error: 'data_dst1' undeclared (first use in this function); did you mean 'data_dst'?
  DMATransfer((void *) data_dst1, STREAM_SIZE, recv, 1);
                       ^~~~~~~~~
                       data_dst
../src/main.c:113:34: error: 'STREAM_SIZE' undeclared (first use in this function); did you mean '_T_SIZE'?
  DMATransfer((void *) data_dst1, STREAM_SIZE, recv, 1);
                                  ^~~~~~~~~~~
                                  _T_SIZE
../src/main.c:114:23: error: 'data_dst2' undeclared (first use in this function); did you mean 'data_dst1'?
  DMATransfer((void *) data_dst2, STREAM_SIZE, recv, 3);
                       ^~~~~~~~~
                       data_dst1
../src/main.c:115:23: error: 'data_dst3' undeclared (first use in this function); did you mean 'data_dst2'?
  DMATransfer((void *) data_dst3, STREAM_SIZE, recv, 5);
                       ^~~~~~~~~
                       data_dst2
../src/main.c:118:23: error: 'data_src1' undeclared (first use in this function); did you mean 'data_src'?
  DMATransfer((void *) data_src1, STREAM_SIZE, send, 0);
                       ^~~~~~~~~
                       data_src
../src/main.c:119:23: error: 'data_src2' undeclared (first use in this function); did you mean 'data_src1'?
  DMATransfer((void *) data_src2, STREAM_SIZE, send, 2);
                       ^~~~~~~~~
                       data_src1
../src/main.c:120:23: error: 'data_src3' undeclared (first use in this function); did you mean 'data_src2'?
  DMATransfer((void *) data_src3, STREAM_SIZE, send, 4);
                       ^~~~~~~~~
                       data_src2
../src/main.c: In function 'duplex2':
../src/main.c:130:23: error: 'data_dst1' undeclared (first use in this function); did you mean 'data_dst'?
  DMATransfer((void *) data_dst1, STREAM_SIZE, recv, 1);
                       ^~~~~~~~~
                       data_dst
../src/main.c:130:34: error: 'STREAM_SIZE' undeclared (first use in this function); did you mean '_T_SIZE'?
  DMATransfer((void *) data_dst1, STREAM_SIZE, recv, 1);
                                  ^~~~~~~~~~~
                                  _T_SIZE
../src/main.c:131:23: error: 'data_dst3' undeclared (first use in this function); did you mean 'data_dst1'?
  DMATransfer((void *) data_dst3, STREAM_SIZE, recv, 5);
                       ^~~~~~~~~
                       data_dst1
../src/main.c:134:23: error: 'data_src1' undeclared (first use in this function); did you mean 'data_src'?
  DMATransfer((void *) data_src1, STREAM_SIZE, send, 0);
                       ^~~~~~~~~
                       data_src
../src/main.c:135:23: error: 'data_src3' undeclared (first use in this function); did you mean 'data_src1'?
  DMATransfer((void *) data_src3, STREAM_SIZE, send, 4);
                       ^~~~~~~~~
                       data_src1
../src/main.c: In function 'duplex1':
../src/main.c:144:23: error: 'data_dst1' undeclared (first use in this function); did you mean 'data_dst'?
  DMATransfer((void *) data_dst1, STREAM_SIZE, recv, 1);
                       ^~~~~~~~~
                       data_dst
../src/main.c:144:34: error: 'STREAM_SIZE' undeclared (first use in this function); did you mean '_T_SIZE'?
  DMATransfer((void *) data_dst1, STREAM_SIZE, recv, 1);
                                  ^~~~~~~~~~~
                                  _T_SIZE
../src/main.c:147:23: error: 'data_src1' undeclared (first use in this function); did you mean 'data_src'?
  DMATransfer((void *) data_src1, STREAM_SIZE, send, 0);
                       ^~~~~~~~~
                       data_src
../src/main.c: In function 'main':
../src/main.c:210:25: error: 'STREAM_SIZE' undeclared (first use in this function); did you mean '_T_SIZE'?
   bandwidth1duplex[i] = STREAM_SIZE * 2 / (1.0 * (end - start) / (COUNTS_PER_SECOND / 1000000));
                         ^~~~~~~~~~~
                         _T_SIZE
make: *** [src/main.o] Error 1
14:11:10 **** Auto Build of configuration Debug for project BandwidthAssessment ****
make pre-build main-build 
a9-linaro-pre-build-step
 
Building file: ../src/main.c
Invoking: ARM v7 gcc compiler
arm-none-eabi-gcc -Wall -O0 -g3 -c -fmessage-length=0 -MT"src/main.o" -mcpu=cortex-a9 -mfpu=vfpv3 -mfloat-abi=hard -I../../BandwidthAssessment_bsp/ps7_cortexa9_0/include -MMD -MP -MF"src/main.d" -MT"src/main.o" -o "src/main.o" "../src/main.c"
In file included from ../src/main.c:4:0:
../../BandwidthAssessment_bsp/ps7_cortexa9_0/include/xtime_l.h:87:9: note: #pragma message: For the sleep routines, Global timer is being used
 #pragma message ("For the sleep routines, Global timer is being used")
         ^~~~~~~
../src/main.c: In function 'initialize':
../src/main.c:36:22: error: 'STREAM_SIZE' undeclared (first use in this function); did you mean '_T_SIZE'?
  for (int i = 0; i < STREAM_SIZE / 4; i++) {
                      ^~~~~~~~~~~
                      _T_SIZE
../src/main.c:36:22: note: each undeclared identifier is reported only once for each function it appears in
../src/main.c:37:3: error: 'data_src1' undeclared (first use in this function); did you mean 'data_src'?
   data_src1[i] = i;
   ^~~~~~~~~
   data_src
../src/main.c:38:3: error: 'data_src2' undeclared (first use in this function); did you mean 'data_src1'?
   data_src2[i] = i;
   ^~~~~~~~~
   data_src1
../src/main.c:39:3: error: 'data_src3' undeclared (first use in this function); did you mean 'data_src2'?
   data_src3[i] = i;
   ^~~~~~~~~
   data_src2
../src/main.c:40:3: error: 'data_src4' undeclared (first use in this function); did you mean 'data_src3'?
   data_src4[i] = i;
   ^~~~~~~~~
   data_src3
../src/main.c: In function 'resetResults':
../src/main.c:46:22: error: 'STREAM_SIZE' undeclared (first use in this function); did you mean '_T_SIZE'?
  for (int i = 0; i < STREAM_SIZE / 4; i++) {
                      ^~~~~~~~~~~
                      _T_SIZE
../src/main.c:48:11: error: 'data_src4' undeclared (first use in this function); did you mean 'data_src'?
   case 4: data_src4[i] = 0;
           ^~~~~~~~~
           data_src
../src/main.c:49:11: error: 'data_src3' undeclared (first use in this function); did you mean 'data_src4'?
   case 3: data_src3[i] = 0;
           ^~~~~~~~~
           data_src4
../src/main.c:50:11: error: 'data_src2' undeclared (first use in this function); did you mean 'data_src3'?
   case 2: data_src2[i] = 0;
           ^~~~~~~~~
           data_src3
../src/main.c:51:12: error: 'data_src1' undeclared (first use in this function); did you mean 'data_src2'?
   default: data_src1[i] = 0;
            ^~~~~~~~~
            data_src2
../src/main.c: In function 'compareResults':
../src/main.c:57:22: error: 'STREAM_SIZE' undeclared (first use in this function); did you mean '_T_SIZE'?
  for (int i = 0; i < STREAM_SIZE / 4; i++) {
                      ^~~~~~~~~~~
                      _T_SIZE
../src/main.c:60:8: error: 'data_dst4' undeclared (first use in this function); did you mean 'data_dst'?
    if (data_dst4[i] != data_src4[i]) {
        ^~~~~~~~~
        data_dst
../src/main.c:60:24: error: 'data_src4' undeclared (first use in this function); did you mean 'data_src'?
    if (data_dst4[i] != data_src4[i]) {
                        ^~~~~~~~~
                        data_src
../src/main.c:65:8: error: 'data_dst3' undeclared (first use in this function); did you mean 'data_dst4'?
    if (data_dst3[i] != data_src3[i]) {
        ^~~~~~~~~
        data_dst4
../src/main.c:65:24: error: 'data_src3' undeclared (first use in this function); did you mean 'data_src4'?
    if (data_dst3[i] != data_src3[i]) {
                        ^~~~~~~~~
                        data_src4
../src/main.c:70:8: error: 'data_dst2' undeclared (first use in this function); did you mean 'data_dst3'?
    if (data_dst2[i] != data_src2[i]) {
        ^~~~~~~~~
        data_dst3
../src/main.c:70:24: error: 'data_src2' undeclared (first use in this function); did you mean 'data_src3'?
    if (data_dst2[i] != data_src2[i]) {
                        ^~~~~~~~~
                        data_src3
../src/main.c:75:8: error: 'data_dst1' undeclared (first use in this function); did you mean 'data_dst2'?
    if (data_dst1[i] != data_src1[i]) {
        ^~~~~~~~~
        data_dst2
../src/main.c:75:24: error: 'data_src1' undeclared (first use in this function); did you mean 'data_src2'?
    if (data_dst1[i] != data_src1[i]) {
                        ^~~~~~~~~
                        data_src2
../src/main.c: In function 'duplex4':
../src/main.c:85:23: error: 'data_dst1' undeclared (first use in this function); did you mean 'data_dst'?
  DMATransfer((void *) data_dst1, STREAM_SIZE, recv, 1);
                       ^~~~~~~~~
                       data_dst
../src/main.c:85:34: error: 'STREAM_SIZE' undeclared (first use in this function); did you mean '_T_SIZE'?
  DMATransfer((void *) data_dst1, STREAM_SIZE, recv, 1);
                                  ^~~~~~~~~~~
                                  _T_SIZE
../src/main.c:86:23: error: 'data_dst2' undeclared (first use in this function); did you mean 'data_dst1'?
  DMATransfer((void *) data_dst2, STREAM_SIZE, recv, 3);
                       ^~~~~~~~~
                       data_dst1
../src/main.c:87:23: error: 'data_dst3' undeclared (first use in this function); did you mean 'data_dst2'?
  DMATransfer((void *) data_dst3, STREAM_SIZE, recv, 5);
                       ^~~~~~~~~
                       data_dst2
../src/main.c:88:23: error: 'data_dst4' undeclared (first use in this function); did you mean 'data_dst3'?
  DMATransfer((void *) data_dst4, STREAM_SIZE, recv, 7);
                       ^~~~~~~~~
                       data_dst3
../src/main.c:91:23: error: 'data_src1' undeclared (first use in this function); did you mean 'data_src'?
  DMATransfer((void *) data_src1, STREAM_SIZE, send, 0);
                       ^~~~~~~~~
                       data_src
../src/main.c:92:23: error: 'data_src2' undeclared (first use in this function); did you mean 'data_src1'?
  DMATransfer((void *) data_src2, STREAM_SIZE, send, 2);
                       ^~~~~~~~~
                       data_src1
../src/main.c:93:23: error: 'data_src3' undeclared (first use in this function); did you mean 'data_src2'?
  DMATransfer((void *) data_src3, STREAM_SIZE, send, 4);
                       ^~~~~~~~~
                       data_src2
../src/main.c:94:23: error: 'data_src4' undeclared (first use in this function); did you mean 'data_src3'?
  DMATransfer((void *) data_src4, STREAM_SIZE, send, 6);
                       ^~~~~~~~~
                       data_src3
../src/main.c: In function 'duplex3':
../src/main.c:105:23: error: 'data_dst1' undeclared (first use in this function); did you mean 'data_dst'?
  DMATransfer((void *) data_dst1, STREAM_SIZE, recv, 1);
                       ^~~~~~~~~
                       data_dst
../src/main.c:105:34: error: 'STREAM_SIZE' undeclared (first use in this function); did you mean '_T_SIZE'?
  DMATransfer((void *) data_dst1, STREAM_SIZE, recv, 1);
                                  ^~~~~~~~~~~
                                  _T_SIZE
../src/main.c:106:23: error: 'data_dst2' undeclared (first use in this function); did you mean 'data_dst1'?
  DMATransfer((void *) data_dst2, STREAM_SIZE, recv, 3);
                       ^~~~~~~~~
                       data_dst1
../src/main.c:107:23: error: 'data_dst3' undeclared (first use in this function); did you mean 'data_dst2'?
  DMATransfer((void *) data_dst3, STREAM_SIZE, recv, 5);
                       ^~~~~~~~~
                       data_dst2
../src/main.c:110:23: error: 'data_src1' undeclared (first use in this function); did you mean 'data_src'?
  DMATransfer((void *) data_src1, STREAM_SIZE, send, 0);
                       ^~~~~~~~~
                       data_src
../src/main.c:111:23: error: 'data_src2' undeclared (first use in this function); did you mean 'data_src1'?
  DMATransfer((void *) data_src2, STREAM_SIZE, send, 2);
                       ^~~~~~~~~
                       data_src1
../src/main.c:112:23: error: 'data_src3' undeclared (first use in this function); did you mean 'data_src2'?
  DMATransfer((void *) data_src3, STREAM_SIZE, send, 4);
                       ^~~~~~~~~
                       data_src2
../src/main.c: In function 'duplex2':
../src/main.c:122:23: error: 'data_dst1' undeclared (first use in this function); did you mean 'data_dst'?
  DMATransfer((void *) data_dst1, STREAM_SIZE, recv, 1);
                       ^~~~~~~~~
                       data_dst
../src/main.c:122:34: error: 'STREAM_SIZE' undeclared (first use in this function); did you mean '_T_SIZE'?
  DMATransfer((void *) data_dst1, STREAM_SIZE, recv, 1);
                                  ^~~~~~~~~~~
                                  _T_SIZE
../src/main.c:123:23: error: 'data_dst3' undeclared (first use in this function); did you mean 'data_dst1'?
  DMATransfer((void *) data_dst3, STREAM_SIZE, recv, 5);
                       ^~~~~~~~~
                       data_dst1
../src/main.c:126:23: error: 'data_src1' undeclared (first use in this function); did you mean 'data_src'?
  DMATransfer((void *) data_src1, STREAM_SIZE, send, 0);
                       ^~~~~~~~~
                       data_src
../src/main.c:127:23: error: 'data_src3' undeclared (first use in this function); did you mean 'data_src1'?
  DMATransfer((void *) data_src3, STREAM_SIZE, send, 4);
                       ^~~~~~~~~
                       data_src1
../src/main.c: In function 'duplex1':
../src/main.c:136:23: error: 'data_dst1' undeclared (first use in this function); did you mean 'data_dst'?
  DMATransfer((void *) data_dst1, STREAM_SIZE, recv, 1);
                       ^~~~~~~~~
                       data_dst
../src/main.c:136:34: error: 'STREAM_SIZE' undeclared (first use in this function); did you mean '_T_SIZE'?
  DMATransfer((void *) data_dst1, STREAM_SIZE, recv, 1);
                                  ^~~~~~~~~~~
                                  _T_SIZE
../src/main.c:139:23: error: 'data_src1' undeclared (first use in this function); did you mean 'data_src'?
  DMATransfer((void *) data_src1, STREAM_SIZE, send, 0);
                       ^~~~~~~~~
                       data_src
../src/main.c: In function 'main':
../src/main.c:202:25: error: 'STREAM_SIZE' undeclared (first use in this function); did you mean '_T_SIZE'?
   bandwidth1duplex[i] = STREAM_SIZE * 2 / (1.0 * (end - start) / (COUNTS_PER_SECOND / 1000000));
                         ^~~~~~~~~~~
                         _T_SIZE
make: *** [src/main.o] Error 1
14:11:28 **** Auto Build of configuration Debug for project BandwidthAssessment ****
make pre-build main-build 
a9-linaro-pre-build-step
 
Building file: ../src/main.c
Invoking: ARM v7 gcc compiler
arm-none-eabi-gcc -Wall -O0 -g3 -c -fmessage-length=0 -MT"src/main.o" -mcpu=cortex-a9 -mfpu=vfpv3 -mfloat-abi=hard -I../../BandwidthAssessment_bsp/ps7_cortexa9_0/include -MMD -MP -MF"src/main.d" -MT"src/main.o" -o "src/main.o" "../src/main.c"
In file included from ../src/main.c:4:0:
../../BandwidthAssessment_bsp/ps7_cortexa9_0/include/xtime_l.h:87:9: note: #pragma message: For the sleep routines, Global timer is being used
 #pragma message ("For the sleep routines, Global timer is being used")
         ^~~~~~~
../src/main.c: In function 'initialize':
../src/main.c:37:22: error: 'STREAM_SIZE' undeclared (first use in this function); did you mean '_T_SIZE'?
  for (int i = 0; i < STREAM_SIZE / 4; i++) {
                      ^~~~~~~~~~~
                      _T_SIZE
../src/main.c:37:22: note: each undeclared identifier is reported only once for each function it appears in
../src/main.c:39:3: error: 'data_src2' undeclared (first use in this function); did you mean 'data_src'?
   data_src2[i] = i;
   ^~~~~~~~~
   data_src
../src/main.c:40:3: error: 'data_src3' undeclared (first use in this function); did you mean 'data_src2'?
   data_src3[i] = i;
   ^~~~~~~~~
   data_src2
../src/main.c:41:3: error: 'data_src4' undeclared (first use in this function); did you mean 'data_src3'?
   data_src4[i] = i;
   ^~~~~~~~~
   data_src3
../src/main.c: In function 'resetResults':
../src/main.c:47:22: error: 'STREAM_SIZE' undeclared (first use in this function); did you mean '_T_SIZE'?
  for (int i = 0; i < STREAM_SIZE / 4; i++) {
                      ^~~~~~~~~~~
                      _T_SIZE
../src/main.c:49:11: error: 'data_src4' undeclared (first use in this function); did you mean 'data_src'?
   case 4: data_src4[i] = 0;
           ^~~~~~~~~
           data_src
../src/main.c:50:11: error: 'data_src3' undeclared (first use in this function); did you mean 'data_src4'?
   case 3: data_src3[i] = 0;
           ^~~~~~~~~
           data_src4
../src/main.c:51:11: error: 'data_src2' undeclared (first use in this function); did you mean 'data_src3'?
   case 2: data_src2[i] = 0;
           ^~~~~~~~~
           data_src3
../src/main.c:52:12: error: 'data_src1' undeclared (first use in this function); did you mean 'data_src2'?
   default: data_src1[i] = 0;
            ^~~~~~~~~
            data_src2
../src/main.c: In function 'compareResults':
../src/main.c:58:22: error: 'STREAM_SIZE' undeclared (first use in this function); did you mean '_T_SIZE'?
  for (int i = 0; i < STREAM_SIZE / 4; i++) {
                      ^~~~~~~~~~~
                      _T_SIZE
../src/main.c:61:8: error: 'data_dst4' undeclared (first use in this function); did you mean 'data_dst'?
    if (data_dst4[i] != data_src4[i]) {
        ^~~~~~~~~
        data_dst
../src/main.c:61:24: error: 'data_src4' undeclared (first use in this function); did you mean 'data_src'?
    if (data_dst4[i] != data_src4[i]) {
                        ^~~~~~~~~
                        data_src
../src/main.c:66:8: error: 'data_dst3' undeclared (first use in this function); did you mean 'data_dst4'?
    if (data_dst3[i] != data_src3[i]) {
        ^~~~~~~~~
        data_dst4
../src/main.c:66:24: error: 'data_src3' undeclared (first use in this function); did you mean 'data_src4'?
    if (data_dst3[i] != data_src3[i]) {
                        ^~~~~~~~~
                        data_src4
../src/main.c:71:8: error: 'data_dst2' undeclared (first use in this function); did you mean 'data_dst3'?
    if (data_dst2[i] != data_src2[i]) {
        ^~~~~~~~~
        data_dst3
../src/main.c:71:24: error: 'data_src2' undeclared (first use in this function); did you mean 'data_src3'?
    if (data_dst2[i] != data_src2[i]) {
                        ^~~~~~~~~
                        data_src3
../src/main.c:76:8: error: 'data_dst1' undeclared (first use in this function); did you mean 'data_dst2'?
    if (data_dst1[i] != data_src1[i]) {
        ^~~~~~~~~
        data_dst2
../src/main.c:76:24: error: 'data_src1' undeclared (first use in this function); did you mean 'data_src2'?
    if (data_dst1[i] != data_src1[i]) {
                        ^~~~~~~~~
                        data_src2
../src/main.c: In function 'duplex4':
../src/main.c:86:23: error: 'data_dst1' undeclared (first use in this function); did you mean 'data_dst'?
  DMATransfer((void *) data_dst1, STREAM_SIZE, recv, 1);
                       ^~~~~~~~~
                       data_dst
../src/main.c:86:34: error: 'STREAM_SIZE' undeclared (first use in this function); did you mean '_T_SIZE'?
  DMATransfer((void *) data_dst1, STREAM_SIZE, recv, 1);
                                  ^~~~~~~~~~~
                                  _T_SIZE
../src/main.c:87:23: error: 'data_dst2' undeclared (first use in this function); did you mean 'data_dst1'?
  DMATransfer((void *) data_dst2, STREAM_SIZE, recv, 3);
                       ^~~~~~~~~
                       data_dst1
../src/main.c:88:23: error: 'data_dst3' undeclared (first use in this function); did you mean 'data_dst2'?
  DMATransfer((void *) data_dst3, STREAM_SIZE, recv, 5);
                       ^~~~~~~~~
                       data_dst2
../src/main.c:89:23: error: 'data_dst4' undeclared (first use in this function); did you mean 'data_dst3'?
  DMATransfer((void *) data_dst4, STREAM_SIZE, recv, 7);
                       ^~~~~~~~~
                       data_dst3
../src/main.c:92:23: error: 'data_src1' undeclared (first use in this function); did you mean 'data_src'?
  DMATransfer((void *) data_src1, STREAM_SIZE, send, 0);
                       ^~~~~~~~~
                       data_src
../src/main.c:93:23: error: 'data_src2' undeclared (first use in this function); did you mean 'data_src1'?
  DMATransfer((void *) data_src2, STREAM_SIZE, send, 2);
                       ^~~~~~~~~
                       data_src1
../src/main.c:94:23: error: 'data_src3' undeclared (first use in this function); did you mean 'data_src2'?
  DMATransfer((void *) data_src3, STREAM_SIZE, send, 4);
                       ^~~~~~~~~
                       data_src2
../src/main.c:95:23: error: 'data_src4' undeclared (first use in this function); did you mean 'data_src3'?
  DMATransfer((void *) data_src4, STREAM_SIZE, send, 6);
                       ^~~~~~~~~
                       data_src3
../src/main.c: In function 'duplex3':
../src/main.c:106:23: error: 'data_dst1' undeclared (first use in this function); did you mean 'data_dst'?
  DMATransfer((void *) data_dst1, STREAM_SIZE, recv, 1);
                       ^~~~~~~~~
                       data_dst
../src/main.c:106:34: error: 'STREAM_SIZE' undeclared (first use in this function); did you mean '_T_SIZE'?
  DMATransfer((void *) data_dst1, STREAM_SIZE, recv, 1);
                                  ^~~~~~~~~~~
                                  _T_SIZE
../src/main.c:107:23: error: 'data_dst2' undeclared (first use in this function); did you mean 'data_dst1'?
  DMATransfer((void *) data_dst2, STREAM_SIZE, recv, 3);
                       ^~~~~~~~~
                       data_dst1
../src/main.c:108:23: error: 'data_dst3' undeclared (first use in this function); did you mean 'data_dst2'?
  DMATransfer((void *) data_dst3, STREAM_SIZE, recv, 5);
                       ^~~~~~~~~
                       data_dst2
../src/main.c:111:23: error: 'data_src1' undeclared (first use in this function); did you mean 'data_src'?
  DMATransfer((void *) data_src1, STREAM_SIZE, send, 0);
                       ^~~~~~~~~
                       data_src
../src/main.c:112:23: error: 'data_src2' undeclared (first use in this function); did you mean 'data_src1'?
  DMATransfer((void *) data_src2, STREAM_SIZE, send, 2);
                       ^~~~~~~~~
                       data_src1
../src/main.c:113:23: error: 'data_src3' undeclared (first use in this function); did you mean 'data_src2'?
  DMATransfer((void *) data_src3, STREAM_SIZE, send, 4);
                       ^~~~~~~~~
                       data_src2
../src/main.c: In function 'duplex2':
../src/main.c:123:23: error: 'data_dst1' undeclared (first use in this function); did you mean 'data_dst'?
  DMATransfer((void *) data_dst1, STREAM_SIZE, recv, 1);
                       ^~~~~~~~~
                       data_dst
../src/main.c:123:34: error: 'STREAM_SIZE' undeclared (first use in this function); did you mean '_T_SIZE'?
  DMATransfer((void *) data_dst1, STREAM_SIZE, recv, 1);
                                  ^~~~~~~~~~~
                                  _T_SIZE
../src/main.c:124:23: error: 'data_dst3' undeclared (first use in this function); did you mean 'data_dst1'?
  DMATransfer((void *) data_dst3, STREAM_SIZE, recv, 5);
                       ^~~~~~~~~
                       data_dst1
../src/main.c:127:23: error: 'data_src1' undeclared (first use in this function); did you mean 'data_src'?
  DMATransfer((void *) data_src1, STREAM_SIZE, send, 0);
                       ^~~~~~~~~
                       data_src
../src/main.c:128:23: error: 'data_src3' undeclared (first use in this function); did you mean 'data_src1'?
  DMATransfer((void *) data_src3, STREAM_SIZE, send, 4);
                       ^~~~~~~~~
                       data_src1
../src/main.c: In function 'duplex1':
../src/main.c:137:23: error: 'data_dst1' undeclared (first use in this function); did you mean 'data_dst'?
  DMATransfer((void *) data_dst1, STREAM_SIZE, recv, 1);
                       ^~~~~~~~~
                       data_dst
../src/main.c:137:34: error: 'STREAM_SIZE' undeclared (first use in this function); did you mean '_T_SIZE'?
  DMATransfer((void *) data_dst1, STREAM_SIZE, recv, 1);
                                  ^~~~~~~~~~~
                                  _T_SIZE
../src/main.c:140:23: error: 'data_src1' undeclared (first use in this function); did you mean 'data_src'?
  DMATransfer((void *) data_src1, STREAM_SIZE, send, 0);
                       ^~~~~~~~~
                       data_src
../src/main.c: In function 'main':
../src/main.c:203:25: error: 'STREAM_SIZE' undeclared (first use in this function); did you mean '_T_SIZE'?
   bandwidth1duplex[i] = STREAM_SIZE * 2 / (1.0 * (end - start) / (COUNTS_PER_SECOND / 1000000));
                         ^~~~~~~~~~~
                         _T_SIZE
make: *** [src/main.o] Error 1
14:11:40 **** Auto Build of configuration Debug for project BandwidthAssessment ****
make pre-build main-build 
a9-linaro-pre-build-step
 
Building file: ../src/main.c
Invoking: ARM v7 gcc compiler
arm-none-eabi-gcc -Wall -O0 -g3 -c -fmessage-length=0 -MT"src/main.o" -mcpu=cortex-a9 -mfpu=vfpv3 -mfloat-abi=hard -I../../BandwidthAssessment_bsp/ps7_cortexa9_0/include -MMD -MP -MF"src/main.d" -MT"src/main.o" -o "src/main.o" "../src/main.c"
In file included from ../src/main.c:4:0:
../../BandwidthAssessment_bsp/ps7_cortexa9_0/include/xtime_l.h:87:9: note: #pragma message: For the sleep routines, Global timer is being used
 #pragma message ("For the sleep routines, Global timer is being used")
         ^~~~~~~
../src/main.c: In function 'initialize':
../src/main.c:37:22: error: 'STREAM_SIZE' undeclared (first use in this function); did you mean '_T_SIZE'?
  for (int i = 0; i < STREAM_SIZE / 4; i++)
                      ^~~~~~~~~~~
                      _T_SIZE
../src/main.c:37:22: note: each undeclared identifier is reported only once for each function it appears in
../src/main.c: In function 'resetResults':
../src/main.c:43:22: error: 'STREAM_SIZE' undeclared (first use in this function); did you mean '_T_SIZE'?
  for (int i = 0; i < STREAM_SIZE / 4; i++) {
                      ^~~~~~~~~~~
                      _T_SIZE
../src/main.c:45:11: error: 'data_src4' undeclared (first use in this function); did you mean 'data_src'?
   case 4: data_src4[i] = 0;
           ^~~~~~~~~
           data_src
../src/main.c:46:11: error: 'data_src3' undeclared (first use in this function); did you mean 'data_src4'?
   case 3: data_src3[i] = 0;
           ^~~~~~~~~
           data_src4
../src/main.c:47:11: error: 'data_src2' undeclared (first use in this function); did you mean 'data_src3'?
   case 2: data_src2[i] = 0;
           ^~~~~~~~~
           data_src3
../src/main.c:48:12: error: 'data_src1' undeclared (first use in this function); did you mean 'data_src2'?
   default: data_src1[i] = 0;
            ^~~~~~~~~
            data_src2
../src/main.c: In function 'compareResults':
../src/main.c:54:22: error: 'STREAM_SIZE' undeclared (first use in this function); did you mean '_T_SIZE'?
  for (int i = 0; i < STREAM_SIZE / 4; i++) {
                      ^~~~~~~~~~~
                      _T_SIZE
../src/main.c:57:8: error: 'data_dst4' undeclared (first use in this function); did you mean 'data_dst'?
    if (data_dst4[i] != data_src4[i]) {
        ^~~~~~~~~
        data_dst
../src/main.c:57:24: error: 'data_src4' undeclared (first use in this function); did you mean 'data_src'?
    if (data_dst4[i] != data_src4[i]) {
                        ^~~~~~~~~
                        data_src
../src/main.c:62:8: error: 'data_dst3' undeclared (first use in this function); did you mean 'data_dst4'?
    if (data_dst3[i] != data_src3[i]) {
        ^~~~~~~~~
        data_dst4
../src/main.c:62:24: error: 'data_src3' undeclared (first use in this function); did you mean 'data_src4'?
    if (data_dst3[i] != data_src3[i]) {
                        ^~~~~~~~~
                        data_src4
../src/main.c:67:8: error: 'data_dst2' undeclared (first use in this function); did you mean 'data_dst3'?
    if (data_dst2[i] != data_src2[i]) {
        ^~~~~~~~~
        data_dst3
../src/main.c:67:24: error: 'data_src2' undeclared (first use in this function); did you mean 'data_src3'?
    if (data_dst2[i] != data_src2[i]) {
                        ^~~~~~~~~
                        data_src3
../src/main.c:72:8: error: 'data_dst1' undeclared (first use in this function); did you mean 'data_dst2'?
    if (data_dst1[i] != data_src1[i]) {
        ^~~~~~~~~
        data_dst2
../src/main.c:72:24: error: 'data_src1' undeclared (first use in this function); did you mean 'data_src2'?
    if (data_dst1[i] != data_src1[i]) {
                        ^~~~~~~~~
                        data_src2
../src/main.c: In function 'duplex4':
../src/main.c:82:23: error: 'data_dst1' undeclared (first use in this function); did you mean 'data_dst'?
  DMATransfer((void *) data_dst1, STREAM_SIZE, recv, 1);
                       ^~~~~~~~~
                       data_dst
../src/main.c:82:34: error: 'STREAM_SIZE' undeclared (first use in this function); did you mean '_T_SIZE'?
  DMATransfer((void *) data_dst1, STREAM_SIZE, recv, 1);
                                  ^~~~~~~~~~~
                                  _T_SIZE
../src/main.c:83:23: error: 'data_dst2' undeclared (first use in this function); did you mean 'data_dst1'?
  DMATransfer((void *) data_dst2, STREAM_SIZE, recv, 3);
                       ^~~~~~~~~
                       data_dst1
../src/main.c:84:23: error: 'data_dst3' undeclared (first use in this function); did you mean 'data_dst2'?
  DMATransfer((void *) data_dst3, STREAM_SIZE, recv, 5);
                       ^~~~~~~~~
                       data_dst2
../src/main.c:85:23: error: 'data_dst4' undeclared (first use in this function); did you mean 'data_dst3'?
  DMATransfer((void *) data_dst4, STREAM_SIZE, recv, 7);
                       ^~~~~~~~~
                       data_dst3
../src/main.c:88:23: error: 'data_src1' undeclared (first use in this function); did you mean 'data_src'?
  DMATransfer((void *) data_src1, STREAM_SIZE, send, 0);
                       ^~~~~~~~~
                       data_src
../src/main.c:89:23: error: 'data_src2' undeclared (first use in this function); did you mean 'data_src1'?
  DMATransfer((void *) data_src2, STREAM_SIZE, send, 2);
                       ^~~~~~~~~
                       data_src1
../src/main.c:90:23: error: 'data_src3' undeclared (first use in this function); did you mean 'data_src2'?
  DMATransfer((void *) data_src3, STREAM_SIZE, send, 4);
                       ^~~~~~~~~
                       data_src2
../src/main.c:91:23: error: 'data_src4' undeclared (first use in this function); did you mean 'data_src3'?
  DMATransfer((void *) data_src4, STREAM_SIZE, send, 6);
                       ^~~~~~~~~
                       data_src3
../src/main.c: In function 'duplex3':
../src/main.c:102:23: error: 'data_dst1' undeclared (first use in this function); did you mean 'data_dst'?
  DMATransfer((void *) data_dst1, STREAM_SIZE, recv, 1);
                       ^~~~~~~~~
                       data_dst
../src/main.c:102:34: error: 'STREAM_SIZE' undeclared (first use in this function); did you mean '_T_SIZE'?
  DMATransfer((void *) data_dst1, STREAM_SIZE, recv, 1);
                                  ^~~~~~~~~~~
                                  _T_SIZE
../src/main.c:103:23: error: 'data_dst2' undeclared (first use in this function); did you mean 'data_dst1'?
  DMATransfer((void *) data_dst2, STREAM_SIZE, recv, 3);
                       ^~~~~~~~~
                       data_dst1
../src/main.c:104:23: error: 'data_dst3' undeclared (first use in this function); did you mean 'data_dst2'?
[...]
make pre-build main-build 
a9-linaro-pre-build-step
 
Building file: ../src/main.c
Invoking: ARM v7 gcc compiler
arm-none-eabi-gcc -Wall -O0 -g3 -c -fmessage-length=0 -MT"src/main.o" -mcpu=cortex-a9 -mfpu=vfpv3 -mfloat-abi=hard -I../../BandwidthAssessment_bsp/ps7_cortexa9_0/include -MMD -MP -MF"src/main.d" -MT"src/main.o" -o "src/main.o" "../src/main.c"
In file included from ../src/main.c:4:0:
../../BandwidthAssessment_bsp/ps7_cortexa9_0/include/xtime_l.h:87:9: note: #pragma message: For the sleep routines, Global timer is being used
 #pragma message ("For the sleep routines, Global timer is being used")
         ^~~~~~~
Finished building: ../src/main.c
 
Building target: BandwidthAssessment.elf
Invoking: ARM v7 gcc linker
arm-none-eabi-gcc -mcpu=cortex-a9 -mfpu=vfpv3 -mfloat-abi=hard -Wl,-build-id=none -specs=Xilinx.spec -Wl,-T -Wl,../src/lscript.ld -L../../BandwidthAssessment_bsp/ps7_cortexa9_0/lib -o "BandwidthAssessment.elf"  ./src/DMAInterface.o ./src/main.o   -lm -Wl,--start-group,-lxil,-lgcc,-lc,--end-group
Finished building target: BandwidthAssessment.elf
 
Invoking: ARM v7 Print Size
arm-none-eabi-size BandwidthAssessment.elf  |tee "BandwidthAssessment.elf.size"
   text	   data	    bss	    dec	    hex	filename
  38212	   2736	  86776	 127724	  1f2ec	BandwidthAssessment.elf
Finished building: BandwidthAssessment.elf.size
 
14:28:43 **** Auto Build of configuration Debug for project BandwidthAssessment ****
make pre-build main-build 
a9-linaro-pre-build-step
 
Building file: ../src/main.c
Invoking: ARM v7 gcc compiler
arm-none-eabi-gcc -Wall -O0 -g3 -c -fmessage-length=0 -MT"src/main.o" -mcpu=cortex-a9 -mfpu=vfpv3 -mfloat-abi=hard -I../../BandwidthAssessment_bsp/ps7_cortexa9_0/include -MMD -MP -MF"src/main.d" -MT"src/main.o" -o "src/main.o" "../src/main.c"
In file included from ../src/main.c:4:0:
../../BandwidthAssessment_bsp/ps7_cortexa9_0/include/xtime_l.h:87:9: note: #pragma message: For the sleep routines, Global timer is being used
 #pragma message ("For the sleep routines, Global timer is being used")
         ^~~~~~~
Finished building: ../src/main.c
 
Building target: BandwidthAssessment.elf
Invoking: ARM v7 gcc linker
arm-none-eabi-gcc -mcpu=cortex-a9 -mfpu=vfpv3 -mfloat-abi=hard -Wl,-build-id=none -specs=Xilinx.spec -Wl,-T -Wl,../src/lscript.ld -L../../BandwidthAssessment_bsp/ps7_cortexa9_0/lib -o "BandwidthAssessment.elf"  ./src/DMAInterface.o ./src/main.o   -lm -Wl,--start-group,-lxil,-lgcc,-lc,--end-group
Finished building target: BandwidthAssessment.elf
 
Invoking: ARM v7 Print Size
arm-none-eabi-size BandwidthAssessment.elf  |tee "BandwidthAssessment.elf.size"
   text	   data	    bss	    dec	    hex	filename
  83996	   3128	  87472	 174596	  2aa04	BandwidthAssessment.elf
Finished building: BandwidthAssessment.elf.size
 
14:28:46 **** Incremental Build of configuration Debug for project BandwidthAssessment ****
make pre-build main-build 
a9-linaro-pre-build-step
 
make: Nothing to be done for `main-build'.
15:33:47 **** Auto Build of project BandwidthAssessment_bsp ****
make -k all 
Running Make include in ps7_cortexa9_0/libsrc/ddrps_v1_0/src
make -C ps7_cortexa9_0/libsrc/ddrps_v1_0/src -s include  "SHELL=/bin/sh" "COMPILER=arm-none-eabi-gcc" "ARCHIVER=arm-none-eabi-ar" "COMPILER_FLAGS=  -O2 -c" "EXTRA_COMPILER_FLAGS=-mcpu=cortex-a9 -mfpu=vfpv3 -mfloat-abi=hard -nostartfiles -g -Wall -Wextra"
Running Make include in ps7_cortexa9_0/libsrc/standalone_v6_8/src
make -C ps7_cortexa9_0/libsrc/standalone_v6_8/src -s include  "SHELL=/bin/sh" "COMPILER=arm-none-eabi-gcc" "ARCHIVER=arm-none-eabi-ar" "COMPILER_FLAGS=  -O2 -c" "EXTRA_COMPILER_FLAGS=-mcpu=cortex-a9 -mfpu=vfpv3 -mfloat-abi=hard -nostartfiles -g -Wall -Wextra"
Running Make include in ps7_cortexa9_0/libsrc/dmaps_v2_4/src
make -C ps7_cortexa9_0/libsrc/dmaps_v2_4/src -s include  "SHELL=/bin/sh" "COMPILER=arm-none-eabi-gcc" "ARCHIVER=arm-none-eabi-ar" "COMPILER_FLAGS=  -O2 -c" "EXTRA_COMPILER_FLAGS=-mcpu=cortex-a9 -mfpu=vfpv3 -mfloat-abi=hard -nostartfiles -g -Wall -Wextra"
Running Make include in ps7_cortexa9_0/libsrc/cpu_cortexa9_v2_7/src
make -C ps7_cortexa9_0/libsrc/cpu_cortexa9_v2_7/src -s include  "SHELL=/bin/sh" "COMPILER=arm-none-eabi-gcc" "ARCHIVER=arm-none-eabi-ar" "COMPILER_FLAGS=  -O2 -c" "EXTRA_COMPILER_FLAGS=-mcpu=cortex-a9 -mfpu=vfpv3 -mfloat-abi=hard -nostartfiles -g -Wall -Wextra"
Running Make include in ps7_cortexa9_0/libsrc/axidma_v9_8/src
make -C ps7_cortexa9_0/libsrc/axidma_v9_8/src -s include  "SHELL=/bin/sh" "COMPILER=arm-none-eabi-gcc" "ARCHIVER=arm-none-eabi-ar" "COMPILER_FLAGS=  -O2 -c" "EXTRA_COMPILER_FLAGS=-mcpu=cortex-a9 -mfpu=vfpv3 -mfloat-abi=hard -nostartfiles -g -Wall -Wextra"
Running Make include in ps7_cortexa9_0/libsrc/scugic_v3_10/src
make -C ps7_cortexa9_0/libsrc/scugic_v3_10/src -s include  "SHELL=/bin/sh" "COMPILER=arm-none-eabi-gcc" "ARCHIVER=arm-none-eabi-ar" "COMPILER_FLAGS=  -O2 -c" "EXTRA_COMPILER_FLAGS=-mcpu=cortex-a9 -mfpu=vfpv3 -mfloat-abi=hard -nostartfiles -g -Wall -Wextra"
Running Make include in ps7_cortexa9_0/libsrc/xadcps_v2_3/src
make -C ps7_cortexa9_0/libsrc/xadcps_v2_3/src -s include  "SHELL=/bin/sh" "COMPILER=arm-none-eabi-gcc" "ARCHIVER=arm-none-eabi-ar" "COMPILER_FLAGS=  -O2 -c" "EXTRA_COMPILER_FLAGS=-mcpu=cortex-a9 -mfpu=vfpv3 -mfloat-abi=hard -nostartfiles -g -Wall -Wextra"
Running Make include in ps7_cortexa9_0/libsrc/devcfg_v3_5/src
make -C ps7_cortexa9_0/libsrc/devcfg_v3_5/src -s include  "SHELL=/bin/sh" "COMPILER=arm-none-eabi-gcc" "ARCHIVER=arm-none-eabi-ar" "COMPILER_FLAGS=  -O2 -c" "EXTRA_COMPILER_FLAGS=-mcpu=cortex-a9 -mfpu=vfpv3 -mfloat-abi=hard -nostartfiles -g -Wall -Wextra"
Running Make include in ps7_cortexa9_0/libsrc/scuwdt_v2_1/src
make -C ps7_cortexa9_0/libsrc/scuwdt_v2_1/src -s include  "SHELL=/bin/sh" "COMPILER=arm-none-eabi-gcc" "ARCHIVER=arm-none-eabi-ar" "COMPILER_FLAGS=  -O2 -c" "EXTRA_COMPILER_FLAGS=-mcpu=cortex-a9 -mfpu=vfpv3 -mfloat-abi=hard -nostartfiles -g -Wall -Wextra"
Running Make include in ps7_cortexa9_0/libsrc/uartps_v3_7/src
make -C ps7_cortexa9_0/libsrc/uartps_v3_7/src -s include  "SHELL=/bin/sh" "COMPILER=arm-none-eabi-gcc" "ARCHIVER=arm-none-eabi-ar" "COMPILER_FLAGS=  -O2 -c" "EXTRA_COMPILER_FLAGS=-mcpu=cortex-a9 -mfpu=vfpv3 -mfloat-abi=hard -nostartfiles -g -Wall -Wextra"
Running Make include in ps7_cortexa9_0/libsrc/coresightps_dcc_v1_4/src
make -C ps7_cortexa9_0/libsrc/coresightps_dcc_v1_4/src -s include  "SHELL=/bin/sh" "COMPILER=arm-none-eabi-gcc" "ARCHIVER=arm-none-eabi-ar" "COMPILER_FLAGS=  -O2 -c" "EXTRA_COMPILER_FLAGS=-mcpu=cortex-a9 -mfpu=vfpv3 -mfloat-abi=hard -nostartfiles -g -Wall -Wextra"
Running Make include in ps7_cortexa9_0/libsrc/scutimer_v2_1/src
make -C ps7_cortexa9_0/libsrc/scutimer_v2_1/src -s include  "SHELL=/bin/sh" "COMPILER=arm-none-eabi-gcc" "ARCHIVER=arm-none-eabi-ar" "COMPILER_FLAGS=  -O2 -c" "EXTRA_COMPILER_FLAGS=-mcpu=cortex-a9 -mfpu=vfpv3 -mfloat-abi=hard -nostartfiles -g -Wall -Wextra"
Running Make libs in ps7_cortexa9_0/libsrc/ddrps_v1_0/src
make -C ps7_cortexa9_0/libsrc/ddrps_v1_0/src -s libs  "SHELL=/bin/sh" "COMPILER=arm-none-eabi-gcc" "ARCHIVER=arm-none-eabi-ar" "COMPILER_FLAGS=  -O2 -c" "EXTRA_COMPILER_FLAGS=-mcpu=cortex-a9 -mfpu=vfpv3 -mfloat-abi=hard -nostartfiles -g -Wall -Wextra"
Compiling ddrps
Running Make libs in ps7_cortexa9_0/libsrc/standalone_v6_8/src
make -C ps7_cortexa9_0/libsrc/standalone_v6_8/src -s libs  "SHELL=/bin/sh" "COMPILER=arm-none-eabi-gcc" "ARCHIVER=arm-none-eabi-ar" "COMPILER_FLAGS=  -O2 -c" "EXTRA_COMPILER_FLAGS=-mcpu=cortex-a9 -mfpu=vfpv3 -mfloat-abi=hard -nostartfiles -g -Wall -Wextra"
Compiling standalone
In file included from xtime_l.c:49:0:
xtime_l.h:87:9: note: #pragma message: For the sleep routines, Global timer is being used
 #pragma message ("For the sleep routines, Global timer is being used")
         ^~~~~~~
In file included from xil_sleeptimer.c:51:0:
xtime_l.h:87:9: note: #pragma message: For the sleep routines, Global timer is being used
 #pragma message ("For the sleep routines, Global timer is being used")
         ^~~~~~~
In file included from sleep.c:53:0:
xtime_l.h:87:9: note: #pragma message: For the sleep routines, Global timer is being used
 #pragma message ("For the sleep routines, Global timer is being used")
         ^~~~~~~
In file included from usleep.c:56:0:
xtime_l.h:87:9: note: #pragma message: For the sleep routines, Global timer is being used
 #pragma message ("For the sleep routines, Global timer is being used")
         ^~~~~~~
Running Make libs in ps7_cortexa9_0/libsrc/dmaps_v2_4/src
make -C ps7_cortexa9_0/libsrc/dmaps_v2_4/src -s libs  "SHELL=/bin/sh" "COMPILER=arm-none-eabi-gcc" "ARCHIVER=arm-none-eabi-ar" "COMPILER_FLAGS=  -O2 -c" "EXTRA_COMPILER_FLAGS=-mcpu=cortex-a9 -mfpu=vfpv3 -mfloat-abi=hard -nostartfiles -g -Wall -Wextra"
Compiling dmaps
Running Make libs in ps7_cortexa9_0/libsrc/cpu_cortexa9_v2_7/src
make -C ps7_cortexa9_0/libsrc/cpu_cortexa9_v2_7/src -s libs  "SHELL=/bin/sh" "COMPILER=arm-none-eabi-gcc" "ARCHIVER=arm-none-eabi-ar" "COMPILER_FLAGS=  -O2 -c" "EXTRA_COMPILER_FLAGS=-mcpu=cortex-a9 -mfpu=vfpv3 -mfloat-abi=hard -nostartfiles -g -Wall -Wextra"
Compiling cpu_cortexa9
Running Make libs in ps7_cortexa9_0/libsrc/axidma_v9_8/src
make -C ps7_cortexa9_0/libsrc/axidma_v9_8/src -s libs  "SHELL=/bin/sh" "COMPILER=arm-none-eabi-gcc" "ARCHIVER=arm-none-eabi-ar" "COMPILER_FLAGS=  -O2 -c" "EXTRA_COMPILER_FLAGS=-mcpu=cortex-a9 -mfpu=vfpv3 -mfloat-abi=hard -nostartfiles -g -Wall -Wextra"
Compiling axidma
Running Make libs in ps7_cortexa9_0/libsrc/scugic_v3_10/src
make -C ps7_cortexa9_0/libsrc/scugic_v3_10/src -s libs  "SHELL=/bin/sh" "COMPILER=arm-none-eabi-gcc" "ARCHIVER=arm-none-eabi-ar" "COMPILER_FLAGS=  -O2 -c" "EXTRA_COMPILER_FLAGS=-mcpu=cortex-a9 -mfpu=vfpv3 -mfloat-abi=hard -nostartfiles -g -Wall -Wextra"
Compiling scugic
Running Make libs in ps7_cortexa9_0/libsrc/xadcps_v2_3/src
make -C ps7_cortexa9_0/libsrc/xadcps_v2_3/src -s libs  "SHELL=/bin/sh" "COMPILER=arm-none-eabi-gcc" "ARCHIVER=arm-none-eabi-ar" "COMPILER_FLAGS=  -O2 -c" "EXTRA_COMPILER_FLAGS=-mcpu=cortex-a9 -mfpu=vfpv3 -mfloat-abi=hard -nostartfiles -g -Wall -Wextra"
Compiling xadcps
Running Make libs in ps7_cortexa9_0/libsrc/devcfg_v3_5/src
make -C ps7_cortexa9_0/libsrc/devcfg_v3_5/src -s libs  "SHELL=/bin/sh" "COMPILER=arm-none-eabi-gcc" "ARCHIVER=arm-none-eabi-ar" "COMPILER_FLAGS=  -O2 -c" "EXTRA_COMPILER_FLAGS=-mcpu=cortex-a9 -mfpu=vfpv3 -mfloat-abi=hard -nostartfiles -g -Wall -Wextra"
Compiling devcfg
Running Make libs in ps7_cortexa9_0/libsrc/scuwdt_v2_1/src
make -C ps7_cortexa9_0/libsrc/scuwdt_v2_1/src -s libs  "SHELL=/bin/sh" "COMPILER=arm-none-eabi-gcc" "ARCHIVER=arm-none-eabi-ar" "COMPILER_FLAGS=  -O2 -c" "EXTRA_COMPILER_FLAGS=-mcpu=cortex-a9 -mfpu=vfpv3 -mfloat-abi=hard -nostartfiles -g -Wall -Wextra"
Compiling scuwdt
Running Make libs in ps7_cortexa9_0/libsrc/uartps_v3_7/src
make -C ps7_cortexa9_0/libsrc/uartps_v3_7/src -s libs  "SHELL=/bin/sh" "COMPILER=arm-none-eabi-gcc" "ARCHIVER=arm-none-eabi-ar" "COMPILER_FLAGS=  -O2 -c" "EXTRA_COMPILER_FLAGS=-mcpu=cortex-a9 -mfpu=vfpv3 -mfloat-abi=hard -nostartfiles -g -Wall -Wextra"
Compiling uartps
Running Make libs in ps7_cortexa9_0/libsrc/coresightps_dcc_v1_4/src
make -C ps7_cortexa9_0/libsrc/coresightps_dcc_v1_4/src -s libs  "SHELL=/bin/sh" "COMPILER=arm-none-eabi-gcc" "ARCHIVER=arm-none-eabi-ar" "COMPILER_FLAGS=  -O2 -c" "EXTRA_COMPILER_FLAGS=-mcpu=cortex-a9 -mfpu=vfpv3 -mfloat-abi=hard -nostartfiles -g -Wall -Wextra"
Compiling coresightps_dcc
Running Make libs in ps7_cortexa9_0/libsrc/scutimer_v2_1/src
make -C ps7_cortexa9_0/libsrc/scutimer_v2_1/src -s libs  "SHELL=/bin/sh" "COMPILER=arm-none-eabi-gcc" "ARCHIVER=arm-none-eabi-ar" "COMPILER_FLAGS=  -O2 -c" "EXTRA_COMPILER_FLAGS=-mcpu=cortex-a9 -mfpu=vfpv3 -mfloat-abi=hard -nostartfiles -g -Wall -Wextra"
Compiling scutimer
Finished building libraries
15:34:07 **** Auto Build of configuration Debug for project BandwidthAssessment ****
make pre-build main-build 
a9-linaro-pre-build-step
 
Building file: ../src/DMAInterface.c
Invoking: ARM v7 gcc compiler
arm-none-eabi-gcc -Wall -O0 -g3 -c -fmessage-length=0 -MT"src/DMAInterface.o" -mcpu=cortex-a9 -mfpu=vfpv3 -mfloat-abi=hard -I../../BandwidthAssessment_bsp/ps7_cortexa9_0/include -MMD -MP -MF"src/DMAInterface.d" -MT"src/DMAInterface.o" -o "src/DMAInterface.o" "../src/DMAInterface.c"
Finished building: ../src/DMAInterface.c
 
Building file: ../src/main.c
Invoking: ARM v7 gcc compiler
arm-none-eabi-gcc -Wall -O0 -g3 -c -fmessage-length=0 -MT"src/main.o" -mcpu=cortex-a9 -mfpu=vfpv3 -mfloat-abi=hard -I../../BandwidthAssessment_bsp/ps7_cortexa9_0/include -MMD -MP -MF"src/main.d" -MT"src/main.o" -o "src/main.o" "../src/main.c"
In file included from ../src/main.c:4:0:
../../BandwidthAssessment_bsp/ps7_cortexa9_0/include/xtime_l.h:87:9: note: #pragma message: For the sleep routines, Global timer is being used
 #pragma message ("For the sleep routines, Global timer is being used")
         ^~~~~~~
Finished building: ../src/main.c
 
Building target: BandwidthAssessment.elf
Invoking: ARM v7 gcc linker
arm-none-eabi-gcc -mcpu=cortex-a9 -mfpu=vfpv3 -mfloat-abi=hard -Wl,-build-id=none -specs=Xilinx.spec -Wl,-T -Wl,../src/lscript.ld -L../../BandwidthAssessment_bsp/ps7_cortexa9_0/lib -o "BandwidthAssessment.elf"  ./src/DMAInterface.o ./src/main.o   -lm -Wl,--start-group,-lxil,-lgcc,-lc,--end-group
Finished building target: BandwidthAssessment.elf
 
Invoking: ARM v7 Print Size
arm-none-eabi-size BandwidthAssessment.elf  |tee "BandwidthAssessment.elf.size"
   text	   data	    bss	    dec	    hex	filename
  83996	   3128	  87472	 174596	  2aa04	BandwidthAssessment.elf
Finished building: BandwidthAssessment.elf.size
 
15:35:50 **** Incremental Build of configuration Debug for project BandwidthAssessment ****
make pre-build main-build 
a9-linaro-pre-build-step
 
make: Nothing to be done for `main-build'.
15:38:42 **** Auto Build of configuration Debug for project BandwidthAssessment ****
make pre-build main-build 
a9-linaro-pre-build-step
 
Building file: ../src/main.c
Invoking: ARM v7 gcc compiler
arm-none-eabi-gcc -Wall -O0 -g3 -c -fmessage-length=0 -MT"src/main.o" -mcpu=cortex-a9 -mfpu=vfpv3 -mfloat-abi=hard -I../../BandwidthAssessment_bsp/ps7_cortexa9_0/include -MMD -MP -MF"src/main.d" -MT"src/main.o" -o "src/main.o" "../src/main.c"
In file included from ../src/main.c:4:0:
../../BandwidthAssessment_bsp/ps7_cortexa9_0/include/xtime_l.h:87:9: note: #pragma message: For the sleep routines, Global timer is being used
 #pragma message ("For the sleep routines, Global timer is being used")
         ^~~~~~~
Finished building: ../src/main.c
 
Building target: BandwidthAssessment.elf
Invoking: ARM v7 gcc linker
arm-none-eabi-gcc -mcpu=cortex-a9 -mfpu=vfpv3 -mfloat-abi=hard -Wl,-build-id=none -specs=Xilinx.spec -Wl,-T -Wl,../src/lscript.ld -L../../BandwidthAssessment_bsp/ps7_cortexa9_0/lib -o "BandwidthAssessment.elf"  ./src/DMAInterface.o ./src/main.o   -lm -Wl,--start-group,-lxil,-lgcc,-lc,--end-group
Finished building target: BandwidthAssessment.elf
 
Invoking: ARM v7 Print Size
arm-none-eabi-size BandwidthAssessment.elf  |tee "BandwidthAssessment.elf.size"
   text	   data	    bss	    dec	    hex	filename
  84124	   3128	  87472	 174724	  2aa84	BandwidthAssessment.elf
Finished building: BandwidthAssessment.elf.size
 
15:39:21 **** Auto Build of configuration Debug for project BandwidthAssessment ****
make pre-build main-build 
a9-linaro-pre-build-step
 
Building file: ../src/main.c
Invoking: ARM v7 gcc compiler
arm-none-eabi-gcc -Wall -O0 -g3 -c -fmessage-length=0 -MT"src/main.o" -mcpu=cortex-a9 -mfpu=vfpv3 -mfloat-abi=hard -I../../BandwidthAssessment_bsp/ps7_cortexa9_0/include -MMD -MP -MF"src/main.d" -MT"src/main.o" -o "src/main.o" "../src/main.c"
In file included from ../src/main.c:4:0:
../../BandwidthAssessment_bsp/ps7_cortexa9_0/include/xtime_l.h:87:9: note: #pragma message: For the sleep routines, Global timer is being used
 #pragma message ("For the sleep routines, Global timer is being used")
         ^~~~~~~
Finished building: ../src/main.c
 
Building target: BandwidthAssessment.elf
Invoking: ARM v7 gcc linker
arm-none-eabi-gcc -mcpu=cortex-a9 -mfpu=vfpv3 -mfloat-abi=hard -Wl,-build-id=none -specs=Xilinx.spec -Wl,-T -Wl,../src/lscript.ld -L../../BandwidthAssessment_bsp/ps7_cortexa9_0/lib -o "BandwidthAssessment.elf"  ./src/DMAInterface.o ./src/main.o   -lm -Wl,--start-group,-lxil,-lgcc,-lc,--end-group
Finished building target: BandwidthAssessment.elf
 
Invoking: ARM v7 Print Size
arm-none-eabi-size BandwidthAssessment.elf  |tee "BandwidthAssessment.elf.size"
   text	   data	    bss	    dec	    hex	filename
  84148	   3128	  87472	 174748	  2aa9c	BandwidthAssessment.elf
Finished building: BandwidthAssessment.elf.size
 
15:39:35 **** Incremental Build of configuration Debug for project BandwidthAssessment ****
make pre-build main-build 
a9-linaro-pre-build-step
 
make: Nothing to be done for `main-build'.
15:40:01 **** Auto Build of configuration Debug for project BandwidthAssessment ****
make pre-build main-build 
a9-linaro-pre-build-step
 
Building file: ../src/main.c
Invoking: ARM v7 gcc compiler
arm-none-eabi-gcc -Wall -O0 -g3 -c -fmessage-length=0 -MT"src/main.o" -mcpu=cortex-a9 -mfpu=vfpv3 -mfloat-abi=hard -I../../BandwidthAssessment_bsp/ps7_cortexa9_0/include -MMD -MP -MF"src/main.d" -MT"src/main.o" -o "src/main.o" "../src/main.c"
In file included from ../src/main.c:4:0:
../../BandwidthAssessment_bsp/ps7_cortexa9_0/include/xtime_l.h:87:9: note: #pragma message: For the sleep routines, Global timer is being used
 #pragma message ("For the sleep routines, Global timer is being used")
         ^~~~~~~
Finished building: ../src/main.c
 
Building target: BandwidthAssessment.elf
Invoking: ARM v7 gcc linker
arm-none-eabi-gcc -mcpu=cortex-a9 -mfpu=vfpv3 -mfloat-abi=hard -Wl,-build-id=none -specs=Xilinx.spec -Wl,-T -Wl,../src/lscript.ld -L../../BandwidthAssessment_bsp/ps7_cortexa9_0/lib -o "BandwidthAssessment.elf"  ./src/DMAInterface.o ./src/main.o   -lm -Wl,--start-group,-lxil,-lgcc,-lc,--end-group
Finished building target: BandwidthAssessment.elf
 
Invoking: ARM v7 Print Size
arm-none-eabi-size BandwidthAssessment.elf  |tee "BandwidthAssessment.elf.size"
   text	   data	    bss	    dec	    hex	filename
  84148	   3128	  87472	 174748	  2aa9c	BandwidthAssessment.elf
Finished building: BandwidthAssessment.elf.size
 
15:41:04 **** Auto Build of configuration Debug for project BandwidthAssessment ****
make pre-build main-build 
a9-linaro-pre-build-step
 
Building file: ../src/main.c
Invoking: ARM v7 gcc compiler
arm-none-eabi-gcc -Wall -O0 -g3 -c -fmessage-length=0 -MT"src/main.o" -mcpu=cortex-a9 -mfpu=vfpv3 -mfloat-abi=hard -I../../BandwidthAssessment_bsp/ps7_cortexa9_0/include -MMD -MP -MF"src/main.d" -MT"src/main.o" -o "src/main.o" "../src/main.c"
In file included from ../src/main.c:4:0:
../../BandwidthAssessment_bsp/ps7_cortexa9_0/include/xtime_l.h:87:9: note: #pragma message: For the sleep routines, Global timer is being used
 #pragma message ("For the sleep routines, Global timer is being used")
         ^~~~~~~
Finished building: ../src/main.c
 
Building target: BandwidthAssessment.elf
Invoking: ARM v7 gcc linker
arm-none-eabi-gcc -mcpu=cortex-a9 -mfpu=vfpv3 -mfloat-abi=hard -Wl,-build-id=none -specs=Xilinx.spec -Wl,-T -Wl,../src/lscript.ld -L../../BandwidthAssessment_bsp/ps7_cortexa9_0/lib -o "BandwidthAssessment.elf"  ./src/DMAInterface.o ./src/main.o   -lm -Wl,--start-group,-lxil,-lgcc,-lc,--end-group
Finished building target: BandwidthAssessment.elf
 
Invoking: ARM v7 Print Size
arm-none-eabi-size BandwidthAssessment.elf  |tee "BandwidthAssessment.elf.size"
   text	   data	    bss	    dec	    hex	filename
  84156	   3128	  87472	 174756	  2aaa4	BandwidthAssessment.elf
Finished building: BandwidthAssessment.elf.size
 
15:41:27 **** Incremental Build of configuration Debug for project BandwidthAssessment ****
make pre-build main-build 
a9-linaro-pre-build-step
 
make: Nothing to be done for `main-build'.
